18:42:53 **** Incremental Build of configuration Debug for project BLE_RCC_CARATTERISTICHE ****
make -j8 all 
arm-none-eabi-gcc "../STM32_WPAN/App/custom_app.c" -mcpu=cortex-m4 -std=gnu11 -g3 -DDEBUG -DUSE_HAL_DRIVER -DSTM32WB5Mxx -c -I../Core/Inc -I../Drivers/STM32WBxx_HAL_Driver/Inc -I../Drivers/STM32WBxx_HAL_Driver/Inc/Legacy -I../Drivers/CMSIS/Device/ST/STM32WBxx/Include -I../Drivers/CMSIS/Include -I../STM32_WPAN/App -I../Utilities/lpm/tiny_lpm -I../Middlewares/ST/STM32_WPAN -I../Middlewares/ST/STM32_WPAN/interface/patterns/ble_thread -I../Middlewares/ST/STM32_WPAN/interface/patterns/ble_thread/tl -I../Middlewares/ST/STM32_WPAN/interface/patterns/ble_thread/shci -I../Middlewares/ST/STM32_WPAN/utilities -I../Middlewares/ST/STM32_WPAN/ble/core -I../Middlewares/ST/STM32_WPAN/ble/core/auto -I../Middlewares/ST/STM32_WPAN/ble/core/template -I../Middlewares/ST/STM32_WPAN/ble/svc/Inc -I../Middlewares/ST/STM32_WPAN/ble/svc/Src -I../Utilities/sequencer -I../Middlewares/ST/STM32_WPAN/ble -O0 -ffunction-sections -fdata-sections -Wall -fstack-usage -fcyclomatic-complexity -MMD -MP -MF"STM32_WPAN/App/custom_app.d" -MT"STM32_WPAN/App/custom_app.o" --specs=nano.specs -mfpu=fpv4-sp-d16 -mfloat-abi=hard -mthumb -o "STM32_WPAN/App/custom_app.o"
arm-none-eabi-gcc -o "BLE_RCC_CARATTERISTICHE.elf" @"objects.list"   -mcpu=cortex-m4 -T"/home/emilio/Documenti/universita/tesi/STMCubeIDE/workspace/BLE_RCC_CARATTERISTICHE/STM32WB5MMGHX_FLASH.ld" --specs=nosys.specs -Wl,-Map="BLE_RCC_CARATTERISTICHE.map" -Wl,--gc-sections -static --specs=nano.specs -mfpu=fpv4-sp-d16 -mfloat-abi=hard -mthumb -Wl,--start-group -lc -lm -Wl,--end-group
Finished building target: BLE_RCC_CARATTERISTICHE.elf
 
arm-none-eabi-size  BLE_RCC_CARATTERISTICHE.elf 
arm-none-eabi-objdump -h -S BLE_RCC_CARATTERISTICHE.elf  > "BLE_RCC_CARATTERISTICHE.list"
   text	   data	    bss	    dec	    hex	filename
  71208	   2389	   8939	  82536	  14268	BLE_RCC_CARATTERISTICHE.elf
Finished building: default.size.stdout
 
Finished building: BLE_RCC_CARATTERISTICHE.list
 

18:42:53 Build Finished. 0 errors, 0 warnings. (took 477ms)

