18:55:59 **** Incremental Build of configuration Debug for project MEMORY_STM32WL ****
make -j8 all 
arm-none-eabi-gcc "../Core/Src/MX25L4x/MX25L4x.c" -mcpu=cortex-m4 -std=gnu11 -g3 -DDEBUG -DCORE_CM4 -DUSE_HAL_DRIVER -DSTM32WL5Mxx -c -I../Core/Inc -I../Drivers/STM32WLxx_HAL_Driver/Inc -I../Drivers/STM32WLxx_HAL_Driver/Inc/Legacy -I../Drivers/CMSIS/Device/ST/STM32WLxx/Include -I../Drivers/CMSIS/Include -O0 -ffunction-sections -fdata-sections -Wall -fstack-usage -fcyclomatic-complexity -MMD -MP -MF"Core/Src/MX25L4x/MX25L4x.d" -MT"Core/Src/MX25L4x/MX25L4x.o" --specs=nano.specs -mfloat-abi=soft -mthumb -o "Core/Src/MX25L4x/MX25L4x.o"
../Core/Src/MX25L4x/MX25L4x.c: In function 'MEM_Write':
../Core/Src/MX25L4x/MX25L4x.c:375:30: warning: implicit declaration of function 'malloc' [-Wimplicit-function-declaration]
  375 |         uint8_t *cmdWRITE  = malloc((size_t) (size + 1 + 3));
      |                              ^~~~~~
../Core/Src/MX25L4x/MX25L4x.c:11:1: note: include '<stdlib.h>' or provide a declaration of 'malloc'
   10 | #include <stm32wlxx_hal_def.h>
  +++ |+#include <stdlib.h>
   11 | #include <stm32wlxx_hal_gpio.h>
../Core/Src/MX25L4x/MX25L4x.c:375:30: warning: incompatible implicit declaration of built-in function 'malloc' [-Wbuiltin-declaration-mismatch]
  375 |         uint8_t *cmdWRITE  = malloc((size_t) (size + 1 + 3));
      |                              ^~~~~~
../Core/Src/MX25L4x/MX25L4x.c:375:30: note: include '<stdlib.h>' or provide a declaration of 'malloc'
arm-none-eabi-gcc -o "MEMORY_STM32WL.elf" @"objects.list"   -mcpu=cortex-m4 -T"/home/emilio/Documenti/universita/tesi/STMCubeIDE/workspace/MEMORY_STM32WL/STM32WL5MOCHX_FLASH.ld" --specs=nosys.specs -Wl,-Map="MEMORY_STM32WL.map" -Wl,--gc-sections -static --specs=nano.specs -mfloat-abi=soft -mthumb -Wl,--start-group -lc -lm -Wl,--end-group
Finished building target: MEMORY_STM32WL.elf
 
arm-none-eabi-size  MEMORY_STM32WL.elf 
arm-none-eabi-objdump -h -S MEMORY_STM32WL.elf  > "MEMORY_STM32WL.list"
   text	   data	    bss	    dec	    hex	filename
   7952	     12	   1668	   9632	   25a0	MEMORY_STM32WL.elf
Finished building: default.size.stdout
 
Finished building: MEMORY_STM32WL.list
 

18:56:00 Build Finished. 0 errors, 2 warnings. (took 216ms)

