16:46:30 **** Build of configuration Debug for project STM32WB55_NUCLEO_RTC_Calendar_Init ****
make -j8 all 
arm-none-eabi-gcc "/home/emilio/Documenti/universita/tesi/STMCubeIDE/STM32Cube_FW_WB_V1.24.0/Drivers/STM32WBxx_HAL_Driver/Src/stm32wbxx_ll_exti.c" -mcpu=cortex-m4 -std=gnu11 -g3 -DHSE_VALUE=8000000 -DLSI_VALUE=32000 -DHSE_STARTUP_TIMEOUT=100 -DHSI_VALUE=16000000 -DLSE_STARTUP_TIMEOUT=5000 -DDEBUG -DLSE_VALUE=32768 -DSTM32WB55xx -DDATA_CACHE_ENABLE=1 -DVDD_VALUE=3300 -DINSTRUCTION_CACHE_ENABLE=1 -DUSE_FULL_LL_DRIVER -DEXTERNALSAI1_CLOCK_VALUE=2097000 -DPREFETCH_ENABLE=0 -c -I../../Inc -I../../../../../../../Drivers/STM32WBxx_HAL_Driver/Inc -I../../../../../../../Drivers/CMSIS/Device/ST/STM32WBxx/Include -I../../../../../../../Drivers/CMSIS/Include -O0 -ffunction-sections -fdata-sections -Wall -fstack-usage -fcyclomatic-complexity -MMD -MP -MF"Drivers/STM32WBxx_HAL_Driver/stm32wbxx_ll_exti.d" -MT"Drivers/STM32WBxx_HAL_Driver/stm32wbxx_ll_exti.o" --specs=nano.specs -mfpu=fpv4-sp-d16 -mfloat-abi=hard -mthumb -o "Drivers/STM32WBxx_HAL_Driver/stm32wbxx_ll_exti.o"
arm-none-eabi-gcc "/home/emilio/Documenti/universita/tesi/STMCubeIDE/STM32Cube_FW_WB_V1.24.0/Drivers/STM32WBxx_HAL_Driver/Src/stm32wbxx_ll_gpio.c" -mcpu=cortex-m4 -std=gnu11 -g3 -DHSE_VALUE=8000000 -DLSI_VALUE=32000 -DHSE_STARTUP_TIMEOUT=100 -DHSI_VALUE=16000000 -DLSE_STARTUP_TIMEOUT=5000 -DDEBUG -DLSE_VALUE=32768 -DSTM32WB55xx -DDATA_CACHE_ENABLE=1 -DVDD_VALUE=3300 -DINSTRUCTION_CACHE_ENABLE=1 -DUSE_FULL_LL_DRIVER -DEXTERNALSAI1_CLOCK_VALUE=2097000 -DPREFETCH_ENABLE=0 -c -I../../Inc -I../../../../../../../Drivers/STM32WBxx_HAL_Driver/Inc -I../../../../../../../Drivers/CMSIS/Device/ST/STM32WBxx/Include -I../../../../../../../Drivers/CMSIS/Include -O0 -ffunction-sections -fdata-sections -Wall -fstack-usage -fcyclomatic-complexity -MMD -MP -MF"Drivers/STM32WBxx_HAL_Driver/stm32wbxx_ll_gpio.d" -MT"Drivers/STM32WBxx_HAL_Driver/stm32wbxx_ll_gpio.o" --specs=nano.specs -mfpu=fpv4-sp-d16 -mfloat-abi=hard -mthumb -o "Drivers/STM32WBxx_HAL_Driver/stm32wbxx_ll_gpio.o"
arm-none-eabi-gcc "/home/emilio/Documenti/universita/tesi/STMCubeIDE/STM32Cube_FW_WB_V1.24.0/Drivers/STM32WBxx_HAL_Driver/Src/stm32wbxx_ll_pwr.c" -mcpu=cortex-m4 -std=gnu11 -g3 -DHSE_VALUE=8000000 -DLSI_VALUE=32000 -DHSE_STARTUP_TIMEOUT=100 -DHSI_VALUE=16000000 -DLSE_STARTUP_TIMEOUT=5000 -DDEBUG -DLSE_VALUE=32768 -DSTM32WB55xx -DDATA_CACHE_ENABLE=1 -DVDD_VALUE=3300 -DINSTRUCTION_CACHE_ENABLE=1 -DUSE_FULL_LL_DRIVER -DEXTERNALSAI1_CLOCK_VALUE=2097000 -DPREFETCH_ENABLE=0 -c -I../../Inc -I../../../../../../../Drivers/STM32WBxx_HAL_Driver/Inc -I../../../../../../../Drivers/CMSIS/Device/ST/STM32WBxx/Include -I../../../../../../../Drivers/CMSIS/Include -O0 -ffunction-sections -fdata-sections -Wall -fstack-usage -fcyclomatic-complexity -MMD -MP -MF"Drivers/STM32WBxx_HAL_Driver/stm32wbxx_ll_pwr.d" -MT"Drivers/STM32WBxx_HAL_Driver/stm32wbxx_ll_pwr.o" --specs=nano.specs -mfpu=fpv4-sp-d16 -mfloat-abi=hard -mthumb -o "Drivers/STM32WBxx_HAL_Driver/stm32wbxx_ll_pwr.o"
arm-none-eabi-gcc "/home/emilio/Documenti/universita/tesi/STMCubeIDE/STM32Cube_FW_WB_V1.24.0/Drivers/STM32WBxx_HAL_Driver/Src/stm32wbxx_ll_rtc.c" -mcpu=cortex-m4 -std=gnu11 -g3 -DHSE_VALUE=8000000 -DLSI_VALUE=32000 -DHSE_STARTUP_TIMEOUT=100 -DHSI_VALUE=16000000 -DLSE_STARTUP_TIMEOUT=5000 -DDEBUG -DLSE_VALUE=32768 -DSTM32WB55xx -DDATA_CACHE_ENABLE=1 -DVDD_VALUE=3300 -DINSTRUCTION_CACHE_ENABLE=1 -DUSE_FULL_LL_DRIVER -DEXTERNALSAI1_CLOCK_VALUE=2097000 -DPREFETCH_ENABLE=0 -c -I../../Inc -I../../../../../../../Drivers/STM32WBxx_HAL_Driver/Inc -I../../../../../../../Drivers/CMSIS/Device/ST/STM32WBxx/Include -I../../../../../../../Drivers/CMSIS/Include -O0 -ffunction-sections -fdata-sections -Wall -fstack-usage -fcyclomatic-complexity -MMD -MP -MF"Drivers/STM32WBxx_HAL_Driver/stm32wbxx_ll_rtc.d" -MT"Drivers/STM32WBxx_HAL_Driver/stm32wbxx_ll_rtc.o" --specs=nano.specs -mfpu=fpv4-sp-d16 -mfloat-abi=hard -mthumb -o "Drivers/STM32WBxx_HAL_Driver/stm32wbxx_ll_rtc.o"
arm-none-eabi-gcc "/home/emilio/Documenti/universita/tesi/STMCubeIDE/STM32Cube_FW_WB_V1.24.0/Drivers/STM32WBxx_HAL_Driver/Src/stm32wbxx_ll_utils.c" -mcpu=cortex-m4 -std=gnu11 -g3 -DHSE_VALUE=8000000 -DLSI_VALUE=32000 -DHSE_STARTUP_TIMEOUT=100 -DHSI_VALUE=16000000 -DLSE_STARTUP_TIMEOUT=5000 -DDEBUG -DLSE_VALUE=32768 -DSTM32WB55xx -DDATA_CACHE_ENABLE=1 -DVDD_VALUE=3300 -DINSTRUCTION_CACHE_ENABLE=1 -DUSE_FULL_LL_DRIVER -DEXTERNALSAI1_CLOCK_VALUE=2097000 -DPREFETCH_ENABLE=0 -c -I../../Inc -I../../../../../../../Drivers/STM32WBxx_HAL_Driver/Inc -I../../../../../../../Drivers/CMSIS/Device/ST/STM32WBxx/Include -I../../../../../../../Drivers/CMSIS/Include -O0 -ffunction-sections -fdata-sections -Wall -fstack-usage -fcyclomatic-complexity -MMD -MP -MF"Drivers/STM32WBxx_HAL_Driver/stm32wbxx_ll_utils.d" -MT"Drivers/STM32WBxx_HAL_Driver/stm32wbxx_ll_utils.o" --specs=nano.specs -mfpu=fpv4-sp-d16 -mfloat-abi=hard -mthumb -o "Drivers/STM32WBxx_HAL_Driver/stm32wbxx_ll_utils.o"
arm-none-eabi-gcc "/home/emilio/Documenti/universita/tesi/STMCubeIDE/STM32Cube_FW_WB_V1.24.0/Projects/P-NUCLEO-WB55.Nucleo/Examples_LL/RTC/RTC_Calendar_Init/Src/system_stm32wbxx.c" -mcpu=cortex-m4 -std=gnu11 -g3 -DHSE_VALUE=8000000 -DLSI_VALUE=32000 -DHSE_STARTUP_TIMEOUT=100 -DHSI_VALUE=16000000 -DLSE_STARTUP_TIMEOUT=5000 -DDEBUG -DLSE_VALUE=32768 -DSTM32WB55xx -DDATA_CACHE_ENABLE=1 -DVDD_VALUE=3300 -DINSTRUCTION_CACHE_ENABLE=1 -DUSE_FULL_LL_DRIVER -DEXTERNALSAI1_CLOCK_VALUE=2097000 -DPREFETCH_ENABLE=0 -c -I../../Inc -I../../../../../../../Drivers/STM32WBxx_HAL_Driver/Inc -I../../../../../../../Drivers/CMSIS/Device/ST/STM32WBxx/Include -I../../../../../../../Drivers/CMSIS/Include -O0 -ffunction-sections -fdata-sections -Wall -fstack-usage -fcyclomatic-complexity -MMD -MP -MF"Drivers/CMSIS/system_stm32wbxx.d" -MT"Drivers/CMSIS/system_stm32wbxx.o" --specs=nano.specs -mfpu=fpv4-sp-d16 -mfloat-abi=hard -mthumb -o "Drivers/CMSIS/system_stm32wbxx.o"
arm-none-eabi-gcc "/home/emilio/Documenti/universita/tesi/STMCubeIDE/STM32Cube_FW_WB_V1.24.0/Projects/P-NUCLEO-WB55.Nucleo/Examples_LL/RTC/RTC_Calendar_Init/Src/main.c" -mcpu=cortex-m4 -std=gnu11 -g3 -DHSE_VALUE=8000000 -DLSI_VALUE=32000 -DHSE_STARTUP_TIMEOUT=100 -DHSI_VALUE=16000000 -DLSE_STARTUP_TIMEOUT=5000 -DDEBUG -DLSE_VALUE=32768 -DSTM32WB55xx -DDATA_CACHE_ENABLE=1 -DVDD_VALUE=3300 -DINSTRUCTION_CACHE_ENABLE=1 -DUSE_FULL_LL_DRIVER -DEXTERNALSAI1_CLOCK_VALUE=2097000 -DPREFETCH_ENABLE=0 -c -I../../Inc -I../../../../../../../Drivers/STM32WBxx_HAL_Driver/Inc -I../../../../../../../Drivers/CMSIS/Device/ST/STM32WBxx/Include -I../../../../../../../Drivers/CMSIS/Include -O0 -ffunction-sections -fdata-sections -Wall -fstack-usage -fcyclomatic-complexity -MMD -MP -MF"Application/User/main.d" -MT"Application/User/main.o" --specs=nano.specs -mfpu=fpv4-sp-d16 -mfloat-abi=hard -mthumb -o "Application/User/main.o"
arm-none-eabi-gcc "/home/emilio/Documenti/universita/tesi/STMCubeIDE/STM32Cube_FW_WB_V1.24.0/Projects/P-NUCLEO-WB55.Nucleo/Examples_LL/RTC/RTC_Calendar_Init/Src/stm32wbxx_it.c" -mcpu=cortex-m4 -std=gnu11 -g3 -DHSE_VALUE=8000000 -DLSI_VALUE=32000 -DHSE_STARTUP_TIMEOUT=100 -DHSI_VALUE=16000000 -DLSE_STARTUP_TIMEOUT=5000 -DDEBUG -DLSE_VALUE=32768 -DSTM32WB55xx -DDATA_CACHE_ENABLE=1 -DVDD_VALUE=3300 -DINSTRUCTION_CACHE_ENABLE=1 -DUSE_FULL_LL_DRIVER -DEXTERNALSAI1_CLOCK_VALUE=2097000 -DPREFETCH_ENABLE=0 -c -I../../Inc -I../../../../../../../Drivers/STM32WBxx_HAL_Driver/Inc -I../../../../../../../Drivers/CMSIS/Device/ST/STM32WBxx/Include -I../../../../../../../Drivers/CMSIS/Include -O0 -ffunction-sections -fdata-sections -Wall -fstack-usage -fcyclomatic-complexity -MMD -MP -MF"Application/User/stm32wbxx_it.d" -MT"Application/User/stm32wbxx_it.o" --specs=nano.specs -mfpu=fpv4-sp-d16 -mfloat-abi=hard -mthumb -o "Application/User/stm32wbxx_it.o"
arm-none-eabi-gcc "../Application/User/syscalls.c" -mcpu=cortex-m4 -std=gnu11 -g3 -DHSE_VALUE=8000000 -DLSI_VALUE=32000 -DHSE_STARTUP_TIMEOUT=100 -DHSI_VALUE=16000000 -DLSE_STARTUP_TIMEOUT=5000 -DDEBUG -DLSE_VALUE=32768 -DSTM32WB55xx -DDATA_CACHE_ENABLE=1 -DVDD_VALUE=3300 -DINSTRUCTION_CACHE_ENABLE=1 -DUSE_FULL_LL_DRIVER -DEXTERNALSAI1_CLOCK_VALUE=2097000 -DPREFETCH_ENABLE=0 -c -I../../Inc -I../../../../../../../Drivers/STM32WBxx_HAL_Driver/Inc -I../../../../../../../Drivers/CMSIS/Device/ST/STM32WBxx/Include -I../../../../../../../Drivers/CMSIS/Include -O0 -ffunction-sections -fdata-sections -Wall -fstack-usage -fcyclomatic-complexity -MMD -MP -MF"Application/User/syscalls.d" -MT"Application/User/syscalls.o" --specs=nano.specs -mfpu=fpv4-sp-d16 -mfloat-abi=hard -mthumb -o "Application/User/syscalls.o"
arm-none-eabi-gcc "../Application/User/sysmem.c" -mcpu=cortex-m4 -std=gnu11 -g3 -DHSE_VALUE=8000000 -DLSI_VALUE=32000 -DHSE_STARTUP_TIMEOUT=100 -DHSI_VALUE=16000000 -DLSE_STARTUP_TIMEOUT=5000 -DDEBUG -DLSE_VALUE=32768 -DSTM32WB55xx -DDATA_CACHE_ENABLE=1 -DVDD_VALUE=3300 -DINSTRUCTION_CACHE_ENABLE=1 -DUSE_FULL_LL_DRIVER -DEXTERNALSAI1_CLOCK_VALUE=2097000 -DPREFETCH_ENABLE=0 -c -I../../Inc -I../../../../../../../Drivers/STM32WBxx_HAL_Driver/Inc -I../../../../../../../Drivers/CMSIS/Device/ST/STM32WBxx/Include -I../../../../../../../Drivers/CMSIS/Include -O0 -ffunction-sections -fdata-sections -Wall -fstack-usage -fcyclomatic-complexity -MMD -MP -MF"Application/User/sysmem.d" -MT"Application/User/sysmem.o" --specs=nano.specs -mfpu=fpv4-sp-d16 -mfloat-abi=hard -mthumb -o "Application/User/sysmem.o"
arm-none-eabi-gcc -mcpu=cortex-m4 -g3 -c -x assembler-with-cpp -MMD -MP -MF"Application/Startup/startup_stm32wb55rgvx.d" -MT"Application/Startup/startup_stm32wb55rgvx.o" --specs=nano.specs -mfpu=fpv4-sp-d16 -mfloat-abi=hard -mthumb -o "Application/Startup/startup_stm32wb55rgvx.o" "../Application/Startup/startup_stm32wb55rgvx.s"
arm-none-eabi-gcc -o "STM32WB55_NUCLEO_RTC_Calendar_Init.elf" @"objects.list"   -mcpu=cortex-m4 -T"/home/emilio/Documenti/universita/tesi/STMCubeIDE/STM32Cube_FW_WB_V1.24.0/Projects/P-NUCLEO-WB55.Nucleo/Examples_LL/RTC/RTC_Calendar_Init/STM32CubeIDE/STM32WB55RGVX_FLASH.ld" --specs=nosys.specs -Wl,-Map="STM32WB55_NUCLEO_RTC_Calendar_Init.map" -Wl,--gc-sections -static --specs=nano.specs -mfpu=fpv4-sp-d16 -mfloat-abi=hard -mthumb -Wl,--start-group -lc -lm -Wl,--end-group
Finished building target: STM32WB55_NUCLEO_RTC_Calendar_Init.elf
 
arm-none-eabi-size  STM32WB55_NUCLEO_RTC_Calendar_Init.elf 
arm-none-eabi-objdump -h -S STM32WB55_NUCLEO_RTC_Calendar_Init.elf  > "STM32WB55_NUCLEO_RTC_Calendar_Init.list"
   text	   data	    bss	    dec	    hex	filename
   8536	    116	   1900	  10552	   2938	STM32WB55_NUCLEO_RTC_Calendar_Init.elf
Finished building: default.size.stdout
 
Finished building: STM32WB55_NUCLEO_RTC_Calendar_Init.list
 

16:46:30 Build Finished. 0 errors, 0 warnings. (took 268ms)

