09:46:28 **** Incremental Build of configuration Debug for project TESI_EVAL_BUTTON_EXTI ****
make -j8 all 
arm-none-eabi-gcc "../Core/Src/main.c" -mcpu=cortex-m4 -std=gnu11 -g3 -DDEBUG -DUSE_HAL_DRIVER -DSTM32WB5Mxx -c -I../Core/Inc -I../Drivers/STM32WBxx_HAL_Driver/Inc -I../Drivers/STM32WBxx_HAL_Driver/Inc/Legacy -I../Drivers/CMSIS/Device/ST/STM32WBxx/Include -I../Drivers/CMSIS/Include -O0 -ffunction-sections -fdata-sections -Wall -fstack-usage -fcyclomatic-complexity -MMD -MP -MF"Core/Src/main.d" -MT"Core/Src/main.o" --specs=nano.specs -mfpu=fpv4-sp-d16 -mfloat-abi=hard -mthumb -o "Core/Src/main.o"
arm-none-eabi-gcc -o "TESI_EVAL_BUTTON_EXTI.elf" @"objects.list"   -mcpu=cortex-m4 -T"/home/emilio/Documenti/universita/tesi/STMCubeIDE/workspace/TESI_EVAL_BUTTON_EXTI/STM32WB5MMGHX_FLASH.ld" --specs=nosys.specs -Wl,-Map="TESI_EVAL_BUTTON_EXTI.map" -Wl,--gc-sections -static --specs=nano.specs -mfpu=fpv4-sp-d16 -mfloat-abi=hard -mthumb -Wl,--start-group -lc -lm -Wl,--end-group
Finished building target: TESI_EVAL_BUTTON_EXTI.elf
 
arm-none-eabi-size  TESI_EVAL_BUTTON_EXTI.elf 
arm-none-eabi-objdump -h -S TESI_EVAL_BUTTON_EXTI.elf  > "TESI_EVAL_BUTTON_EXTI.list"
   text	   data	    bss	    dec	    hex	filename
  11272	     12	   1572	  12856	   3238	TESI_EVAL_BUTTON_EXTI.elf
Finished building: default.size.stdout
 
Finished building: TESI_EVAL_BUTTON_EXTI.list
 

09:46:28 Build Finished. 0 errors, 0 warnings. (took 475ms)

