../Core/Src/main.c:67:5:main	8	static
../Core/Src/main.c:121:6:SystemClock_Config	88	static
../Core/Src/main.c:163:13:MX_GPIO_Init	40	static
../Core/Src/main.c:200:6:HAL_GPIO_EXTI_Callback	16	static
../Core/Src/main.c:204:6:morse_code_point	16	static
../Core/Src/main.c:211:6:morse_code_line	16	static
../Core/Src/main.c:218:6:morse_code_pause	8	static
../Core/Src/main.c:222:6:morse_code_repeat_point	24	static
../Core/Src/main.c:228:6:morse_code_repeat_line	24	static
../Core/Src/main.c:235:6:morse_code_sos	16	static
../Core/Src/main.c:251:6:morse_code_special	8	static
../Core/Src/main.c:275:6:Error_Handler	4	static,ignoring_inline_asm
