../../../../../../../Drivers/STM32WBxx_HAL_Driver/Inc/stm32wbxx_ll_system.h:2223:26:LL_FLASH_GetUDN	4	static
../../../../../../../Drivers/STM32WBxx_HAL_Driver/Inc/stm32wbxx_ll_system.h:2235:26:LL_FLASH_GetDeviceID	4	static
../../../../../../../Drivers/STM32WBxx_HAL_Driver/Inc/stm32wbxx_ll_system.h:2247:26:LL_FLASH_GetSTCompanyID	4	static
/home/emilio/Documenti/universita/tesi/STMCubeIDE/STM32Cube_FW_WB_V1.24.0/Projects/STM32WB5MM-DK/Applications/BLE/BLE_HeartRate/STM32_WPAN/App/app_ble.c:255:6:APP_BLE_Init	224	static
/home/emilio/Documenti/universita/tesi/STMCubeIDE/STM32Cube_FW_WB_V1.24.0/Projects/STM32WB5MM-DK/Applications/BLE/BLE_HeartRate/STM32_WPAN/App/app_ble.c:431:28:SVCCTL_App_Notification	120	static
/home/emilio/Documenti/universita/tesi/STMCubeIDE/STM32Cube_FW_WB_V1.24.0/Projects/STM32WB5MM-DK/Applications/BLE/BLE_HeartRate/STM32_WPAN/App/app_ble.c:742:22:APP_BLE_Get_Server_Connection_Status	4	static
/home/emilio/Documenti/universita/tesi/STMCubeIDE/STM32Cube_FW_WB_V1.24.0/Projects/STM32WB5MM-DK/Applications/BLE/BLE_HeartRate/STM32_WPAN/App/app_ble.c:748:6:APP_BLE_Key_Button1_Action	16	static
/home/emilio/Documenti/universita/tesi/STMCubeIDE/STM32Cube_FW_WB_V1.24.0/Projects/STM32WB5MM-DK/Applications/BLE/BLE_HeartRate/STM32_WPAN/App/app_ble.c:763:6:APP_BLE_Key_Button2_Action	16	static
/home/emilio/Documenti/universita/tesi/STMCubeIDE/STM32Cube_FW_WB_V1.24.0/Projects/STM32WB5MM-DK/Applications/BLE/BLE_HeartRate/STM32_WPAN/App/app_ble.c:786:13:Ble_Tl_Init	16	static
/home/emilio/Documenti/universita/tesi/STMCubeIDE/STM32Cube_FW_WB_V1.24.0/Projects/STM32WB5MM-DK/Applications/BLE/BLE_HeartRate/STM32_WPAN/App/app_ble.c:797:13:Ble_Hci_Gap_Gatt_Init	64	static
/home/emilio/Documenti/universita/tesi/STMCubeIDE/STM32Cube_FW_WB_V1.24.0/Projects/STM32WB5MM-DK/Applications/BLE/BLE_HeartRate/STM32_WPAN/App/app_ble.c:1069:13:Adv_Request	56	static
/home/emilio/Documenti/universita/tesi/STMCubeIDE/STM32Cube_FW_WB_V1.24.0/Projects/STM32WB5MM-DK/Applications/BLE/BLE_HeartRate/STM32_WPAN/App/app_ble.c:1159:16:BleGetBdAddress	32	static
/home/emilio/Documenti/universita/tesi/STMCubeIDE/STM32Cube_FW_WB_V1.24.0/Projects/STM32WB5MM-DK/Applications/BLE/BLE_HeartRate/STM32_WPAN/App/app_ble.c:1216:13:Add_Advertisment_Service_UUID	16	static
/home/emilio/Documenti/universita/tesi/STMCubeIDE/STM32Cube_FW_WB_V1.24.0/Projects/STM32WB5MM-DK/Applications/BLE/BLE_HeartRate/STM32_WPAN/App/app_ble.c:1228:13:Adv_Mgr	8	static
/home/emilio/Documenti/universita/tesi/STMCubeIDE/STM32Cube_FW_WB_V1.24.0/Projects/STM32WB5MM-DK/Applications/BLE/BLE_HeartRate/STM32_WPAN/App/app_ble.c:1240:13:Adv_Update	8	static
/home/emilio/Documenti/universita/tesi/STMCubeIDE/STM32Cube_FW_WB_V1.24.0/Projects/STM32WB5MM-DK/Applications/BLE/BLE_HeartRate/STM32_WPAN/App/app_ble.c:1255:6:hci_notify_asynch_evt	16	static
/home/emilio/Documenti/universita/tesi/STMCubeIDE/STM32Cube_FW_WB_V1.24.0/Projects/STM32WB5MM-DK/Applications/BLE/BLE_HeartRate/STM32_WPAN/App/app_ble.c:1262:6:hci_cmd_resp_release	16	static
/home/emilio/Documenti/universita/tesi/STMCubeIDE/STM32Cube_FW_WB_V1.24.0/Projects/STM32WB5MM-DK/Applications/BLE/BLE_HeartRate/STM32_WPAN/App/app_ble.c:1269:6:hci_cmd_resp_wait	16	static
/home/emilio/Documenti/universita/tesi/STMCubeIDE/STM32Cube_FW_WB_V1.24.0/Projects/STM32WB5MM-DK/Applications/BLE/BLE_HeartRate/STM32_WPAN/App/app_ble.c:1276:13:BLE_UserEvtRx	24	static
/home/emilio/Documenti/universita/tesi/STMCubeIDE/STM32Cube_FW_WB_V1.24.0/Projects/STM32WB5MM-DK/Applications/BLE/BLE_HeartRate/STM32_WPAN/App/app_ble.c:1296:13:BLE_StatusNot	24	static
/home/emilio/Documenti/universita/tesi/STMCubeIDE/STM32Cube_FW_WB_V1.24.0/Projects/STM32WB5MM-DK/Applications/BLE/BLE_HeartRate/STM32_WPAN/App/app_ble.c:1335:6:SVCCTL_ResumeUserEventFlow	8	static
