../STM32_WPAN/App/TLC59731/TLC59731.c:48:9:TLC59731_Init	8	static
../STM32_WPAN/App/TLC59731/TLC59731.c:56:9:TLC59731_SendRGB	16	static
../STM32_WPAN/App/TLC59731/TLC59731.c:63:9:TLC59731_SetRGB	16	static
../STM32_WPAN/App/TLC59731/TLC59731.c:71:9:TLC59731_On	8	static
../STM32_WPAN/App/TLC59731/TLC59731.c:77:9:TLC59731_Off	16	static
../STM32_WPAN/App/TLC59731/TLC59731.c:85:9:TLC59731_Toggle	8	static
../STM32_WPAN/App/TLC59731/TLC59731.c:101:9:writeData	24	static
../STM32_WPAN/App/TLC59731/TLC59731.c:128:6:writeByte	24	static
../STM32_WPAN/App/TLC59731/TLC59731.c:146:6:writeCommand	8	static
../STM32_WPAN/App/TLC59731/TLC59731.c:151:6:writeGSLAT	8	static
../STM32_WPAN/App/TLC59731/TLC59731.c:158:6:writeEOS	8	static
../STM32_WPAN/App/TLC59731/TLC59731.c:165:6:writeBit_0	8	static
../STM32_WPAN/App/TLC59731/TLC59731.c:170:6:writeBit_1	8	static
../STM32_WPAN/App/TLC59731/TLC59731.c:178:6:pulsePin	8	static
../STM32_WPAN/App/TLC59731/TLC59731.c:185:6:startTimer	8	static
../STM32_WPAN/App/TLC59731/TLC59731.c:191:6:stopTimer	8	static
../STM32_WPAN/App/TLC59731/TLC59731.c:199:6:delayMicro	24	static
