../Drivers/RGB_LED/tlc59731.c:51:9:TLC59731_Init	24	static
../Drivers/RGB_LED/tlc59731.c:65:9:TLC59731_SendRGB	16	static
../Drivers/RGB_LED/tlc59731.c:72:9:TLC59731_SetRGB	16	static
../Drivers/RGB_LED/tlc59731.c:80:9:TLC59731_On	8	static
../Drivers/RGB_LED/tlc59731.c:86:9:TLC59731_Off	16	static
../Drivers/RGB_LED/tlc59731.c:94:9:TLC59731_Toggle	8	static
../Drivers/RGB_LED/tlc59731.c:110:9:writeData	24	static
../Drivers/RGB_LED/tlc59731.c:137:6:writeByte	24	static
../Drivers/RGB_LED/tlc59731.c:155:6:writeCommand	8	static
../Drivers/RGB_LED/tlc59731.c:160:6:writeGSLAT	8	static
../Drivers/RGB_LED/tlc59731.c:167:6:writeEOS	8	static
../Drivers/RGB_LED/tlc59731.c:174:6:writeBit_0	8	static
../Drivers/RGB_LED/tlc59731.c:179:6:writeBit_1	8	static
../Drivers/RGB_LED/tlc59731.c:187:6:pulsePin	8	static
../Drivers/RGB_LED/tlc59731.c:194:6:startTimer	8	static
../Drivers/RGB_LED/tlc59731.c:200:6:stopTimer	8	static
../Drivers/RGB_LED/tlc59731.c:210:6:delayMicro	24	static
