../../../../../../../Drivers/STM32WBxx_HAL_Driver/Inc/stm32wbxx_ll_rcc.h:1679:22:LL_RCC_LSE_SetDriveCapability	16	static
../../../../../../../Drivers/STM32WBxx_HAL_Driver/Inc/stm32wbxx_ll_bus.h:364:22:LL_AHB1_GRP1_EnableClock	24	static
../../../../../../../Drivers/STM32WBxx_HAL_Driver/Inc/stm32wbxx_ll_bus.h:539:22:LL_AHB2_GRP1_EnableClock	24	static
../../../../../../../Drivers/STM32WBxx_HAL_Driver/Inc/stm32wbxx_ll_rtc.h:1012:22:LL_RTC_EnableWriteProtection	16	static
../../../../../../../Drivers/STM32WBxx_HAL_Driver/Inc/stm32wbxx_ll_rtc.h:1023:22:LL_RTC_DisableWriteProtection	16	static
../../../../../../../Drivers/STM32WBxx_HAL_Driver/Inc/stm32wbxx_ll_rtc.h:2927:22:LL_RTC_WAKEUP_SetClock	16	static
/home/emilio/Documenti/universita/tesi/STMCubeIDE/STM32Cube_FW_WB_V1.24.0/Projects/STM32WB5MM-DK/Applications/BLE/BLE_HeartRate/Core/Src/main.c:81:5:main	8	static
/home/emilio/Documenti/universita/tesi/STMCubeIDE/STM32Cube_FW_WB_V1.24.0/Projects/STM32WB5MM-DK/Applications/BLE/BLE_HeartRate/Core/Src/main.c:146:6:SystemClock_Config	112	static
/home/emilio/Documenti/universita/tesi/STMCubeIDE/STM32Cube_FW_WB_V1.24.0/Projects/STM32WB5MM-DK/Applications/BLE/BLE_HeartRate/Core/Src/main.c:197:6:PeriphCommonClock_Config	88	static
/home/emilio/Documenti/universita/tesi/STMCubeIDE/STM32Cube_FW_WB_V1.24.0/Projects/STM32WB5MM-DK/Applications/BLE/BLE_HeartRate/Core/Src/main.c:235:13:MX_IPCC_Init	8	static
/home/emilio/Documenti/universita/tesi/STMCubeIDE/STM32Cube_FW_WB_V1.24.0/Projects/STM32WB5MM-DK/Applications/BLE/BLE_HeartRate/Core/Src/main.c:261:13:MX_RF_Init	4	static
/home/emilio/Documenti/universita/tesi/STMCubeIDE/STM32Cube_FW_WB_V1.24.0/Projects/STM32WB5MM-DK/Applications/BLE/BLE_HeartRate/Core/Src/main.c:282:13:MX_RTC_Init	8	static
/home/emilio/Documenti/universita/tesi/STMCubeIDE/STM32Cube_FW_WB_V1.24.0/Projects/STM32WB5MM-DK/Applications/BLE/BLE_HeartRate/Core/Src/main.c:324:6:MX_USART1_UART_Init	8	static
/home/emilio/Documenti/universita/tesi/STMCubeIDE/STM32Cube_FW_WB_V1.24.0/Projects/STM32WB5MM-DK/Applications/BLE/BLE_HeartRate/Core/Src/main.c:370:13:MX_DMA_Init	8	static
/home/emilio/Documenti/universita/tesi/STMCubeIDE/STM32Cube_FW_WB_V1.24.0/Projects/STM32WB5MM-DK/Applications/BLE/BLE_HeartRate/Core/Src/main.c:389:13:MX_GPIO_Init	32	static
/home/emilio/Documenti/universita/tesi/STMCubeIDE/STM32Cube_FW_WB_V1.24.0/Projects/STM32WB5MM-DK/Applications/BLE/BLE_HeartRate/Core/Src/main.c:642:6:PeriphClock_Config	4	static
/home/emilio/Documenti/universita/tesi/STMCubeIDE/STM32Cube_FW_WB_V1.24.0/Projects/STM32WB5MM-DK/Applications/BLE/BLE_HeartRate/Core/Src/main.c:697:6:Error_Handler	4	static,ignoring_inline_asm
