Archive member included to satisfy reference by file (symbol)

/opt/st/stm32cubeide_2.0.0/plugins/com.st.stm32cube.ide.mcu.externaltools.gnu-tools-for-stm32.13.3.rel1.linux64_1.0.100.202509120712/tools/bin/../lib/gcc/arm-none-eabi/13.3.1/../../../../arm-none-eabi/lib/thumb/v7e-m+fp/hard/libc_nano.a(libc_a-exit.o)
                              /opt/st/stm32cubeide_2.0.0/plugins/com.st.stm32cube.ide.mcu.externaltools.gnu-tools-for-stm32.13.3.rel1.linux64_1.0.100.202509120712/tools/bin/../lib/gcc/arm-none-eabi/13.3.1/../../../../arm-none-eabi/lib/thumb/v7e-m+fp/hard/crt0.o (exit)
/opt/st/stm32cubeide_2.0.0/plugins/com.st.stm32cube.ide.mcu.externaltools.gnu-tools-for-stm32.13.3.rel1.linux64_1.0.100.202509120712/tools/bin/../lib/gcc/arm-none-eabi/13.3.1/../../../../arm-none-eabi/lib/thumb/v7e-m+fp/hard/libc_nano.a(libc_a-findfp.o)
                              /opt/st/stm32cubeide_2.0.0/plugins/com.st.stm32cube.ide.mcu.externaltools.gnu-tools-for-stm32.13.3.rel1.linux64_1.0.100.202509120712/tools/bin/../lib/gcc/arm-none-eabi/13.3.1/../../../../arm-none-eabi/lib/thumb/v7e-m+fp/hard/libc_nano.a(libc_a-exit.o) (__stdio_exit_handler)
/opt/st/stm32cubeide_2.0.0/plugins/com.st.stm32cube.ide.mcu.externaltools.gnu-tools-for-stm32.13.3.rel1.linux64_1.0.100.202509120712/tools/bin/../lib/gcc/arm-none-eabi/13.3.1/../../../../arm-none-eabi/lib/thumb/v7e-m+fp/hard/libc_nano.a(libc_a-fwalk.o)
                              /opt/st/stm32cubeide_2.0.0/plugins/com.st.stm32cube.ide.mcu.externaltools.gnu-tools-for-stm32.13.3.rel1.linux64_1.0.100.202509120712/tools/bin/../lib/gcc/arm-none-eabi/13.3.1/../../../../arm-none-eabi/lib/thumb/v7e-m+fp/hard/libc_nano.a(libc_a-findfp.o) (_fwalk_sglue)
/opt/st/stm32cubeide_2.0.0/plugins/com.st.stm32cube.ide.mcu.externaltools.gnu-tools-for-stm32.13.3.rel1.linux64_1.0.100.202509120712/tools/bin/../lib/gcc/arm-none-eabi/13.3.1/../../../../arm-none-eabi/lib/thumb/v7e-m+fp/hard/libc_nano.a(libc_a-printf.o)
                              ./Middlewares/ST/STM32_WPAN/utilities/dbg_trace.o (printf)
/opt/st/stm32cubeide_2.0.0/plugins/com.st.stm32cube.ide.mcu.externaltools.gnu-tools-for-stm32.13.3.rel1.linux64_1.0.100.202509120712/tools/bin/../lib/gcc/arm-none-eabi/13.3.1/../../../../arm-none-eabi/lib/thumb/v7e-m+fp/hard/libc_nano.a(libc_a-stdio.o)
                              /opt/st/stm32cubeide_2.0.0/plugins/com.st.stm32cube.ide.mcu.externaltools.gnu-tools-for-stm32.13.3.rel1.linux64_1.0.100.202509120712/tools/bin/../lib/gcc/arm-none-eabi/13.3.1/../../../../arm-none-eabi/lib/thumb/v7e-m+fp/hard/libc_nano.a(libc_a-findfp.o) (__sread)
/opt/st/stm32cubeide_2.0.0/plugins/com.st.stm32cube.ide.mcu.externaltools.gnu-tools-for-stm32.13.3.rel1.linux64_1.0.100.202509120712/tools/bin/../lib/gcc/arm-none-eabi/13.3.1/../../../../arm-none-eabi/lib/thumb/v7e-m+fp/hard/libc_nano.a(libc_a-vprintf.o)
                              ./Middlewares/ST/STM32_WPAN/utilities/dbg_trace.o (vprintf)
/opt/st/stm32cubeide_2.0.0/plugins/com.st.stm32cube.ide.mcu.externaltools.gnu-tools-for-stm32.13.3.rel1.linux64_1.0.100.202509120712/tools/bin/../lib/gcc/arm-none-eabi/13.3.1/../../../../arm-none-eabi/lib/thumb/v7e-m+fp/hard/libc_nano.a(libc_a-memcmp.o)
                              ./Middlewares/ST/STM32_WPAN/ble/core/template/osal.o (memcmp)
/opt/st/stm32cubeide_2.0.0/plugins/com.st.stm32cube.ide.mcu.externaltools.gnu-tools-for-stm32.13.3.rel1.linux64_1.0.100.202509120712/tools/bin/../lib/gcc/arm-none-eabi/13.3.1/../../../../arm-none-eabi/lib/thumb/v7e-m+fp/hard/libc_nano.a(libc_a-memset.o)
                              /opt/st/stm32cubeide_2.0.0/plugins/com.st.stm32cube.ide.mcu.externaltools.gnu-tools-for-stm32.13.3.rel1.linux64_1.0.100.202509120712/tools/bin/../lib/gcc/arm-none-eabi/13.3.1/../../../../arm-none-eabi/lib/thumb/v7e-m+fp/hard/crt0.o (memset)
/opt/st/stm32cubeide_2.0.0/plugins/com.st.stm32cube.ide.mcu.externaltools.gnu-tools-for-stm32.13.3.rel1.linux64_1.0.100.202509120712/tools/bin/../lib/gcc/arm-none-eabi/13.3.1/../../../../arm-none-eabi/lib/thumb/v7e-m+fp/hard/libc_nano.a(libc_a-strrchr.o)
                              ./Middlewares/ST/STM32_WPAN/utilities/dbg_trace.o (strrchr)
/opt/st/stm32cubeide_2.0.0/plugins/com.st.stm32cube.ide.mcu.externaltools.gnu-tools-for-stm32.13.3.rel1.linux64_1.0.100.202509120712/tools/bin/../lib/gcc/arm-none-eabi/13.3.1/../../../../arm-none-eabi/lib/thumb/v7e-m+fp/hard/libc_nano.a(libc_a-closer.o)
                              /opt/st/stm32cubeide_2.0.0/plugins/com.st.stm32cube.ide.mcu.externaltools.gnu-tools-for-stm32.13.3.rel1.linux64_1.0.100.202509120712/tools/bin/../lib/gcc/arm-none-eabi/13.3.1/../../../../arm-none-eabi/lib/thumb/v7e-m+fp/hard/libc_nano.a(libc_a-stdio.o) (_close_r)
/opt/st/stm32cubeide_2.0.0/plugins/com.st.stm32cube.ide.mcu.externaltools.gnu-tools-for-stm32.13.3.rel1.linux64_1.0.100.202509120712/tools/bin/../lib/gcc/arm-none-eabi/13.3.1/../../../../arm-none-eabi/lib/thumb/v7e-m+fp/hard/libc_nano.a(libc_a-reent.o)
[...]
Memory Configuration

Name             Origin             Length             Attributes
FLASH            0x08007000         0x00079000         xr
RAM              0x20000008         0x0002fff8         xrw
RAM_SHARED       0x20030000         0x00002800         xrw
*default*        0x00000000         0xffffffff

Linker script and memory map

LOAD /opt/st/stm32cubeide_2.0.0/plugins/com.st.stm32cube.ide.mcu.externaltools.gnu-tools-for-stm32.13.3.rel1.linux64_1.0.100.202509120712/tools/bin/../lib/gcc/arm-none-eabi/13.3.1/thumb/v7e-m+fp/hard/crti.o
LOAD /opt/st/stm32cubeide_2.0.0/plugins/com.st.stm32cube.ide.mcu.externaltools.gnu-tools-for-stm32.13.3.rel1.linux64_1.0.100.202509120712/tools/bin/../lib/gcc/arm-none-eabi/13.3.1/thumb/v7e-m+fp/hard/crtbegin.o
LOAD /opt/st/stm32cubeide_2.0.0/plugins/com.st.stm32cube.ide.mcu.externaltools.gnu-tools-for-stm32.13.3.rel1.linux64_1.0.100.202509120712/tools/bin/../lib/gcc/arm-none-eabi/13.3.1/../../../../arm-none-eabi/lib/thumb/v7e-m+fp/hard/crt0.o
LOAD ./Core/Src/app_debug.o
LOAD ./Core/Src/app_entry.o
LOAD ./Core/Src/hw_timerserver.o
LOAD ./Core/Src/main.o
LOAD ./Core/Src/stm32_lpm_if.o
LOAD ./Core/Src/stm32wbxx_hal_msp.o
LOAD ./Core/Src/stm32wbxx_it.o
LOAD ./Core/Src/syscalls.o
LOAD ./Core/Src/sysmem.o
LOAD ./Core/Src/system_stm32wbxx.o
LOAD ./Core/Startup/startup_stm32wb5mmghx.o
LOAD ./Drivers/STM32WBxx_HAL_Driver/Src/stm32wbxx_hal.o
LOAD ./Drivers/STM32WBxx_HAL_Driver/Src/stm32wbxx_hal_cortex.o
LOAD ./Drivers/STM32WBxx_HAL_Driver/Src/stm32wbxx_hal_dma.o
LOAD ./Drivers/STM32WBxx_HAL_Driver/Src/stm32wbxx_hal_dma_ex.o
LOAD ./Drivers/STM32WBxx_HAL_Driver/Src/stm32wbxx_hal_exti.o
LOAD ./Drivers/STM32WBxx_HAL_Driver/Src/stm32wbxx_hal_flash.o
LOAD ./Drivers/STM32WBxx_HAL_Driver/Src/stm32wbxx_hal_flash_ex.o
LOAD ./Drivers/STM32WBxx_HAL_Driver/Src/stm32wbxx_hal_gpio.o
LOAD ./Drivers/STM32WBxx_HAL_Driver/Src/stm32wbxx_hal_hsem.o
LOAD ./Drivers/STM32WBxx_HAL_Driver/Src/stm32wbxx_hal_ipcc.o
LOAD ./Drivers/STM32WBxx_HAL_Driver/Src/stm32wbxx_hal_pwr.o
LOAD ./Drivers/STM32WBxx_HAL_Driver/Src/stm32wbxx_hal_pwr_ex.o
LOAD ./Drivers/STM32WBxx_HAL_Driver/Src/stm32wbxx_hal_rcc.o
LOAD ./Drivers/STM32WBxx_HAL_Driver/Src/stm32wbxx_hal_rcc_ex.o
LOAD ./Drivers/STM32WBxx_HAL_Driver/Src/stm32wbxx_hal_rtc.o
LOAD ./Drivers/STM32WBxx_HAL_Driver/Src/stm32wbxx_hal_rtc_ex.o
LOAD ./Drivers/STM32WBxx_HAL_Driver/Src/stm32wbxx_hal_tim.o
LOAD ./Drivers/STM32WBxx_HAL_Driver/Src/stm32wbxx_hal_tim_ex.o
LOAD ./Drivers/STM32WBxx_HAL_Driver/Src/stm32wbxx_ll_rcc.o
LOAD ./Library/pwmsignal/pwmsignal.o
LOAD ./Middlewares/ST/STM32_WPAN/ble/core/auto/ble_events.o
LOAD ./Middlewares/ST/STM32_WPAN/ble/core/auto/ble_gap_aci.o
LOAD ./Middlewares/ST/STM32_WPAN/ble/core/auto/ble_gatt_aci.o
LOAD ./Middlewares/ST/STM32_WPAN/ble/core/auto/ble_gen_aci.o
LOAD ./Middlewares/ST/STM32_WPAN/ble/core/auto/ble_hal_aci.o
LOAD ./Middlewares/ST/STM32_WPAN/ble/core/auto/ble_hci_le.o
LOAD ./Middlewares/ST/STM32_WPAN/ble/core/auto/ble_l2cap_aci.o
LOAD ./Middlewares/ST/STM32_WPAN/ble/core/template/osal.o
LOAD ./Middlewares/ST/STM32_WPAN/ble/svc/Src/svc_ctl.o
LOAD ./Middlewares/ST/STM32_WPAN/interface/patterns/ble_thread/shci/shci.o
LOAD ./Middlewares/ST/STM32_WPAN/interface/patterns/ble_thread/tl/hci_tl.o
LOAD ./Middlewares/ST/STM32_WPAN/interface/patterns/ble_thread/tl/hci_tl_if.o
LOAD ./Middlewares/ST/STM32_WPAN/interface/patterns/ble_thread/tl/shci_tl.o
LOAD ./Middlewares/ST/STM32_WPAN/interface/patterns/ble_thread/tl/shci_tl_if.o
LOAD ./Middlewares/ST/STM32_WPAN/interface/patterns/ble_thread/tl/tl_mbox.o
LOAD ./Middlewares/ST/STM32_WPAN/utilities/dbg_trace.o
LOAD ./Middlewares/ST/STM32_WPAN/utilities/otp.o
LOAD ./Middlewares/ST/STM32_WPAN/utilities/stm_list.o
LOAD ./Middlewares/ST/STM32_WPAN/utilities/stm_queue.o
LOAD ./STM32_WPAN/App/app_ble.o
LOAD ./STM32_WPAN/App/custom_app.o
LOAD ./STM32_WPAN/App/custom_stm.o
LOAD ./STM32_WPAN/Target/hw_ipcc.o
LOAD ./Utilities/lpm/tiny_lpm/stm32_lpm.o
LOAD ./Utilities/sequencer/stm32_seq.o
START GROUP
LOAD /opt/st/stm32cubeide_2.0.0/plugins/com.st.stm32cube.ide.mcu.externaltools.gnu-tools-for-stm32.13.3.rel1.linux64_1.0.100.202509120712/tools/bin/../lib/gcc/arm-none-eabi/13.3.1/../../../../arm-none-eabi/lib/thumb/v7e-m+fp/hard/libc_nano.a
LOAD /opt/st/stm32cubeide_2.0.0/plugins/com.st.stm32cube.ide.mcu.externaltools.gnu-tools-for-stm32.13.3.rel1.linux64_1.0.100.202509120712/tools/bin/../lib/gcc/arm-none-eabi/13.3.1/../../../../arm-none-eabi/lib/thumb/v7e-m+fp/hard/libm.a
END GROUP
START GROUP
LOAD /opt/st/stm32cubeide_2.0.0/plugins/com.st.stm32cube.ide.mcu.externaltools.gnu-tools-for-stm32.13.3.rel1.linux64_1.0.100.202509120712/tools/bin/../lib/gcc/arm-none-eabi/13.3.1/thumb/v7e-m+fp/hard/libgcc.a
LOAD /opt/st/stm32cubeide_2.0.0/plugins/com.st.stm32cube.ide.mcu.externaltools.gnu-tools-for-stm32.13.3.rel1.linux64_1.0.100.202509120712/tools/bin/../lib/gcc/arm-none-eabi/13.3.1/../../../../arm-none-eabi/lib/thumb/v7e-m+fp/hard/libc_nano.a
END GROUP
START GROUP
LOAD /opt/st/stm32cubeide_2.0.0/plugins/com.st.stm32cube.ide.mcu.externaltools.gnu-tools-for-stm32.13.3.rel1.linux64_1.0.100.202509120712/tools/bin/../lib/gcc/arm-none-eabi/13.3.1/thumb/v7e-m+fp/hard/libgcc.a
LOAD /opt/st/stm32cubeide_2.0.0/plugins/com.st.stm32cube.ide.mcu.externaltools.gnu-tools-for-stm32.13.3.rel1.linux64_1.0.100.202509120712/tools/bin/../lib/gcc/arm-none-eabi/13.3.1/../../../../arm-none-eabi/lib/thumb/v7e-m+fp/hard/libc_nano.a
LOAD /opt/st/stm32cubeide_2.0.0/plugins/com.st.stm32cube.ide.mcu.externaltools.gnu-tools-for-stm32.13.3.rel1.linux64_1.0.100.202509120712/tools/bin/../lib/gcc/arm-none-eabi/13.3.1/../../../../arm-none-eabi/lib/thumb/v7e-m+fp/hard/libnosys.a
END GROUP
START GROUP
LOAD /opt/st/stm32cubeide_2.0.0/plugins/com.st.stm32cube.ide.mcu.externaltools.gnu-tools-for-stm32.13.3.rel1.linux64_1.0.100.202509120712/tools/bin/../lib/gcc/arm-none-eabi/13.3.1/thumb/v7e-m+fp/hard/libgcc.a
LOAD /opt/st/stm32cubeide_2.0.0/plugins/com.st.stm32cube.ide.mcu.externaltools.gnu-tools-for-stm32.13.3.rel1.linux64_1.0.100.202509120712/tools/bin/../lib/gcc/arm-none-eabi/13.3.1/../../../../arm-none-eabi/lib/thumb/v7e-m+fp/hard/libc_nano.a
LOAD /opt/st/stm32cubeide_2.0.0/plugins/com.st.stm32cube.ide.mcu.externaltools.gnu-tools-for-stm32.13.3.rel1.linux64_1.0.100.202509120712/tools/bin/../lib/gcc/arm-none-eabi/13.3.1/../../../../arm-none-eabi/lib/thumb/v7e-m+fp/hard/libnosys.a
END GROUP
LOAD /opt/st/stm32cubeide_2.0.0/plugins/com.st.stm32cube.ide.mcu.externaltools.gnu-tools-for-stm32.13.3.rel1.linux64_1.0.100.202509120712/tools/bin/../lib/gcc/arm-none-eabi/13.3.1/thumb/v7e-m+fp/hard/crtend.o
LOAD /opt/st/stm32cubeide_2.0.0/plugins/com.st.stm32cube.ide.mcu.externaltools.gnu-tools-for-stm32.13.3.rel1.linux64_1.0.100.202509120712/tools/bin/../lib/gcc/arm-none-eabi/13.3.1/thumb/v7e-m+fp/hard/crtn.o
                0x20030000                        _estack = (ORIGIN (RAM) + LENGTH (RAM))
                0x00000200                        _Min_Heap_Size = 0x200
                0x00000400                        _Min_Stack_Size = 0x400

.isr_vector     0x08007000      0x13c
                0x08007000                        . = ALIGN (0x4)
 *(.isr_vector)
 .isr_vector    0x08007000      0x13c ./Core/Startup/startup_stm32wb5mmghx.o
                0x08007000                g_pfnVectors
                0x0800713c                        . = ALIGN (0x4)

.text           0x0800713c     0x3cf0
                0x0800713c                        . = ALIGN (0x4)
 *(.text)
 .text          0x0800713c       0x40 /opt/st/stm32cubeide_2.0.0/plugins/com.st.stm32cube.ide.mcu.externaltools.gnu-tools-for-stm32.13.3.rel1.linux64_1.0.100.202509120712/tools/bin/../lib/gcc/arm-none-eabi/13.3.1/thumb/v7e-m+fp/hard/crtbegin.o
 *(.text*)
 .text.APPD_EnableCPU2
                0x0800717c       0x38 ./Core/Src/app_debug.o
                0x0800717c                APPD_EnableCPU2
 .text.APPE_SysStatusNot
                0x080071b4        0x2 ./Core/Src/app_entry.o
 *fill*         0x080071b6        0x2 
 .text.APPE_SysUserEvtRx
                0x080071b8       0x74 ./Core/Src/app_entry.o
 .text.MX_APPE_Config
                0x0800722c       0x38 ./Core/Src/app_entry.o
                0x0800722c                MX_APPE_Config
 .text.Init_Exti
                0x08007264       0x14 ./Core/Src/app_entry.o
                0x08007264                Init_Exti
 .text.MX_APPE_Init
                0x08007278       0xb0 ./Core/Src/app_entry.o
                0x08007278                MX_APPE_Init
 .text.MX_APPE_Process
                0x08007328        0x8 ./Core/Src/app_entry.o
                0x08007328                MX_APPE_Process
 .text.UTIL_SEQ_Idle
                0x08007330        0x2 ./Core/Src/app_entry.o
                0x08007330                UTIL_SEQ_Idle
 .text.shci_notify_asynch_evt
                0x08007332        0x8 ./Core/Src/app_entry.o
                0x08007332                shci_notify_asynch_evt
 .text.shci_cmd_resp_release
                0x0800733a        0x6 ./Core/Src/app_entry.o
                0x0800733a                shci_cmd_resp_release
 .text.shci_cmd_resp_wait
                0x08007340        0x6 ./Core/Src/app_entry.o
                0x08007340                shci_cmd_resp_wait
 .text.HAL_GPIO_EXTI_Callback
                0x08007346        0xc ./Core/Src/app_entry.o
                0x08007346                HAL_GPIO_EXTI_Callback
 *fill*         0x08007352        0x2 
 .text.HW_TS_Init
                0x08007354      0x130 ./Core/Src/hw_timerserver.o
                0x08007354                HW_TS_Init
 .text.LL_AHB2_GRP1_EnableClock
                0x08007484       0x18 ./Core/Src/main.o
 .text.SystemClock_Config
                0x0800749c       0x9e ./Core/Src/main.o
                0x0800749c                SystemClock_Config
 .text.PeriphCommonClock_Config
                0x0800753a       0x30 ./Core/Src/main.o
                0x0800753a                PeriphCommonClock_Config
 *fill*         0x0800756a        0x2 
 .text.startup.main
                0x0800756c      0x48c ./Core/Src/main.o
                0x0800756c                main
 .text.Error_Handler
                0x080079f8        0x4 ./Core/Src/main.o
                0x080079f8                Error_Handler
 .text.HAL_MspInit
                0x080079fc       0x2e ./Core/Src/stm32wbxx_hal_msp.o
                0x080079fc                HAL_MspInit
 *fill*         0x08007a2a        0x2 
 .text.HAL_IPCC_MspInit
                0x08007a2c       0x50 ./Core/Src/stm32wbxx_hal_msp.o
                0x08007a2c                HAL_IPCC_MspInit
 .text.HAL_RTC_MspInit
                0x08007a7c       0x5c ./Core/Src/stm32wbxx_hal_msp.o
                0x08007a7c                HAL_RTC_MspInit
 .text.HAL_TIM_Base_MspInit
                0x08007ad8       0x64 ./Core/Src/stm32wbxx_hal_msp.o
                0x08007ad8                HAL_TIM_Base_MspInit
 .text.NMI_Handler
                0x08007b3c        0x2 ./Core/Src/stm32wbxx_it.o
                0x08007b3c                NMI_Handler
 .text.HardFault_Handler
                0x08007b3e        0x2 ./Core/Src/stm32wbxx_it.o
                0x08007b3e                HardFault_Handler
 .text.MemManage_Handler
                0x08007b40        0x2 ./Core/Src/stm32wbxx_it.o
                0x08007b40                MemManage_Handler
 .text.BusFault_Handler
                0x08007b42        0x2 ./Core/Src/stm32wbxx_it.o
                0x08007b42                BusFault_Handler
 .text.UsageFault_Handler
                0x08007b44        0x2 ./Core/Src/stm32wbxx_it.o
                0x08007b44                UsageFault_Handler
 .text.SVC_Handler
                0x08007b46        0x2 ./Core/Src/stm32wbxx_it.o
                0x08007b46                SVC_Handler
 .text.DebugMon_Handler
                0x08007b48        0x2 ./Core/Src/stm32wbxx_it.o
                0x08007b48                DebugMon_Handler
 .text.PendSV_Handler
                0x08007b4a        0x2 ./Core/Src/stm32wbxx_it.o
                0x08007b4a                PendSV_Handler
 .text.SysTick_Handler
                0x08007b4c        0x4 ./Core/Src/stm32wbxx_it.o
                0x08007b4c                SysTick_Handler
 .text.EXTI15_10_IRQHandler
                0x08007b50        0x8 ./Core/Src/stm32wbxx_it.o
                0x08007b50                EXTI15_10_IRQHandler
 .text.IPCC_C1_RX_IRQHandler
                0x08007b58        0x4 ./Core/Src/stm32wbxx_it.o
                0x08007b58                IPCC_C1_RX_IRQHandler
 .text.IPCC_C1_TX_IRQHandler
                0x08007b5c        0x4 ./Core/Src/stm32wbxx_it.o
                0x08007b5c                IPCC_C1_TX_IRQHandler
 .text.HSEM_IRQHandler
                0x08007b60        0x4 ./Core/Src/stm32wbxx_it.o
                0x08007b60                HSEM_IRQHandler
 .text.SystemInit
                0x08007b64       0x64 ./Core/Src/system_stm32wbxx.o
                0x08007b64                SystemInit
 .text.data_initializers
                0x08007bc8       0x18 ./Core/Startup/startup_stm32wb5mmghx.o
 .text.Reset_Handler
                0x08007be0       0x58 ./Core/Startup/startup_stm32wb5mmghx.o
                0x08007be0                Reset_Handler
 .text.Default_Handler
                0x08007c38        0x2 ./Core/Startup/startup_stm32wb5mmghx.o
                0x08007c38                RTC_Alarm_IRQHandler
                0x08007c38                EXTI2_IRQHandler
                0x08007c38                TIM1_CC_IRQHandler
                0x08007c38                TSC_IRQHandler
                0x08007c38                USB_HP_IRQHandler
                0x08007c38                EXTI3_IRQHandler
                0x08007c38                LPTIM2_IRQHandler
                0x08007c38                I2C3_ER_IRQHandler
                0x08007c38                EXTI0_IRQHandler
                0x08007c38                FPU_IRQHandler
                0x08007c38                TIM1_UP_TIM16_IRQHandler
                0x08007c38                AES1_IRQHandler
                0x08007c38                SPI1_IRQHandler
                0x08007c38                PWR_SOTF_BLEACT_802ACT_RFPHASE_IRQHandler
                0x08007c38                DMA2_Channel2_IRQHandler
                0x08007c38                DMA1_Channel4_IRQHandler
                0x08007c38                ADC1_IRQHandler
                0x08007c38                PKA_IRQHandler
                0x08007c38                DMA1_Channel7_IRQHandler
                0x08007c38                LCD_IRQHandler
                0x08007c38                DMA2_Channel1_IRQHandler
                0x08007c38                QUADSPI_IRQHandler
                0x08007c38                I2C1_EV_IRQHandler
                0x08007c38                DMAMUX1_OVR_IRQHandler
                0x08007c38                DMA1_Channel6_IRQHandler
                0x08007c38                DMA2_Channel4_IRQHandler
                0x08007c38                RCC_IRQHandler
                0x08007c38                DMA1_Channel1_IRQHandler
                0x08007c38                Default_Handler
                0x08007c38                DMA2_Channel7_IRQHandler
                0x08007c38                C2SEV_PWR_C2H_IRQHandler
                0x08007c38                AES2_IRQHandler
                0x08007c38                I2C3_EV_IRQHandler
                0x08007c38                EXTI9_5_IRQHandler
                0x08007c38                RTC_WKUP_IRQHandler
                0x08007c38                PVD_PVM_IRQHandler
                0x08007c38                SPI2_IRQHandler
                0x08007c38                DMA2_Channel5_IRQHandler
                0x08007c38                CRS_IRQHandler
                0x08007c38                DMA1_Channel5_IRQHandler
                0x08007c38                USB_LP_IRQHandler
                0x08007c38                EXTI4_IRQHandler
                0x08007c38                RNG_IRQHandler
                0x08007c38                TIM1_TRG_COM_TIM17_IRQHandler
                0x08007c38                TAMP_STAMP_LSECSS_IRQHandler
                0x08007c38                DMA1_Channel3_IRQHandler
                0x08007c38                COMP_IRQHandler
                0x08007c38                WWDG_IRQHandler
                0x08007c38                LPUART1_IRQHandler
                0x08007c38                DMA2_Channel6_IRQHandler
                0x08007c38                TIM2_IRQHandler
                0x08007c38                TIM1_BRK_IRQHandler
                0x08007c38                EXTI1_IRQHandler
                0x08007c38                DMA1_Channel2_IRQHandler
                0x08007c38                FLASH_IRQHandler
                0x08007c38                USART1_IRQHandler
                0x08007c38                I2C1_ER_IRQHandler
                0x08007c38                LPTIM1_IRQHandler
                0x08007c38                SAI1_IRQHandler
                0x08007c38                DMA2_Channel3_IRQHandler
 *fill*         0x08007c3a        0x2 
 .text.HAL_InitTick
                0x08007c3c       0x4c ./Drivers/STM32WBxx_HAL_Driver/Src/stm32wbxx_hal.o
                0x08007c3c                HAL_InitTick
 .text.HAL_Init
                0x08007c88       0x2c ./Drivers/STM32WBxx_HAL_Driver/Src/stm32wbxx_hal.o
                0x08007c88                HAL_Init
 .text.HAL_IncTick
                0x08007cb4       0x18 ./Drivers/STM32WBxx_HAL_Driver/Src/stm32wbxx_hal.o
                0x08007cb4                HAL_IncTick
 .text.HAL_GetTick
                0x08007ccc        0xc ./Drivers/STM32WBxx_HAL_Driver/Src/stm32wbxx_hal.o
                0x08007ccc                HAL_GetTick
 .text.HAL_GetTickPrio
                0x08007cd8        0xc ./Drivers/STM32WBxx_HAL_Driver/Src/stm32wbxx_hal.o
                0x08007cd8                HAL_GetTickPrio
 .text.HAL_NVIC_SetPriorityGrouping
                0x08007ce4       0x24 ./Drivers/STM32WBxx_HAL_Driver/Src/stm32wbxx_hal_cortex.o
                0x08007ce4                HAL_NVIC_SetPriorityGrouping
 .text.HAL_NVIC_SetPriority
                0x08007d08       0x64 ./Drivers/STM32WBxx_HAL_Driver/Src/stm32wbxx_hal_cortex.o
                0x08007d08                HAL_NVIC_SetPriority
 .text.HAL_NVIC_EnableIRQ
                0x08007d6c       0x1c ./Drivers/STM32WBxx_HAL_Driver/Src/stm32wbxx_hal_cortex.o
                0x08007d6c                HAL_NVIC_EnableIRQ
 .text.HAL_SYSTICK_Config
                0x08007d88       0x28 ./Drivers/STM32WBxx_HAL_Driver/Src/stm32wbxx_hal_cortex.o
                0x08007d88                HAL_SYSTICK_Config
 .text.HAL_NVIC_SetPendingIRQ
                0x08007db0       0x1c ./Drivers/STM32WBxx_HAL_Driver/Src/stm32wbxx_hal_cortex.o
                0x08007db0                HAL_NVIC_SetPendingIRQ
 .text.HAL_NVIC_ClearPendingIRQ
                0x08007dcc       0x1c ./Drivers/STM32WBxx_HAL_Driver/Src/stm32wbxx_hal_cortex.o
                0x08007dcc                HAL_NVIC_ClearPendingIRQ
 .text.HAL_GPIO_Init
                0x08007de8      0x16c ./Drivers/STM32WBxx_HAL_Driver/Src/stm32wbxx_hal_gpio.o
                0x08007de8                HAL_GPIO_Init
 .text.HAL_GPIO_WritePin
                0x08007f54        0xa ./Drivers/STM32WBxx_HAL_Driver/Src/stm32wbxx_hal_gpio.o
                0x08007f54                HAL_GPIO_WritePin
 .text.HAL_GPIO_TogglePin
                0x08007f5e       0x12 ./Drivers/STM32WBxx_HAL_Driver/Src/stm32wbxx_hal_gpio.o
                0x08007f5e                HAL_GPIO_TogglePin
 .text.HAL_GPIO_EXTI_IRQHandler
                0x08007f70       0x18 ./Drivers/STM32WBxx_HAL_Driver/Src/stm32wbxx_hal_gpio.o
                0x08007f70                HAL_GPIO_EXTI_IRQHandler
 .text.HAL_HSEM_FreeCallback
                0x08007f88        0x2 ./Drivers/STM32WBxx_HAL_Driver/Src/stm32wbxx_hal_hsem.o
                0x08007f88                HAL_HSEM_FreeCallback
 *fill*         0x08007f8a        0x2 
 .text.HAL_HSEM_IRQHandler
                0x08007f8c       0x1c ./Drivers/STM32WBxx_HAL_Driver/Src/stm32wbxx_hal_hsem.o
                0x08007f8c                HAL_HSEM_IRQHandler
 .text.HAL_IPCC_TxCallback
                0x08007fa8        0x2 ./Drivers/STM32WBxx_HAL_Driver/Src/stm32wbxx_hal_ipcc.o
                0x08007fa8                HAL_IPCC_TxCallback
 .text.HAL_IPCC_RxCallback
                0x08007faa        0x2 ./Drivers/STM32WBxx_HAL_Driver/Src/stm32wbxx_hal_ipcc.o
                0x08007faa                HAL_IPCC_RxCallback
 .text.IPCC_SetDefaultCallbacks
                0x08007fac       0x1c ./Drivers/STM32WBxx_HAL_Driver/Src/stm32wbxx_hal_ipcc.o
                0x08007fac                IPCC_SetDefaultCallbacks
 .text.HAL_IPCC_Init
                0x08007fc8       0x44 ./Drivers/STM32WBxx_HAL_Driver/Src/stm32wbxx_hal_ipcc.o
                0x08007fc8                HAL_IPCC_Init
 .text.HAL_PWR_EnableBkUpAccess
                0x0800800c       0x10 ./Drivers/STM32WBxx_HAL_Driver/Src/stm32wbxx_hal_pwr.o
                0x0800800c                HAL_PWR_EnableBkUpAccess
 .text.HAL_PWREx_GetVoltageRange
                0x0800801c       0x10 ./Drivers/STM32WBxx_HAL_Driver/Src/stm32wbxx_hal_pwr_ex.o
                0x0800801c                HAL_PWREx_GetVoltageRange
 .text.LL_RCC_LSI1_IsReady
                0x0800802c        0xe ./Drivers/STM32WBxx_HAL_Driver/Src/stm32wbxx_hal_rcc.o
 .text.LL_RCC_MSI_IsReady
                0x0800803a        0xc ./Drivers/STM32WBxx_HAL_Driver/Src/stm32wbxx_hal_rcc.o
 .text.LL_RCC_MSI_SetRange
                0x08008046       0x10 ./Drivers/STM32WBxx_HAL_Driver/Src/stm32wbxx_hal_rcc.o
 .text.LL_RCC_MSI_SetCalibTrimming
                0x08008056       0x12 ./Drivers/STM32WBxx_HAL_Driver/Src/stm32wbxx_hal_rcc.o
 .text.RCC_SetFlashLatencyFromMSIRange
                0x08008068       0xe8 ./Drivers/STM32WBxx_HAL_Driver/Src/stm32wbxx_hal_rcc.o
 .text.HAL_RCC_GetSysClockFreq
                0x08008150       0xa4 ./Drivers/STM32WBxx_HAL_Driver/Src/stm32wbxx_hal_rcc.o
                0x08008150                HAL_RCC_GetSysClockFreq
 .text.HAL_RCC_GetHCLKFreq
                0x080081f4       0x20 ./Drivers/STM32WBxx_HAL_Driver/Src/stm32wbxx_hal_rcc.o
                0x080081f4                HAL_RCC_GetHCLKFreq
 .text.HAL_RCC_OscConfig
                0x08008214      0x598 ./Drivers/STM32WBxx_HAL_Driver/Src/stm32wbxx_hal_rcc.o
                0x08008214                HAL_RCC_OscConfig
 .text.HAL_RCC_ClockConfig
                0x080087ac      0x1fc ./Drivers/STM32WBxx_HAL_Driver/Src/stm32wbxx_hal_rcc.o
                0x080087ac                HAL_RCC_ClockConfig
 .text.LL_RCC_LSE_IsReady
                0x080089a8        0xe ./Drivers/STM32WBxx_HAL_Driver/Src/stm32wbxx_hal_rcc_ex.o
 .text.LL_RCC_SetI2CClockSource
                0x080089b6       0x20 ./Drivers/STM32WBxx_HAL_Driver/Src/stm32wbxx_hal_rcc_ex.o
 .text.LL_RCC_PLLSAI1_Enable
                0x080089d6        0xe ./Drivers/STM32WBxx_HAL_Driver/Src/stm32wbxx_hal_rcc_ex.o
 .text.LL_RCC_PLLSAI1_Disable
                0x080089e4        0xe ./Drivers/STM32WBxx_HAL_Driver/Src/stm32wbxx_hal_rcc_ex.o
 .text.LL_RCC_PLLSAI1_IsReady
                0x080089f2        0xc ./Drivers/STM32WBxx_HAL_Driver/Src/stm32wbxx_hal_rcc_ex.o
 .text.HAL_RCCEx_PeriphCLKConfig
                0x080089fe      0x37c ./Drivers/STM32WBxx_HAL_Driver/Src/stm32wbxx_hal_rcc_ex.o
                0x080089fe                HAL_RCCEx_PeriphCLKConfig
 *fill*         0x08008d7a        0x2 
 .text.HAL_RTC_WaitForSynchro
                0x08008d7c       0x30 ./Drivers/STM32WBxx_HAL_Driver/Src/stm32wbxx_hal_rtc.o
                0x08008d7c                HAL_RTC_WaitForSynchro
 .text.RTC_EnterInitMode
                0x08008dac       0x44 ./Drivers/STM32WBxx_HAL_Driver/Src/stm32wbxx_hal_rtc.o
                0x08008dac                RTC_EnterInitMode
 .text.RTC_ExitInitMode
                0x08008df0       0x2a ./Drivers/STM32WBxx_HAL_Driver/Src/stm32wbxx_hal_rtc.o
                0x08008df0                RTC_ExitInitMode
 .text.HAL_RTC_Init
                0x08008e1a       0x9c ./Drivers/STM32WBxx_HAL_Driver/Src/stm32wbxx_hal_rtc.o
                0x08008e1a                HAL_RTC_Init
 .text.HAL_RTCEx_SetWakeUpTimer
                0x08008eb6       0xb8 ./Drivers/STM32WBxx_HAL_Driver/Src/stm32wbxx_hal_rtc_ex.o
                0x08008eb6                HAL_RTCEx_SetWakeUpTimer
 *fill*         0x08008f6e        0x2 
 .text.TIM_TI1_ConfigInputStage
                0x08008f70       0x44 ./Drivers/STM32WBxx_HAL_Driver/Src/stm32wbxx_hal_tim.o
 .text.TIM_TI2_SetConfig
                0x08008fb4       0x40 ./Drivers/STM32WBxx_HAL_Driver/Src/stm32wbxx_hal_tim.o
 .text.TIM_TI2_ConfigInputStage
                0x08008ff4       0x38 ./Drivers/STM32WBxx_HAL_Driver/Src/stm32wbxx_hal_tim.o
 .text.HAL_TIM_IC_MspInit
                0x0800902c        0x2 ./Drivers/STM32WBxx_HAL_Driver/Src/stm32wbxx_hal_tim.o
                0x0800902c                HAL_TIM_IC_MspInit
 *fill*         0x0800902e        0x2 
 .text.TIM_Base_SetConfig
                0x08009030       0x74 ./Drivers/STM32WBxx_HAL_Driver/Src/stm32wbxx_hal_tim.o
                0x08009030                TIM_Base_SetConfig
 .text.HAL_TIM_Base_Init
                0x080090a4       0x60 ./Drivers/STM32WBxx_HAL_Driver/Src/stm32wbxx_hal_tim.o
                0x080090a4                HAL_TIM_Base_Init
 .text.HAL_TIM_IC_Init
                0x08009104       0x60 ./Drivers/STM32WBxx_HAL_Driver/Src/stm32wbxx_hal_tim.o
                0x08009104                HAL_TIM_IC_Init
 .text.TIM_TI1_SetConfig
                0x08009164       0x5c ./Drivers/STM32WBxx_HAL_Driver/Src/stm32wbxx_hal_tim.o
                0x08009164                TIM_TI1_SetConfig
 .text.HAL_TIM_IC_ConfigChannel
                0x080091c0      0x104 ./Drivers/STM32WBxx_HAL_Driver/Src/stm32wbxx_hal_tim.o
                0x080091c0                HAL_TIM_IC_ConfigChannel
 .text.TIM_ETR_SetConfig
                0x080092c4       0x14 ./Drivers/STM32WBxx_HAL_Driver/Src/stm32wbxx_hal_tim.o
                0x080092c4                TIM_ETR_SetConfig
 .text.HAL_TIM_ConfigClockSource
                0x080092d8       0xf4 ./Drivers/STM32WBxx_HAL_Driver/Src/stm32wbxx_hal_tim.o
                0x080092d8                HAL_TIM_ConfigClockSource
 .text.HAL_TIMEx_MasterConfigSynchronization
                0x080093cc       0x58 ./Drivers/STM32WBxx_HAL_Driver/Src/stm32wbxx_hal_tim_ex.o
                0x080093cc                HAL_TIMEx_MasterConfigSynchronization
 .text.aci_gap_set_non_discoverable
                0x08009424       0x3c ./Middlewares/ST/STM32_WPAN/ble/core/auto/ble_gap_aci.o
                0x08009424                aci_gap_set_non_discoverable
 .text.aci_gap_set_discoverable
                0x08009460       0xb0 ./Middlewares/ST/STM32_WPAN/ble/core/auto/ble_gap_aci.o
                0x08009460                aci_gap_set_discoverable
 .text.aci_gap_set_io_capability
                0x08009510       0x48 ./Middlewares/ST/STM32_WPAN/ble/core/auto/ble_gap_aci.o
                0x08009510                aci_gap_set_io_capability
 .text.aci_gap_set_authentication_requirement
                0x08009558       0x7c ./Middlewares/ST/STM32_WPAN/ble/core/auto/ble_gap_aci.o
                0x08009558                aci_gap_set_authentication_requirement
 .text.aci_gap_pass_key_resp
                0x080095d4       0x4c ./Middlewares/ST/STM32_WPAN/ble/core/auto/ble_gap_aci.o
                0x080095d4                aci_gap_pass_key_resp
 .text.aci_gap_init
                0x08009620       0x84 ./Middlewares/ST/STM32_WPAN/ble/core/auto/ble_gap_aci.o
                0x08009620                aci_gap_init
 .text.aci_gap_update_adv_data
                0x080096a4       0x54 ./Middlewares/ST/STM32_WPAN/ble/core/auto/ble_gap_aci.o
                0x080096a4                aci_gap_update_adv_data
 .text.aci_gap_configure_filter_accept_list
                0x080096f8       0x3c ./Middlewares/ST/STM32_WPAN/ble/core/auto/ble_gap_aci.o
                0x080096f8                aci_gap_configure_filter_accept_list
 .text.aci_gap_numeric_comparison_value_confirm_yesno
                0x08009734       0x4c ./Middlewares/ST/STM32_WPAN/ble/core/auto/ble_gap_aci.o
                0x08009734                aci_gap_numeric_comparison_value_confirm_yesno
 .text.aci_gatt_init
                0x08009780       0x3c ./Middlewares/ST/STM32_WPAN/ble/core/auto/ble_gatt_aci.o
                0x08009780                aci_gatt_init
 .text.aci_gatt_add_service
                0x080097bc       0xa0 ./Middlewares/ST/STM32_WPAN/ble/core/auto/ble_gatt_aci.o
                0x080097bc                aci_gatt_add_service
 .text.aci_gatt_add_char
                0x0800985c       0xb8 ./Middlewares/ST/STM32_WPAN/ble/core/auto/ble_gatt_aci.o
                0x0800985c                aci_gatt_add_char
 .text.aci_gatt_update_char_value
                0x08009914       0x64 ./Middlewares/ST/STM32_WPAN/ble/core/auto/ble_gatt_aci.o
                0x08009914                aci_gatt_update_char_value
 .text.aci_gatt_confirm_indication
                0x08009978       0x48 ./Middlewares/ST/STM32_WPAN/ble/core/auto/ble_gatt_aci.o
                0x08009978                aci_gatt_confirm_indication
 .text.aci_hal_write_config_data
                0x080099c0       0x5c ./Middlewares/ST/STM32_WPAN/ble/core/auto/ble_hal_aci.o
                0x080099c0                aci_hal_write_config_data
 .text.aci_hal_set_tx_power_level
                0x08009a1c       0x4c ./Middlewares/ST/STM32_WPAN/ble/core/auto/ble_hal_aci.o
                0x08009a1c                aci_hal_set_tx_power_level
 .text.aci_hal_set_radio_activity_mask
                0x08009a68       0x48 ./Middlewares/ST/STM32_WPAN/ble/core/auto/ble_hal_aci.o
                0x08009a68                aci_hal_set_radio_activity_mask
 .text.hci_reset
                0x08009ab0       0x3a ./Middlewares/ST/STM32_WPAN/ble/core/auto/ble_hci_le.o
                0x08009ab0                hci_reset
 *fill*         0x08009aea        0x2 
 .text.hci_le_set_default_phy
                0x08009aec       0x50 ./Middlewares/ST/STM32_WPAN/ble/core/auto/ble_hci_le.o
                0x08009aec                hci_le_set_default_phy
 .text.Osal_MemCpy
                0x08009b3c        0x4 ./Middlewares/ST/STM32_WPAN/ble/core/template/osal.o
                0x08009b3c                Osal_MemCpy
 .text.Osal_MemSet
                0x08009b40        0x4 ./Middlewares/ST/STM32_WPAN/ble/core/template/osal.o
                0x08009b40                Osal_MemSet
 .text.BAS_Init
                0x08009b44        0x2 ./Middlewares/ST/STM32_WPAN/ble/svc/Src/svc_ctl.o
                0x08009b44                BAS_Init
 .text.BLS_Init
                0x08009b46        0x2 ./Middlewares/ST/STM32_WPAN/ble/svc/Src/svc_ctl.o
                0x08009b46                BLS_Init
 .text.CRS_STM_Init
                0x08009b48        0x2 ./Middlewares/ST/STM32_WPAN/ble/svc/Src/svc_ctl.o
                0x08009b48                CRS_STM_Init
 .text.DIS_Init
                0x08009b4a        0x2 ./Middlewares/ST/STM32_WPAN/ble/svc/Src/svc_ctl.o
                0x08009b4a                DIS_Init
 .text.EDS_STM_Init
                0x08009b4c        0x2 ./Middlewares/ST/STM32_WPAN/ble/svc/Src/svc_ctl.o
                0x08009b4c                EDS_STM_Init
 .text.HIDS_Init
                0x08009b4e        0x2 ./Middlewares/ST/STM32_WPAN/ble/svc/Src/svc_ctl.o
                0x08009b4e                HIDS_Init
 .text.HRS_Init
                0x08009b50        0x2 ./Middlewares/ST/STM32_WPAN/ble/svc/Src/svc_ctl.o
                0x08009b50                HRS_Init
 .text.HTS_Init
                0x08009b52        0x2 ./Middlewares/ST/STM32_WPAN/ble/svc/Src/svc_ctl.o
                0x08009b52                HTS_Init
 .text.IAS_Init
                0x08009b54        0x2 ./Middlewares/ST/STM32_WPAN/ble/svc/Src/svc_ctl.o
                0x08009b54                IAS_Init
 .text.LLS_Init
                0x08009b56        0x2 ./Middlewares/ST/STM32_WPAN/ble/svc/Src/svc_ctl.o
                0x08009b56                LLS_Init
 .text.TPS_Init
                0x08009b58        0x2 ./Middlewares/ST/STM32_WPAN/ble/svc/Src/svc_ctl.o
                0x08009b58                TPS_Init
 .text.MOTENV_STM_Init
                0x08009b5a        0x2 ./Middlewares/ST/STM32_WPAN/ble/svc/Src/svc_ctl.o
                0x08009b5a                MOTENV_STM_Init
 .text.P2PS_STM_Init
                0x08009b5c        0x2 ./Middlewares/ST/STM32_WPAN/ble/svc/Src/svc_ctl.o
                0x08009b5c                P2PS_STM_Init
 .text.ZDD_STM_Init
                0x08009b5e        0x2 ./Middlewares/ST/STM32_WPAN/ble/svc/Src/svc_ctl.o
                0x08009b5e                ZDD_STM_Init
 .text.OTAS_STM_Init
                0x08009b60        0x2 ./Middlewares/ST/STM32_WPAN/ble/svc/Src/svc_ctl.o
                0x08009b60                OTAS_STM_Init
 .text.MESH_Init
                0x08009b62        0x2 ./Middlewares/ST/STM32_WPAN/ble/svc/Src/svc_ctl.o
                0x08009b62                MESH_Init
 .text.BVOPUS_STM_Init
                0x08009b64        0x2 ./Middlewares/ST/STM32_WPAN/ble/svc/Src/svc_ctl.o
                0x08009b64                BVOPUS_STM_Init
 .text.SVCCTL_SvcInit
                0x08009b66       0x4c ./Middlewares/ST/STM32_WPAN/ble/svc/Src/svc_ctl.o
                0x08009b66                SVCCTL_SvcInit
 *fill*         0x08009bb2        0x2 
 .text.SVCCTL_Init
                0x08009bb4       0x1c ./Middlewares/ST/STM32_WPAN/ble/svc/Src/svc_ctl.o
                0x08009bb4                SVCCTL_Init
 .text.SVCCTL_RegisterSvcHandler
                0x08009bd0       0x14 ./Middlewares/ST/STM32_WPAN/ble/svc/Src/svc_ctl.o
                0x08009bd0                SVCCTL_RegisterSvcHandler
 .text.SVCCTL_UserEvtRx
                0x08009be4       0x48 ./Middlewares/ST/STM32_WPAN/ble/svc/Src/svc_ctl.o
                0x08009be4                SVCCTL_UserEvtRx
 .text.SHCI_C2_BLE_Init
                0x08009c2c       0x1c ./Middlewares/ST/STM32_WPAN/interface/patterns/ble_thread/shci/shci.o
                0x08009c2c                SHCI_C2_BLE_Init
 .text.SHCI_C2_DEBUG_Init
                0x08009c48       0x1c ./Middlewares/ST/STM32_WPAN/interface/patterns/ble_thread/shci/shci.o
                0x08009c48                SHCI_C2_DEBUG_Init
 .text.SHCI_C2_Config
                0x08009c64       0x1a ./Middlewares/ST/STM32_WPAN/interface/patterns/ble_thread/shci/shci.o
                0x08009c64                SHCI_C2_Config
 *fill*         0x08009c7e        0x2 
 .text.SHCI_GetWirelessFwInfo
                0x08009c80       0x80 ./Middlewares/ST/STM32_WPAN/interface/patterns/ble_thread/shci/shci.o
                0x08009c80                SHCI_GetWirelessFwInfo
 .text.hci_init
                0x08009d00       0x5c ./Middlewares/ST/STM32_WPAN/interface/patterns/ble_thread/tl/hci_tl.o
                0x08009d00                hci_init
 .text.hci_user_evt_proc
                0x08009d5c       0x6c ./Middlewares/ST/STM32_WPAN/interface/patterns/ble_thread/tl/hci_tl.o
                0x08009d5c                hci_user_evt_proc
 .text.hci_send_req
                0x08009dc8       0xd4 ./Middlewares/ST/STM32_WPAN/interface/patterns/ble_thread/tl/hci_tl.o
                0x08009dc8                hci_send_req
 .text.TlEvtReceived
                0x08009e9c       0x34 ./Middlewares/ST/STM32_WPAN/interface/patterns/ble_thread/tl/hci_tl.o
 .text.hci_register_io_bus
                0x08009ed0       0x14 ./Middlewares/ST/STM32_WPAN/interface/patterns/ble_thread/tl/hci_tl_if.o
                0x08009ed0                hci_register_io_bus
 .text.TlUserEvtReceived
                0x08009ee4       0x1c ./Middlewares/ST/STM32_WPAN/interface/patterns/ble_thread/tl/shci_tl.o
 .text.Cmd_SetStatus.constprop.0
                0x08009f00       0x18 ./Middlewares/ST/STM32_WPAN/interface/patterns/ble_thread/tl/shci_tl.o
 .text.shci_init
                0x08009f18       0x60 ./Middlewares/ST/STM32_WPAN/interface/patterns/ble_thread/tl/shci_tl.o
                0x08009f18                shci_init
 .text.shci_user_evt_proc
                0x08009f78       0x6c ./Middlewares/ST/STM32_WPAN/interface/patterns/ble_thread/tl/shci_tl.o
                0x08009f78                shci_user_evt_proc
 .text.shci_send
                0x08009fe4       0x7c ./Middlewares/ST/STM32_WPAN/interface/patterns/ble_thread/tl/shci_tl.o
                0x08009fe4                shci_send
 .text.TlCmdEvtReceived
                0x0800a060        0xa ./Middlewares/ST/STM32_WPAN/interface/patterns/ble_thread/tl/shci_tl.o
 *fill*         0x0800a06a        0x2 
 .text.shci_register_io_bus
                0x0800a06c       0x14 ./Middlewares/ST/STM32_WPAN/interface/patterns/ble_thread/tl/shci_tl_if.o
                0x0800a06c                shci_register_io_bus
 .text.SendFreeBuf
                0x0800a080       0x30 ./Middlewares/ST/STM32_WPAN/interface/patterns/ble_thread/tl/tl_mbox.o
 .text.TL_Enable
                0x0800a0b0        0x4 ./Middlewares/ST/STM32_WPAN/interface/patterns/ble_thread/tl/tl_mbox.o
                0x0800a0b0                TL_Enable
 .text.TL_Init  0x0800a0b4       0x5c ./Middlewares/ST/STM32_WPAN/interface/patterns/ble_thread/tl/tl_mbox.o
                0x0800a0b4                TL_Init
 .text.TL_BLE_Init
                0x0800a110       0x48 ./Middlewares/ST/STM32_WPAN/interface/patterns/ble_thread/tl/tl_mbox.o
                0x0800a110                TL_BLE_Init
 .text.TL_BLE_SendCmd
                0x0800a158       0x1c ./Middlewares/ST/STM32_WPAN/interface/patterns/ble_thread/tl/tl_mbox.o
                0x0800a158                TL_BLE_SendCmd
 .text.HW_IPCC_BLE_RxEvtNot
                0x0800a174       0x2c ./Middlewares/ST/STM32_WPAN/interface/patterns/ble_thread/tl/tl_mbox.o
                0x0800a174                HW_IPCC_BLE_RxEvtNot
 .text.HW_IPCC_BLE_AclDataAckNot
                0x0800a1a0        0xc ./Middlewares/ST/STM32_WPAN/interface/patterns/ble_thread/tl/tl_mbox.o
                0x0800a1a0                HW_IPCC_BLE_AclDataAckNot
 .text.TL_SYS_Init
                0x0800a1ac       0x3c ./Middlewares/ST/STM32_WPAN/interface/patterns/ble_thread/tl/tl_mbox.o
                0x0800a1ac                TL_SYS_Init
 .text.TL_SYS_SendCmd
                0x0800a1e8       0x1c ./Middlewares/ST/STM32_WPAN/interface/patterns/ble_thread/tl/tl_mbox.o
                0x0800a1e8                TL_SYS_SendCmd
 .text.HW_IPCC_SYS_CmdEvtNot
                0x0800a204       0x18 ./Middlewares/ST/STM32_WPAN/interface/patterns/ble_thread/tl/tl_mbox.o
                0x0800a204                HW_IPCC_SYS_CmdEvtNot
 .text.HW_IPCC_SYS_EvtNot
                0x0800a21c       0x2c ./Middlewares/ST/STM32_WPAN/interface/patterns/ble_thread/tl/tl_mbox.o
                0x0800a21c                HW_IPCC_SYS_EvtNot
 .text.TL_MM_Init
                0x0800a248       0x40 ./Middlewares/ST/STM32_WPAN/interface/patterns/ble_thread/tl/tl_mbox.o
                0x0800a248                TL_MM_Init
 .text.TL_MM_EvtDone
                0x0800a288       0x1c ./Middlewares/ST/STM32_WPAN/interface/patterns/ble_thread/tl/tl_mbox.o
                0x0800a288                TL_MM_EvtDone
 .text.TL_TRACES_Init
                0x0800a2a4       0x20 ./Middlewares/ST/STM32_WPAN/interface/patterns/ble_thread/tl/tl_mbox.o
                0x0800a2a4                TL_TRACES_Init
 .text.TL_TRACES_EvtReceived
                0x0800a2c4        0x2 ./Middlewares/ST/STM32_WPAN/interface/patterns/ble_thread/tl/tl_mbox.o
                0x0800a2c4                TL_TRACES_EvtReceived
 *fill*         0x0800a2c6        0x2 
 .text.HW_IPCC_TRACES_EvtNot
                0x0800a2c8       0x24 ./Middlewares/ST/STM32_WPAN/interface/patterns/ble_thread/tl/tl_mbox.o
                0x0800a2c8                HW_IPCC_TRACES_EvtNot
 .text.OTP_Read
                0x0800a2ec       0x20 ./Middlewares/ST/STM32_WPAN/utilities/otp.o
                0x0800a2ec                OTP_Read
 .text.LST_init_head
                0x0800a30c        0x6 ./Middlewares/ST/STM32_WPAN/utilities/stm_list.o
                0x0800a30c                LST_init_head
 .text.LST_is_empty
                0x0800a312       0x14 ./Middlewares/ST/STM32_WPAN/utilities/stm_list.o
                0x0800a312                LST_is_empty
 .text.LST_insert_head
                0x0800a326       0x18 ./Middlewares/ST/STM32_WPAN/utilities/stm_list.o
                0x0800a326                LST_insert_head
 .text.LST_insert_tail
                0x0800a33e       0x18 ./Middlewares/ST/STM32_WPAN/utilities/stm_list.o
                0x0800a33e                LST_insert_tail
 .text.LST_remove_node
                0x0800a356       0x16 ./Middlewares/ST/STM32_WPAN/utilities/stm_list.o
                0x0800a356                LST_remove_node
 .text.LST_remove_head
                0x0800a36c       0x18 ./Middlewares/ST/STM32_WPAN/utilities/stm_list.o
                0x0800a36c                LST_remove_head
 .text.BLE_UserEvtRx
                0x0800a384       0x16 ./STM32_WPAN/App/app_ble.o
 *fill*         0x0800a39a        0x2 
 .text.Adv_Cancel
                0x0800a39c       0x1c ./STM32_WPAN/App/app_ble.o
 .text.BLE_StatusNot
                0x0800a3b8       0x14 ./STM32_WPAN/App/app_ble.o
 .text.Adv_Request.constprop.0
                0x0800a3cc       0x3c ./STM32_WPAN/App/app_ble.o
 .text.APP_BLE_Init
                0x0800a408      0x1c8 ./STM32_WPAN/App/app_ble.o
                0x0800a408                APP_BLE_Init
 .text.SVCCTL_App_Notification
                0x0800a5d0       0xac ./STM32_WPAN/App/app_ble.o
                0x0800a5d0                SVCCTL_App_Notification
 .text.APP_BLE_Key_Button1_Action
                0x0800a67c        0x4 ./STM32_WPAN/App/app_ble.o
                0x0800a67c                APP_BLE_Key_Button1_Action
 .text.hci_notify_asynch_evt
                0x0800a680        0x8 ./STM32_WPAN/App/app_ble.o
                0x0800a680                hci_notify_asynch_evt
 .text.hci_cmd_resp_release
                0x0800a688        0x6 ./STM32_WPAN/App/app_ble.o
                0x0800a688                hci_cmd_resp_release
 .text.hci_cmd_resp_wait
                0x0800a68e        0x6 ./STM32_WPAN/App/app_ble.o
                0x0800a68e                hci_cmd_resp_wait
 .text.Custom_Notify_push_btn_c_Send_Notification
                0x0800a694       0x28 ./STM32_WPAN/App/custom_app.o
 .text.Custom_STM_App_Notification
                0x0800a6bc       0x4c ./STM32_WPAN/App/custom_app.o
                0x0800a6bc                Custom_STM_App_Notification
 .text.Custom_APP_Notification
                0x0800a708        0x2 ./STM32_WPAN/App/custom_app.o
                0x0800a708                Custom_APP_Notification
 *fill*         0x0800a70a        0x2 
 .text.Custom_APP_Init
                0x0800a70c       0x1c ./STM32_WPAN/App/custom_app.o
                0x0800a70c                Custom_APP_Init
 .text.P2PS_APP_SW1_Button_Action
                0x0800a728        0x8 ./STM32_WPAN/App/custom_app.o
                0x0800a728                P2PS_APP_SW1_Button_Action
 .text.Custom_STM_Event_Handler
                0x0800a730       0x8c ./STM32_WPAN/App/custom_stm.o
 .text.SVCCTL_InitCustomSvc
                0x0800a7bc       0xc4 ./STM32_WPAN/App/custom_stm.o
                0x0800a7bc                SVCCTL_InitCustomSvc
 .text.Custom_STM_App_Update_Char
                0x0800a880       0x40 ./STM32_WPAN/App/custom_stm.o
                0x0800a880                Custom_STM_App_Update_Char
 .text.HW_IPCC_Enable
                0x0800a8c0       0x50 ./STM32_WPAN/Target/hw_ipcc.o
                0x0800a8c0                HW_IPCC_Enable
 .text.HW_IPCC_Init
                0x0800a910       0x40 ./STM32_WPAN/Target/hw_ipcc.o
                0x0800a910                HW_IPCC_Init
 .text.HW_IPCC_BLE_Init
                0x0800a950       0x1c ./STM32_WPAN/Target/hw_ipcc.o
                0x0800a950                HW_IPCC_BLE_Init
 .text.HW_IPCC_BLE_SendCmd
                0x0800a96c       0x10 ./STM32_WPAN/Target/hw_ipcc.o
                0x0800a96c                HW_IPCC_BLE_SendCmd
 .text.HW_IPCC_SYS_Init
                0x0800a97c       0x1c ./STM32_WPAN/Target/hw_ipcc.o
                0x0800a97c                HW_IPCC_SYS_Init
 .text.HW_IPCC_SYS_SendCmd
                0x0800a998       0x20 ./STM32_WPAN/Target/hw_ipcc.o
                0x0800a998                HW_IPCC_SYS_SendCmd
 .text.HW_IPCC_Tx_Handler
                0x0800a9b8       0x84 ./STM32_WPAN/Target/hw_ipcc.o
                0x0800a9b8                HW_IPCC_Tx_Handler
 .text.HW_IPCC_MM_SendFreeBuf
                0x0800aa3c       0x34 ./STM32_WPAN/Target/hw_ipcc.o
                0x0800aa3c                HW_IPCC_MM_SendFreeBuf
 .text.HW_IPCC_TRACES_Init
                0x0800aa70       0x1c ./STM32_WPAN/Target/hw_ipcc.o
                0x0800aa70                HW_IPCC_TRACES_Init
 .text.HW_IPCC_Rx_Handler
                0x0800aa8c       0x48 ./STM32_WPAN/Target/hw_ipcc.o
                0x0800aa8c                HW_IPCC_Rx_Handler
 .text.UTIL_LPM_Init
                0x0800aad4       0x14 ./Utilities/lpm/tiny_lpm/stm32_lpm.o
                0x0800aad4                UTIL_LPM_Init
 .text.UTIL_LPM_SetOffMode
                0x0800aae8       0x2c ./Utilities/lpm/tiny_lpm/stm32_lpm.o
                0x0800aae8                UTIL_LPM_SetOffMode
 .text.UTIL_SEQ_SetTask
                0x0800ab14       0x2c ./Utilities/sequencer/stm32_seq.o
                0x0800ab14                UTIL_SEQ_SetTask
 .text.UTIL_SEQ_PauseTask
                0x0800ab40       0x1c ./Utilities/sequencer/stm32_seq.o
                0x0800ab40                UTIL_SEQ_PauseTask
 .text.UTIL_SEQ_ResumeTask
                0x0800ab5c       0x18 ./Utilities/sequencer/stm32_seq.o
                0x0800ab5c                UTIL_SEQ_ResumeTask
 .text.UTIL_SEQ_SetEvt
                0x0800ab74       0x18 ./Utilities/sequencer/stm32_seq.o
                0x0800ab74                UTIL_SEQ_SetEvt
 .text.UTIL_SEQ_PreIdle
                0x0800ab8c        0x2 ./Utilities/sequencer/stm32_seq.o
                0x0800ab8c                UTIL_SEQ_PreIdle
 .text.UTIL_SEQ_PostIdle
                0x0800ab8e        0x2 ./Utilities/sequencer/stm32_seq.o
                0x0800ab8e                UTIL_SEQ_PostIdle
 .text.UTIL_SEQ_PreTask
                0x0800ab90        0x2 ./Utilities/sequencer/stm32_seq.o
                0x0800ab90                UTIL_SEQ_PreTask
 .text.UTIL_SEQ_PostTask
                0x0800ab92        0x2 ./Utilities/sequencer/stm32_seq.o
                0x0800ab92                UTIL_SEQ_PostTask
 .text.UTIL_SEQ_CatchWarning
                0x0800ab94        0x2 ./Utilities/sequencer/stm32_seq.o
                0x0800ab94                UTIL_SEQ_CatchWarning
 .text.SEQ_BitPosition
                0x0800ab96       0x12 ./Utilities/sequencer/stm32_seq.o
                0x0800ab96                SEQ_BitPosition
 .text.UTIL_SEQ_Run
                0x0800aba8      0x170 ./Utilities/sequencer/stm32_seq.o
                0x0800aba8                UTIL_SEQ_Run
 .text.UTIL_SEQ_EvtIdle
                0x0800ad18        0x6 ./Utilities/sequencer/stm32_seq.o
                0x0800ad18                UTIL_SEQ_EvtIdle
 *fill*         0x0800ad1e        0x2 
 .text.UTIL_SEQ_WaitEvt
                0x0800ad20       0x64 ./Utilities/sequencer/stm32_seq.o
                0x0800ad20                UTIL_SEQ_WaitEvt
 .text.UTIL_SEQ_RegTask
                0x0800ad84       0x1c ./Utilities/sequencer/stm32_seq.o
                0x0800ad84                UTIL_SEQ_RegTask
 .text.memset   0x0800ada0       0x10 /opt/st/stm32cubeide_2.0.0/plugins/com.st.stm32cube.ide.mcu.externaltools.gnu-tools-for-stm32.13.3.rel1.linux64_1.0.100.202509120712/tools/bin/../lib/gcc/arm-none-eabi/13.3.1/../../../../arm-none-eabi/lib/thumb/v7e-m+fp/hard/libc_nano.a(libc_a-memset.o)
                0x0800ada0                memset
 .text.__libc_init_array
                0x0800adb0       0x48 /opt/st/stm32cubeide_2.0.0/plugins/com.st.stm32cube.ide.mcu.externaltools.gnu-tools-for-stm32.13.3.rel1.linux64_1.0.100.202509120712/tools/bin/../lib/gcc/arm-none-eabi/13.3.1/../../../../arm-none-eabi/lib/thumb/v7e-m+fp/hard/libc_nano.a(libc_a-init.o)
                0x0800adb0                __libc_init_array
 .text.memcpy   0x0800adf8       0x1c /opt/st/stm32cubeide_2.0.0/plugins/com.st.stm32cube.ide.mcu.externaltools.gnu-tools-for-stm32.13.3.rel1.linux64_1.0.100.202509120712/tools/bin/../lib/gcc/arm-none-eabi/13.3.1/../../../../arm-none-eabi/lib/thumb/v7e-m+fp/hard/libc_nano.a(libc_a-memcpy-stub.o)
                0x0800adf8                memcpy
 *(.glue_7)
 .glue_7        0x0800ae14        0x0 linker stubs
 *(.glue_7t)
 .glue_7t       0x0800ae14        0x0 linker stubs
 *(.eh_frame)
 .eh_frame      0x0800ae14        0x0 /opt/st/stm32cubeide_2.0.0/plugins/com.st.stm32cube.ide.mcu.externaltools.gnu-tools-for-stm32.13.3.rel1.linux64_1.0.100.202509120712/tools/bin/../lib/gcc/arm-none-eabi/13.3.1/thumb/v7e-m+fp/hard/crtbegin.o
 *(.init)
 .init          0x0800ae14        0x4 /opt/st/stm32cubeide_2.0.0/plugins/com.st.stm32cube.ide.mcu.externaltools.gnu-tools-for-stm32.13.3.rel1.linux64_1.0.100.202509120712/tools/bin/../lib/gcc/arm-none-eabi/13.3.1/thumb/v7e-m+fp/hard/crti.o
                0x0800ae14                _init
 .init          0x0800ae18        0x8 /opt/st/stm32cubeide_2.0.0/plugins/com.st.stm32cube.ide.mcu.externaltools.gnu-tools-for-stm32.13.3.rel1.linux64_1.0.100.202509120712/tools/bin/../lib/gcc/arm-none-eabi/13.3.1/thumb/v7e-m+fp/hard/crtn.o
 *(.fini)
 .fini          0x0800ae20        0x4 /opt/st/stm32cubeide_2.0.0/plugins/com.st.stm32cube.ide.mcu.externaltools.gnu-tools-for-stm32.13.3.rel1.linux64_1.0.100.202509120712/tools/bin/../lib/gcc/arm-none-eabi/13.3.1/thumb/v7e-m+fp/hard/crti.o
                0x0800ae20                _fini
 .fini          0x0800ae24        0x8 /opt/st/stm32cubeide_2.0.0/plugins/com.st.stm32cube.ide.mcu.externaltools.gnu-tools-for-stm32.13.3.rel1.linux64_1.0.100.202509120712/tools/bin/../lib/gcc/arm-none-eabi/13.3.1/thumb/v7e-m+fp/hard/crtn.o
                0x0800ae2c                        . = ALIGN (0x4)
                0x0800ae2c                        _etext = .

.vfp11_veneer   0x0800ae2c        0x0
 .vfp11_veneer  0x0800ae2c        0x0 linker stubs

.v4_bx          0x0800ae2c        0x0
 .v4_bx         0x0800ae2c        0x0 linker stubs

.iplt           0x0800ae2c        0x0
 .iplt          0x0800ae2c        0x0 /opt/st/stm32cubeide_2.0.0/plugins/com.st.stm32cube.ide.mcu.externaltools.gnu-tools-for-stm32.13.3.rel1.linux64_1.0.100.202509120712/tools/bin/../lib/gcc/arm-none-eabi/13.3.1/thumb/v7e-m+fp/hard/crtbegin.o

.rodata         0x0800ae2c      0x21c
                0x0800ae2c                        . = ALIGN (0x4)
 *(.rodata)
 .rodata        0x0800ae2c       0x1b ./Core/Src/app_debug.o
 *fill*         0x0800ae47        0x1 
 .rodata        0x0800ae48       0x20 ./Drivers/STM32WBxx_HAL_Driver/Src/stm32wbxx_hal_rcc.o
 *(.rodata*)
 .rodata.aGpioConfigList
                0x0800ae68      0x130 ./Core/Src/app_debug.o
 .rodata.MSIRangeTable
                0x0800af98       0x40 ./Core/Src/system_stm32wbxx.o
                0x0800af98                MSIRangeTable
 .rodata.AHBPrescTable
                0x0800afd8       0x40 ./Core/Src/system_stm32wbxx.o
                0x0800afd8                AHBPrescTable
 .rodata.APP_BLE_Init.str1.1
                0x0800b018        0x9 ./STM32_WPAN/App/app_ble.o
 .rodata.a_BLE_CfgErValue
                0x0800b021       0x10 ./STM32_WPAN/App/app_ble.o
 .rodata.a_BLE_CfgIrValue
                0x0800b031       0x10 ./STM32_WPAN/App/app_ble.o
 .rodata.a_MBdAddr
                0x0800b041        0x6 ./STM32_WPAN/App/app_ble.o
                0x0800b048                        . = ALIGN (0x4)
 *fill*         0x0800b047        0x1 

.ARM.extab
 *(.ARM.extab* .gnu.linkonce.armextab.*)

.ARM            0x0800b048        0x0
                0x0800b048                        __exidx_start = .
 *(.ARM.exidx*)
                0x0800b048                        __exidx_end = .

.preinit_array  0x0800b048        0x0
                0x0800b048                        PROVIDE (__preinit_array_start = .)
 *(.preinit_array*)
                0x0800b048                        PROVIDE (__preinit_array_end = .)

.init_array     0x0800b048        0x4
                0x0800b048                        PROVIDE (__init_array_start = .)
 *(SORT_BY_NAME(.init_array.*))
 *(.init_array*)
 .init_array    0x0800b048        0x4 /opt/st/stm32cubeide_2.0.0/plugins/com.st.stm32cube.ide.mcu.externaltools.gnu-tools-for-stm32.13.3.rel1.linux64_1.0.100.202509120712/tools/bin/../lib/gcc/arm-none-eabi/13.3.1/thumb/v7e-m+fp/hard/crtbegin.o
                0x0800b04c                        PROVIDE (__init_array_end = .)

.fini_array     0x0800b04c        0x4
                [!provide]                        PROVIDE (__fini_array_start = .)
 *(SORT_BY_NAME(.fini_array.*))
 *(.fini_array*)
 .fini_array    0x0800b04c        0x4 /opt/st/stm32cubeide_2.0.0/plugins/com.st.stm32cube.ide.mcu.externaltools.gnu-tools-for-stm32.13.3.rel1.linux64_1.0.100.202509120712/tools/bin/../lib/gcc/arm-none-eabi/13.3.1/thumb/v7e-m+fp/hard/crtbegin.o
                [!provide]                        PROVIDE (__fini_array_end = .)
                0x0800b050                        _sidata = LOADADDR (.data)

.rel.dyn        0x0800b050        0x0
 .rel.iplt      0x0800b050        0x0 /opt/st/stm32cubeide_2.0.0/plugins/com.st.stm32cube.ide.mcu.externaltools.gnu-tools-for-stm32.13.3.rel1.linux64_1.0.100.202509120712/tools/bin/../lib/gcc/arm-none-eabi/13.3.1/thumb/v7e-m+fp/hard/crtbegin.o

.data           0x20000008       0x2c load address 0x0800b050
                0x20000008                        . = ALIGN (0x4)
                0x20000008                        _sdata = .
 *(.data)
 *(.data*)
 .data.SystemCoreClock
                0x20000008        0x4 ./Core/Src/system_stm32wbxx.o
                0x20000008                SystemCoreClock
 .data.uwTickFreq
                0x2000000c        0x1 ./Drivers/STM32WBxx_HAL_Driver/Src/stm32wbxx_hal.o
                0x2000000c                uwTickFreq
 *fill*         0x2000000d        0x3 
 .data.uwTickPrio
                0x20000010        0x4 ./Drivers/STM32WBxx_HAL_Driver/Src/stm32wbxx_hal.o
                0x20000010                uwTickPrio
 .data.a_AdvData
                0x20000014       0x14 ./STM32_WPAN/App/app_ble.o
                0x20000014                a_AdvData
 .data.SizeNotify_Push_Btn_C
                0x20000028        0x2 ./STM32_WPAN/App/custom_stm.o
                0x20000028                SizeNotify_Push_Btn_C
 .data.SizeLed_Ctrl_Char
                0x2000002a        0x2 ./STM32_WPAN/App/custom_stm.o
                0x2000002a                SizeLed_Ctrl_Char
 .data.SuperMask
                0x2000002c        0x4 ./Utilities/sequencer/stm32_seq.o
 .data.TaskMask
                0x20000030        0x4 ./Utilities/sequencer/stm32_seq.o
 *(.RamFunc)
 *(.RamFunc*)
                0x20000034                        . = ALIGN (0x4)
                0x20000034                        _edata = .

.igot.plt       0x20000034        0x0 load address 0x0800b07c
 .igot.plt      0x20000034        0x0 /opt/st/stm32cubeide_2.0.0/plugins/com.st.stm32cube.ide.mcu.externaltools.gnu-tools-for-stm32.13.3.rel1.linux64_1.0.100.202509120712/tools/bin/../lib/gcc/arm-none-eabi/13.3.1/thumb/v7e-m+fp/hard/crtbegin.o

BLE_DRIVER_CONTEXT
                0x20000034       0x35 load address 0x0800b07c
 BLE_DRIVER_CONTEXT
                0x20000034       0x24 ./Middlewares/ST/STM32_WPAN/ble/svc/Src/svc_ctl.o
                0x20000034                SVCCTL_CltHandler
                0x20000038                SVCCTL_EvtHandler
 BLE_DRIVER_CONTEXT
                0x20000058       0x11 ./Middlewares/ST/STM32_WPAN/interface/patterns/ble_thread/tl/hci_tl.o
                0x20000058                UserEventFlow

SYSTEM_DRIVER_CONTEXT
                0x2000006c       0x11 load address 0x0800b0b1
 SYSTEM_DRIVER_CONTEXT
                0x2000006c       0x11 ./Middlewares/ST/STM32_WPAN/interface/patterns/ble_thread/tl/shci_tl.o
                0x2000006c                SHCI_TL_UserEventFlow
                0x20000080                        . = ALIGN (0x4)

.bss            0x20000080      0x510 load address 0x0800b0c2
                0x20000080                        _sbss = .
                0x20000080                        __bss_start__ = _sbss
 *(.bss)
 .bss           0x20000080       0x1c /opt/st/stm32cubeide_2.0.0/plugins/com.st.stm32cube.ide.mcu.externaltools.gnu-tools-for-stm32.13.3.rel1.linux64_1.0.100.202509120712/tools/bin/../lib/gcc/arm-none-eabi/13.3.1/thumb/v7e-m+fp/hard/crtbegin.o
 *(.bss*)
 .bss.MaxWakeupTimerSetup
                0x2000009c        0x2 ./Core/Src/hw_timerserver.o
 .bss.SynchPrescalerUserConfig
                0x2000009e        0x2 ./Core/Src/hw_timerserver.o
 .bss.AsynchPrescalerUserConfig
                0x200000a0        0x1 ./Core/Src/hw_timerserver.o
 .bss.WakeupTimerDivider
                0x200000a1        0x1 ./Core/Src/hw_timerserver.o
 .bss.WakeupTimerLimitation
                0x200000a2        0x1 ./Core/Src/hw_timerserver.o
 *fill*         0x200000a3        0x1 
 .bss.SSRValueOnLastSetup
                0x200000a4        0x4 ./Core/Src/hw_timerserver.o
 .bss.CurrentRunningTimerID
                0x200000a8        0x1 ./Core/Src/hw_timerserver.o
 *fill*         0x200000a9        0x3 
 .bss.aTimerContext
                0x200000ac       0x90 ./Core/Src/hw_timerserver.o
 .bss.htim1     0x2000013c       0x4c ./Core/Src/main.o
                0x2000013c                htim1
 .bss.hrtc      0x20000188       0x24 ./Core/Src/main.o
                0x20000188                hrtc
 .bss.hipcc     0x200001ac       0x3c ./Core/Src/main.o
                0x200001ac                hipcc
 .bss.uwTick    0x200001e8        0x4 ./Drivers/STM32WBxx_HAL_Driver/Src/stm32wbxx_hal.o
                0x200001e8                uwTick
 .bss.CmdRspStatusFlag
                0x200001ec        0x1 ./Middlewares/ST/STM32_WPAN/interface/patterns/ble_thread/tl/hci_tl.o
 *fill*         0x200001ed        0x3 
 .bss.StatusNotCallBackFunction
                0x200001f0        0x4 ./Middlewares/ST/STM32_WPAN/interface/patterns/ble_thread/tl/hci_tl.o
 .bss.HciCmdEventQueue
                0x200001f4        0x8 ./Middlewares/ST/STM32_WPAN/interface/patterns/ble_thread/tl/hci_tl.o
 .bss.hciContext
                0x200001fc       0x20 ./Middlewares/ST/STM32_WPAN/interface/patterns/ble_thread/tl/hci_tl.o
 .bss.CmdRspStatusFlag
                0x2000021c        0x1 ./Middlewares/ST/STM32_WPAN/interface/patterns/ble_thread/tl/shci_tl.o
 *fill*         0x2000021d        0x3 
 .bss.StatusNotCallBackFunction
                0x20000220        0x4 ./Middlewares/ST/STM32_WPAN/interface/patterns/ble_thread/tl/shci_tl.o
 .bss.shciContext
                0x20000224       0x20 ./Middlewares/ST/STM32_WPAN/interface/patterns/ble_thread/tl/shci_tl.o
 .bss.SYS_EVT_IoBusCallBackFunction
                0x20000244        0x4 ./Middlewares/ST/STM32_WPAN/interface/patterns/ble_thread/tl/tl_mbox.o
 .bss.SYS_CMD_IoBusCallBackFunction
                0x20000248        0x4 ./Middlewares/ST/STM32_WPAN/interface/patterns/ble_thread/tl/tl_mbox.o
 .bss.BLE_IoBusAclDataTxAck
                0x2000024c        0x4 ./Middlewares/ST/STM32_WPAN/interface/patterns/ble_thread/tl/tl_mbox.o
 .bss.BLE_IoBusEvtCallBackFunction
                0x20000250        0x4 ./Middlewares/ST/STM32_WPAN/interface/patterns/ble_thread/tl/tl_mbox.o
 .bss.LocalFreeBufQueue
                0x20000254        0x8 ./Middlewares/ST/STM32_WPAN/interface/patterns/ble_thread/tl/tl_mbox.o
 .bss.HandleNotification
                0x2000025c        0x4 ./STM32_WPAN/App/app_ble.o
                0x2000025c                HandleNotification
 .bss.BleApplicationContext
                0x20000260       0x76 ./STM32_WPAN/App/app_ble.o
 .bss.a_BdAddrUdn
                0x200002d6        0x6 ./STM32_WPAN/App/app_ble.o
 .bss.NotifyCharData
                0x200002dc      0x200 ./STM32_WPAN/App/custom_app.o
                0x200002dc                NotifyCharData
 .bss.Custom_App_Context
                0x200004dc        0x4 ./STM32_WPAN/App/custom_app.o
 .bss.CustomContext
                0x200004e0        0x6 ./STM32_WPAN/App/custom_stm.o
 *fill*         0x200004e6        0x2 
 .bss.FreeBufCb
                0x200004e8        0x4 ./STM32_WPAN/Target/hw_ipcc.o
 .bss.OffModeDisable
                0x200004ec        0x4 ./Utilities/lpm/tiny_lpm/stm32_lpm.o
 .bss.StopModeDisable
                0x200004f0        0x4 ./Utilities/lpm/tiny_lpm/stm32_lpm.o
 .bss.TaskClearList
                0x200004f4        0x4 ./Utilities/sequencer/stm32_seq.o
 .bss.TaskPrio  0x200004f8        0x8 ./Utilities/sequencer/stm32_seq.o
 .bss.TaskCb    0x20000500       0x80 ./Utilities/sequencer/stm32_seq.o
 .bss.CurrentTaskIdx
                0x20000580        0x4 ./Utilities/sequencer/stm32_seq.o
 .bss.EvtWaited
                0x20000584        0x4 ./Utilities/sequencer/stm32_seq.o
 .bss.EvtSet    0x20000588        0x4 ./Utilities/sequencer/stm32_seq.o
 .bss.TaskSet   0x2000058c        0x4 ./Utilities/sequencer/stm32_seq.o
 *(COMMON)
                0x20000590                        . = ALIGN (0x4)
                0x20000590                        _ebss = .
                0x20000590                        __bss_end__ = _ebss

._user_heap_stack
                0x20000590      0x600 load address 0x0800b0c2
                0x20000590                        . = ALIGN (0x8)
                [!provide]                        PROVIDE (end = .)
                0x20000590                        PROVIDE (_end = .)
                0x20000790                        . = (. + _Min_Heap_Size)
 *fill*         0x20000590      0x200 
                0x20000b90                        . = (. + _Min_Stack_Size)
 *fill*         0x20000790      0x400 
                0x20000b90                        . = ALIGN (0x8)

/DISCARD/
 libc.a(*)
 libm.a(*)
 libgcc.a(*)

.ARM.attributes
                0x00000000       0x30
 *(.ARM.attributes)
 .ARM.attributes
                0x00000000       0x22 /opt/st/stm32cubeide_2.0.0/plugins/com.st.stm32cube.ide.mcu.externaltools.gnu-tools-for-stm32.13.3.rel1.linux64_1.0.100.202509120712/tools/bin/../lib/gcc/arm-none-eabi/13.3.1/thumb/v7e-m+fp/hard/crti.o
 .ARM.attributes
                0x00000022       0x34 /opt/st/stm32cubeide_2.0.0/plugins/com.st.stm32cube.ide.mcu.externaltools.gnu-tools-for-stm32.13.3.rel1.linux64_1.0.100.202509120712/tools/bin/../lib/gcc/arm-none-eabi/13.3.1/thumb/v7e-m+fp/hard/crtbegin.o
 .ARM.attributes
                0x00000056       0x34 ./Core/Src/app_debug.o
 .ARM.attributes
                0x0000008a       0x34 ./Core/Src/app_entry.o
 .ARM.attributes
                0x000000be       0x34 ./Core/Src/hw_timerserver.o
 .ARM.attributes
                0x000000f2       0x34 ./Core/Src/main.o
 .ARM.attributes
                0x00000126       0x34 ./Core/Src/stm32wbxx_hal_msp.o
 .ARM.attributes
                0x0000015a       0x34 ./Core/Src/stm32wbxx_it.o
 .ARM.attributes
                0x0000018e       0x34 ./Core/Src/system_stm32wbxx.o
 .ARM.attributes
                0x000001c2       0x21 ./Core/Startup/startup_stm32wb5mmghx.o
 .ARM.attributes
                0x000001e3       0x34 ./Drivers/STM32WBxx_HAL_Driver/Src/stm32wbxx_hal.o
 .ARM.attributes
                0x00000217       0x34 ./Drivers/STM32WBxx_HAL_Driver/Src/stm32wbxx_hal_cortex.o
 .ARM.attributes
                0x0000024b       0x34 ./Drivers/STM32WBxx_HAL_Driver/Src/stm32wbxx_hal_gpio.o
 .ARM.attributes
                0x0000027f       0x34 ./Drivers/STM32WBxx_HAL_Driver/Src/stm32wbxx_hal_hsem.o
 .ARM.attributes
                0x000002b3       0x34 ./Drivers/STM32WBxx_HAL_Driver/Src/stm32wbxx_hal_ipcc.o
 .ARM.attributes
                0x000002e7       0x34 ./Drivers/STM32WBxx_HAL_Driver/Src/stm32wbxx_hal_pwr.o
 .ARM.attributes
                0x0000031b       0x34 ./Drivers/STM32WBxx_HAL_Driver/Src/stm32wbxx_hal_pwr_ex.o
 .ARM.attributes
                0x0000034f       0x34 ./Drivers/STM32WBxx_HAL_Driver/Src/stm32wbxx_hal_rcc.o
 .ARM.attributes
                0x00000383       0x34 ./Drivers/STM32WBxx_HAL_Driver/Src/stm32wbxx_hal_rcc_ex.o
 .ARM.attributes
                0x000003b7       0x34 ./Drivers/STM32WBxx_HAL_Driver/Src/stm32wbxx_hal_rtc.o
 .ARM.attributes
                0x000003eb       0x34 ./Drivers/STM32WBxx_HAL_Driver/Src/stm32wbxx_hal_rtc_ex.o
 .ARM.attributes
                0x0000041f       0x34 ./Drivers/STM32WBxx_HAL_Driver/Src/stm32wbxx_hal_tim.o
 .ARM.attributes
                0x00000453       0x34 ./Drivers/STM32WBxx_HAL_Driver/Src/stm32wbxx_hal_tim_ex.o
 .ARM.attributes
                0x00000487       0x34 ./Middlewares/ST/STM32_WPAN/ble/core/auto/ble_gap_aci.o
 .ARM.attributes
                0x000004bb       0x34 ./Middlewares/ST/STM32_WPAN/ble/core/auto/ble_gatt_aci.o
 .ARM.attributes
                0x000004ef       0x34 ./Middlewares/ST/STM32_WPAN/ble/core/auto/ble_hal_aci.o
 .ARM.attributes
                0x00000523       0x34 ./Middlewares/ST/STM32_WPAN/ble/core/auto/ble_hci_le.o
 .ARM.attributes
                0x00000557       0x34 ./Middlewares/ST/STM32_WPAN/ble/core/template/osal.o
 .ARM.attributes
                0x0000058b       0x34 ./Middlewares/ST/STM32_WPAN/ble/svc/Src/svc_ctl.o
 .ARM.attributes
                0x000005bf       0x34 ./Middlewares/ST/STM32_WPAN/interface/patterns/ble_thread/shci/shci.o
 .ARM.attributes
                0x000005f3       0x34 ./Middlewares/ST/STM32_WPAN/interface/patterns/ble_thread/tl/hci_tl.o
 .ARM.attributes
                0x00000627       0x34 ./Middlewares/ST/STM32_WPAN/interface/patterns/ble_thread/tl/hci_tl_if.o
 .ARM.attributes
                0x0000065b       0x34 ./Middlewares/ST/STM32_WPAN/interface/patterns/ble_thread/tl/shci_tl.o
 .ARM.attributes
                0x0000068f       0x34 ./Middlewares/ST/STM32_WPAN/interface/patterns/ble_thread/tl/shci_tl_if.o
 .ARM.attributes
                0x000006c3       0x34 ./Middlewares/ST/STM32_WPAN/interface/patterns/ble_thread/tl/tl_mbox.o
 .ARM.attributes
                0x000006f7       0x34 ./Middlewares/ST/STM32_WPAN/utilities/otp.o
 .ARM.attributes
                0x0000072b       0x34 ./Middlewares/ST/STM32_WPAN/utilities/stm_list.o
 .ARM.attributes
                0x0000075f       0x34 ./STM32_WPAN/App/app_ble.o
 .ARM.attributes
                0x00000793       0x34 ./STM32_WPAN/App/custom_app.o
 .ARM.attributes
                0x000007c7       0x34 ./STM32_WPAN/App/custom_stm.o
 .ARM.attributes
                0x000007fb       0x34 ./STM32_WPAN/Target/hw_ipcc.o
 .ARM.attributes
                0x0000082f       0x34 ./Utilities/lpm/tiny_lpm/stm32_lpm.o
 .ARM.attributes
                0x00000863       0x34 ./Utilities/sequencer/stm32_seq.o
 .ARM.attributes
                0x00000897       0x34 /opt/st/stm32cubeide_2.0.0/plugins/com.st.stm32cube.ide.mcu.externaltools.gnu-tools-for-stm32.13.3.rel1.linux64_1.0.100.202509120712/tools/bin/../lib/gcc/arm-none-eabi/13.3.1/../../../../arm-none-eabi/lib/thumb/v7e-m+fp/hard/libc_nano.a(libc_a-memset.o)
 .ARM.attributes
                0x000008cb       0x34 /opt/st/stm32cubeide_2.0.0/plugins/com.st.stm32cube.ide.mcu.externaltools.gnu-tools-for-stm32.13.3.rel1.linux64_1.0.100.202509120712/tools/bin/../lib/gcc/arm-none-eabi/13.3.1/../../../../arm-none-eabi/lib/thumb/v7e-m+fp/hard/libc_nano.a(libc_a-init.o)
 .ARM.attributes
                0x000008ff       0x34 /opt/st/stm32cubeide_2.0.0/plugins/com.st.stm32cube.ide.mcu.externaltools.gnu-tools-for-stm32.13.3.rel1.linux64_1.0.100.202509120712/tools/bin/../lib/gcc/arm-none-eabi/13.3.1/../../../../arm-none-eabi/lib/thumb/v7e-m+fp/hard/libc_nano.a(libc_a-memcpy-stub.o)
 .ARM.attributes
                0x00000933       0x22 /opt/st/stm32cubeide_2.0.0/plugins/com.st.stm32cube.ide.mcu.externaltools.gnu-tools-for-stm32.13.3.rel1.linux64_1.0.100.202509120712/tools/bin/../lib/gcc/arm-none-eabi/13.3.1/thumb/v7e-m+fp/hard/crtn.o

MAPPING_TABLE   0x20030000       0x28
 *(MAPPING_TABLE)
 MAPPING_TABLE  0x20030000       0x28 ./Middlewares/ST/STM32_WPAN/interface/patterns/ble_thread/tl/tl_mbox.o

MB_MEM1         0x20030028      0x1bb
 *(MB_MEM1)
 MB_MEM1        0x20030028       0xb0 ./Middlewares/ST/STM32_WPAN/interface/patterns/ble_thread/tl/tl_mbox.o
 MB_MEM1        0x200300d8      0x10b ./STM32_WPAN/App/app_ble.o
                0x0800b0c2                        _siMB_MEM2 = LOADADDR (.MB_MEM2)

.MB_MEM2        0x200301e4      0x883 load address 0x0800b0c2
                0x200301e4                        _sMB_MEM2 = .
 *(MB_MEM2)
 MB_MEM2        0x200301e4       0x14 ./Core/Src/app_debug.o
 MB_MEM2        0x200301f8      0x860 ./Core/Src/app_entry.o
 MB_MEM2        0x20030a58        0xf ./Middlewares/ST/STM32_WPAN/interface/patterns/ble_thread/tl/tl_mbox.o
                0x20030a67                        _eMB_MEM2 = .
OUTPUT(BLE_P2P_SERVER.elf elf32-littlearm)
LOAD linker stubs
LOAD /opt/st/stm32cubeide_2.0.0/plugins/com.st.stm32cube.ide.mcu.externaltools.gnu-tools-for-stm32.13.3.rel1.linux64_1.0.100.202509120712/tools/bin/../lib/gcc/arm-none-eabi/13.3.1/../../../../arm-none-eabi/lib/thumb/v7e-m+fp/hard/libc.a
LOAD /opt/st/stm32cubeide_2.0.0/plugins/com.st.stm32cube.ide.mcu.externaltools.gnu-tools-for-stm32.13.3.rel1.linux64_1.0.100.202509120712/tools/bin/../lib/gcc/arm-none-eabi/13.3.1/../../../../arm-none-eabi/lib/thumb/v7e-m+fp/hard/libm.a
LOAD /opt/st/stm32cubeide_2.0.0/plugins/com.st.stm32cube.ide.mcu.externaltools.gnu-tools-for-stm32.13.3.rel1.linux64_1.0.100.202509120712/tools/bin/../lib/gcc/arm-none-eabi/13.3.1/thumb/v7e-m+fp/hard/libgcc.a

.comment        0x00000000       0x43
 .comment       0x00000000       0x43 ./Core/Src/app_debug.o
                                 0x44 (size before relaxing)
 .comment       0x00000043        0x0 ./Core/Src/app_entry.o
                                 0x44 (size before relaxing)
 .comment       0x00000043        0x0 ./Core/Src/hw_timerserver.o
                                 0x44 (size before relaxing)
 .comment       0x00000043        0x0 ./Core/Src/main.o
                                 0x44 (size before relaxing)
 .comment       0x00000043        0x0 ./Core/Src/stm32wbxx_hal_msp.o
                                 0x44 (size before relaxing)
 .comment       0x00000043        0x0 ./Core/Src/stm32wbxx_it.o
                                 0x44 (size before relaxing)
 .comment       0x00000043        0x0 ./Core/Src/system_stm32wbxx.o
                                 0x44 (size before relaxing)
 .comment       0x00000043        0x0 ./Drivers/STM32WBxx_HAL_Driver/Src/stm32wbxx_hal.o
                                 0x44 (size before relaxing)
 .comment       0x00000043        0x0 ./Drivers/STM32WBxx_HAL_Driver/Src/stm32wbxx_hal_cortex.o
                                 0x44 (size before relaxing)
 .comment       0x00000043        0x0 ./Drivers/STM32WBxx_HAL_Driver/Src/stm32wbxx_hal_gpio.o
                                 0x44 (size before relaxing)
 .comment       0x00000043        0x0 ./Drivers/STM32WBxx_HAL_Driver/Src/stm32wbxx_hal_hsem.o
                                 0x44 (size before relaxing)
 .comment       0x00000043        0x0 ./Drivers/STM32WBxx_HAL_Driver/Src/stm32wbxx_hal_ipcc.o
                                 0x44 (size before relaxing)
 .comment       0x00000043        0x0 ./Drivers/STM32WBxx_HAL_Driver/Src/stm32wbxx_hal_pwr.o
                                 0x44 (size before relaxing)
 .comment       0x00000043        0x0 ./Drivers/STM32WBxx_HAL_Driver/Src/stm32wbxx_hal_pwr_ex.o
                                 0x44 (size before relaxing)
 .comment       0x00000043        0x0 ./Drivers/STM32WBxx_HAL_Driver/Src/stm32wbxx_hal_rcc.o
                                 0x44 (size before relaxing)
 .comment       0x00000043        0x0 ./Drivers/STM32WBxx_HAL_Driver/Src/stm32wbxx_hal_rcc_ex.o
                                 0x44 (size before relaxing)
 .comment       0x00000043        0x0 ./Drivers/STM32WBxx_HAL_Driver/Src/stm32wbxx_hal_rtc.o
                                 0x44 (size before relaxing)
 .comment       0x00000043        0x0 ./Drivers/STM32WBxx_HAL_Driver/Src/stm32wbxx_hal_rtc_ex.o
                                 0x44 (size before relaxing)
 .comment       0x00000043        0x0 ./Drivers/STM32WBxx_HAL_Driver/Src/stm32wbxx_hal_tim.o
                                 0x44 (size before relaxing)
 .comment       0x00000043        0x0 ./Drivers/STM32WBxx_HAL_Driver/Src/stm32wbxx_hal_tim_ex.o
                                 0x44 (size before relaxing)
 .comment       0x00000043        0x0 ./Middlewares/ST/STM32_WPAN/ble/core/auto/ble_gap_aci.o
                                 0x44 (size before relaxing)
 .comment       0x00000043        0x0 ./Middlewares/ST/STM32_WPAN/ble/core/auto/ble_gatt_aci.o
                                 0x44 (size before relaxing)
 .comment       0x00000043        0x0 ./Middlewares/ST/STM32_WPAN/ble/core/auto/ble_hal_aci.o
                                 0x44 (size before relaxing)
 .comment       0x00000043        0x0 ./Middlewares/ST/STM32_WPAN/ble/core/auto/ble_hci_le.o
                                 0x44 (size before relaxing)
 .comment       0x00000043        0x0 ./Middlewares/ST/STM32_WPAN/ble/core/template/osal.o
                                 0x44 (size before relaxing)
 .comment       0x00000043        0x0 ./Middlewares/ST/STM32_WPAN/ble/svc/Src/svc_ctl.o
                                 0x44 (size before relaxing)
 .comment       0x00000043        0x0 ./Middlewares/ST/STM32_WPAN/interface/patterns/ble_thread/shci/shci.o
                                 0x44 (size before relaxing)
 .comment       0x00000043        0x0 ./Middlewares/ST/STM32_WPAN/interface/patterns/ble_thread/tl/hci_tl.o
                                 0x44 (size before relaxing)
 .comment       0x00000043        0x0 ./Middlewares/ST/STM32_WPAN/interface/patterns/ble_thread/tl/hci_tl_if.o
                                 0x44 (size before relaxing)
 .comment       0x00000043        0x0 ./Middlewares/ST/STM32_WPAN/interface/patterns/ble_thread/tl/shci_tl.o
                                 0x44 (size before relaxing)
 .comment       0x00000043        0x0 ./Middlewares/ST/STM32_WPAN/interface/patterns/ble_thread/tl/shci_tl_if.o
                                 0x44 (size before relaxing)
 .comment       0x00000043        0x0 ./Middlewares/ST/STM32_WPAN/interface/patterns/ble_thread/tl/tl_mbox.o
                                 0x44 (size before relaxing)
 .comment       0x00000043        0x0 ./Middlewares/ST/STM32_WPAN/utilities/otp.o
                                 0x44 (size before relaxing)
 .comment       0x00000043        0x0 ./Middlewares/ST/STM32_WPAN/utilities/stm_list.o
                                 0x44 (size before relaxing)
 .comment       0x00000043        0x0 ./STM32_WPAN/App/app_ble.o
                                 0x44 (size before relaxing)
 .comment       0x00000043        0x0 ./STM32_WPAN/App/custom_app.o
                                 0x44 (size before relaxing)
 .comment       0x00000043        0x0 ./STM32_WPAN/App/custom_stm.o
                                 0x44 (size before relaxing)
 .comment       0x00000043        0x0 ./STM32_WPAN/Target/hw_ipcc.o
                                 0x44 (size before relaxing)
 .comment       0x00000043        0x0 ./Utilities/lpm/tiny_lpm/stm32_lpm.o
                                 0x44 (size before relaxing)
 .comment       0x00000043        0x0 ./Utilities/sequencer/stm32_seq.o
                                 0x44 (size before relaxing)

.debug_frame    0x00000000       0x74
 .debug_frame   0x00000000       0x20 /opt/st/stm32cubeide_2.0.0/plugins/com.st.stm32cube.ide.mcu.externaltools.gnu-tools-for-stm32.13.3.rel1.linux64_1.0.100.202509120712/tools/bin/../lib/gcc/arm-none-eabi/13.3.1/../../../../arm-none-eabi/lib/thumb/v7e-m+fp/hard/libc_nano.a(libc_a-memset.o)
 .debug_frame   0x00000020       0x2c /opt/st/stm32cubeide_2.0.0/plugins/com.st.stm32cube.ide.mcu.externaltools.gnu-tools-for-stm32.13.3.rel1.linux64_1.0.100.202509120712/tools/bin/../lib/gcc/arm-none-eabi/13.3.1/../../../../arm-none-eabi/lib/thumb/v7e-m+fp/hard/libc_nano.a(libc_a-init.o)
 .debug_frame   0x0000004c       0x28 /opt/st/stm32cubeide_2.0.0/plugins/com.st.stm32cube.ide.mcu.externaltools.gnu-tools-for-stm32.13.3.rel1.linux64_1.0.100.202509120712/tools/bin/../lib/gcc/arm-none-eabi/13.3.1/../../../../arm-none-eabi/lib/thumb/v7e-m+fp/hard/libc_nano.a(libc_a-memcpy-stub.o)
