../Core/Src/MX25L4x/MX25L4x.c:145:6:MX25L4_Init	16	static
../Core/Src/MX25L4x/MX25L4x.c:178:6:MX25L4_ReadID	24	static
../Core/Src/MX25L4x/MX25L4x.c:195:6:MX25L4_ReadData	32	static
../Core/Src/MX25L4x/MX25L4x.c:213:6:MX25L4_Sleep	16	static
../Core/Src/MX25L4x/MX25L4x.c:220:6:MX25L4_Wakeup	16	static
../Core/Src/MX25L4x/MX25L4x.c:227:6:MX25L4_isOccupied	16	static
../Core/Src/MX25L4x/MX25L4x.c:244:6:MX25L4_WriteData	24	static
../Core/Src/MX25L4x/MX25L4x.c:257:13:CS_Select	8	static
../Core/Src/MX25L4x/MX25L4x.c:262:13:CS_Unselect	8	static
../Core/Src/MX25L4x/MX25L4x.c:267:13:SPI_Transmit	24	static
../Core/Src/MX25L4x/MX25L4x.c:272:13:SPI_Receive	24	static
../Core/Src/MX25L4x/MX25L4x.c:277:6:SPI_SendCMD	32	static
../Core/Src/MX25L4x/MX25L4x.c:293:6:MEM_UpdateContext	16	static
../Core/Src/MX25L4x/MX25L4x.c:300:6:MEM_FindFreeSpace	32	static
../Core/Src/MX25L4x/MX25L4x.c:341:6:MEM_WriteHeader	24	static
../Core/Src/MX25L4x/MX25L4x.c:349:6:MEM_IsHeader	24	static
../Core/Src/MX25L4x/MX25L4x.c:359:6:MEM_IsFree	24	static
../Core/Src/MX25L4x/MX25L4x.c:371:6:MEM_Write	40	static
