../Core/Src/MX25L4x/MX25L4x.c:42:6:MX25L4_Init	16	static
../Core/Src/MX25L4x/MX25L4x.c:64:6:MX25L4_ReadID	24	static
../Core/Src/MX25L4x/MX25L4x.c:81:6:MX25L4_ReadData	32	static
../Core/Src/MX25L4x/MX25L4x.c:100:6:MX25L4_Sleep	16	static
../Core/Src/MX25L4x/MX25L4x.c:107:6:MX25L4_Wakeup	16	static
../Core/Src/MX25L4x/MX25L4x.c:118:13:CS_Select	8	static
../Core/Src/MX25L4x/MX25L4x.c:123:13:CS_Unselect	8	static
../Core/Src/MX25L4x/MX25L4x.c:128:13:SPI_Transmit	24	static
../Core/Src/MX25L4x/MX25L4x.c:133:13:SPI_Receive	24	static
../Core/Src/MX25L4x/MX25L4x.c:138:6:SPI_SendCMD	32	static
