../Core/Src/MX25L4x/MX25L4x.c:161:6:MX25L4_Init	16	static
../Core/Src/MX25L4x/MX25L4x.c:194:6:MX25L4_ReadID	24	static
../Core/Src/MX25L4x/MX25L4x.c:211:6:MX25L4_ReadData	32	static
../Core/Src/MX25L4x/MX25L4x.c:229:6:MX25L4_Sleep	16	static
../Core/Src/MX25L4x/MX25L4x.c:236:6:MX25L4_Wakeup	16	static
../Core/Src/MX25L4x/MX25L4x.c:243:6:MX25L4_isOccupied	16	static
../Core/Src/MX25L4x/MX25L4x.c:250:6:MX25L4_WriteData	24	static
../Core/Src/MX25L4x/MX25L4x.c:263:13:CS_Select	8	static
../Core/Src/MX25L4x/MX25L4x.c:268:13:CS_Unselect	8	static
../Core/Src/MX25L4x/MX25L4x.c:273:13:SPI_Transmit	24	static
../Core/Src/MX25L4x/MX25L4x.c:278:13:SPI_Receive	24	static
../Core/Src/MX25L4x/MX25L4x.c:283:6:SPI_SendCMD	32	static
../Core/Src/MX25L4x/MX25L4x.c:299:6:MEM_UpdateContext	16	static
../Core/Src/MX25L4x/MX25L4x.c:306:6:MEM_FindFreeSpace	32	static
../Core/Src/MX25L4x/MX25L4x.c:347:6:MEM_WriteHeader	24	static
../Core/Src/MX25L4x/MX25L4x.c:355:6:MEM_IsHeader	24	static
../Core/Src/MX25L4x/MX25L4x.c:365:6:MEM_IsFree	24	static
../Core/Src/MX25L4x/MX25L4x.c:377:6:MEM_Write	40	static
../Core/Src/MX25L4x/MX25L4x.c:463:6:MEM_ReadRegister	24	static
