../Core/Src/MX25L4x/MX25L4x.c:159:6:MX25L4_Init	16	static
../Core/Src/MX25L4x/MX25L4x.c:192:6:MX25L4_ReadID	24	static
../Core/Src/MX25L4x/MX25L4x.c:209:6:MX25L4_ReadData	32	static
../Core/Src/MX25L4x/MX25L4x.c:227:6:MX25L4_Sleep	16	static
../Core/Src/MX25L4x/MX25L4x.c:234:6:MX25L4_Wakeup	16	static
../Core/Src/MX25L4x/MX25L4x.c:241:6:MX25L4_isOccupied	16	static
../Core/Src/MX25L4x/MX25L4x.c:248:6:MX25L4_WriteData	24	static
../Core/Src/MX25L4x/MX25L4x.c:261:13:CS_Select	8	static
../Core/Src/MX25L4x/MX25L4x.c:266:13:CS_Unselect	8	static
../Core/Src/MX25L4x/MX25L4x.c:271:13:SPI_Transmit	24	static
../Core/Src/MX25L4x/MX25L4x.c:276:13:SPI_Receive	24	static
../Core/Src/MX25L4x/MX25L4x.c:281:6:SPI_SendCMD	32	static
../Core/Src/MX25L4x/MX25L4x.c:297:6:MEM_UpdateContext	16	static
../Core/Src/MX25L4x/MX25L4x.c:304:6:MEM_FindFreeSpace	32	static
../Core/Src/MX25L4x/MX25L4x.c:345:6:MEM_WriteHeader	24	static
../Core/Src/MX25L4x/MX25L4x.c:353:6:MEM_IsHeader	24	static
../Core/Src/MX25L4x/MX25L4x.c:363:6:MEM_IsFree	24	static
../Core/Src/MX25L4x/MX25L4x.c:375:6:MEM_Write	40	static
../Core/Src/MX25L4x/MX25L4x.c:418:6:MEM_ReadRegister	24	static
