../Core/Src/MX25L4x/MX25L4x.c:158:6:MX25L4_Init	16	static
../Core/Src/MX25L4x/MX25L4x.c:184:10:MX25L4_ReadID	24	static
../Core/Src/MX25L4x/MX25L4x.c:207:6:MX25L4_ReadData	32	static
../Core/Src/MX25L4x/MX25L4x.c:229:6:MX25L4_Sleep	16	static
../Core/Src/MX25L4x/MX25L4x.c:236:6:MX25L4_Wakeup	16	static
../Core/Src/MX25L4x/MX25L4x.c:243:6:MX25L4_isOccupied	16	static
../Core/Src/MX25L4x/MX25L4x.c:250:6:MX25L4_WriteData	32	static
../Core/Src/MX25L4x/MX25L4x.c:269:6:MX25L4_SectorErase	24	static
../Core/Src/MX25L4x/MX25L4x.c:280:6:MX25L4_BlockErase	24	static
../Core/Src/MX25L4x/MX25L4x.c:291:6:MX25L4_ChipErase	16	static
../Core/Src/MX25L4x/MX25L4x.c:304:13:CS_Select	8	static
../Core/Src/MX25L4x/MX25L4x.c:309:13:CS_Unselect	8	static
../Core/Src/MX25L4x/MX25L4x.c:314:13:SPI_Transmit	24	static
../Core/Src/MX25L4x/MX25L4x.c:319:13:SPI_Receive	24	static
../Core/Src/MX25L4x/MX25L4x.c:324:6:MEM_SendCMD	32	static
../Core/Src/MX25L4x/MX25L4x.c:340:6:MEM_SendEnableWrite	16	static
../Core/Src/MX25L4x/MX25L4x.c:346:6:MEM_FindFreeSpace	32	static
../Core/Src/MX25L4x/MX25L4x.c:390:6:MEM_WriteHeader	24	static
../Core/Src/MX25L4x/MX25L4x.c:401:6:MEM_IsHeader	24	static
../Core/Src/MX25L4x/MX25L4x.c:411:6:MEM_IsFree	24	static
../Core/Src/MX25L4x/MX25L4x.c:423:6:MEM_Write	40	static
../Core/Src/MX25L4x/MX25L4x.c:473:6:MEM_ReadRegister	24	static
