../Core/Src/MX25L4x/MX25L4x.c:152:6:MX25L4_Init	16	static
../Core/Src/MX25L4x/MX25L4x.c:178:10:MX25L4_ReadID	24	static
../Core/Src/MX25L4x/MX25L4x.c:201:6:MX25L4_ReadData	32	static
../Core/Src/MX25L4x/MX25L4x.c:219:6:MX25L4_Sleep	16	static
../Core/Src/MX25L4x/MX25L4x.c:226:6:MX25L4_Wakeup	16	static
../Core/Src/MX25L4x/MX25L4x.c:233:6:MX25L4_isOccupied	16	static
../Core/Src/MX25L4x/MX25L4x.c:240:6:MX25L4_WriteData	32	static
../Core/Src/MX25L4x/MX25L4x.c:263:13:CS_Select	8	static
../Core/Src/MX25L4x/MX25L4x.c:268:13:CS_Unselect	8	static
../Core/Src/MX25L4x/MX25L4x.c:273:13:SPI_Transmit	24	static
../Core/Src/MX25L4x/MX25L4x.c:278:13:SPI_Receive	24	static
../Core/Src/MX25L4x/MX25L4x.c:283:6:MEM_SendCMD	32	static
../Core/Src/MX25L4x/MX25L4x.c:299:6:MEM_FindFreeSpace	32	static
../Core/Src/MX25L4x/MX25L4x.c:343:6:MEM_WriteHeader	24	static
../Core/Src/MX25L4x/MX25L4x.c:354:6:MEM_IsHeader	24	static
../Core/Src/MX25L4x/MX25L4x.c:364:6:MEM_IsFree	24	static
../Core/Src/MX25L4x/MX25L4x.c:376:6:MEM_Write	40	static
../Core/Src/MX25L4x/MX25L4x.c:428:6:MEM_ReadRegister	24	static
