../../../../../../../Drivers/STM32WBxx_HAL_Driver/Inc/stm32wbxx_ll_system.h:2223:26:LL_FLASH_GetUDN	4	static
../../../../../../../Drivers/STM32WBxx_HAL_Driver/Inc/stm32wbxx_ll_system.h:2235:26:LL_FLASH_GetDeviceID	4	static
../../../../../../../Drivers/STM32WBxx_HAL_Driver/Inc/stm32wbxx_ll_system.h:2247:26:LL_FLASH_GetSTCompanyID	4	static
/home/emilio/Documenti/universita/tesi/STMCubeIDE/STM32Cube_FW_WB_V1.24.0/Projects/STM32WB5MM-DK/Applications/BLE/BLE_p2pServer/STM32_WPAN/App/app_ble.c:373:6:APP_BLE_Init	224	static
/home/emilio/Documenti/universita/tesi/STMCubeIDE/STM32Cube_FW_WB_V1.24.0/Projects/STM32WB5MM-DK/Applications/BLE/BLE_p2pServer/STM32_WPAN/App/app_ble.c:571:28:SVCCTL_App_Notification	120	static
/home/emilio/Documenti/universita/tesi/STMCubeIDE/STM32Cube_FW_WB_V1.24.0/Projects/STM32WB5MM-DK/Applications/BLE/BLE_p2pServer/STM32_WPAN/App/app_ble.c:916:22:APP_BLE_Get_Server_Connection_Status	4	static
/home/emilio/Documenti/universita/tesi/STMCubeIDE/STM32Cube_FW_WB_V1.24.0/Projects/STM32WB5MM-DK/Applications/BLE/BLE_p2pServer/STM32_WPAN/App/app_ble.c:922:6:APP_BLE_Key_Button1_Action	8	static
/home/emilio/Documenti/universita/tesi/STMCubeIDE/STM32Cube_FW_WB_V1.24.0/Projects/STM32WB5MM-DK/Applications/BLE/BLE_p2pServer/STM32_WPAN/App/app_ble.c:927:6:APP_BLE_Key_Button2_Action	8	static
/home/emilio/Documenti/universita/tesi/STMCubeIDE/STM32Cube_FW_WB_V1.24.0/Projects/STM32WB5MM-DK/Applications/BLE/BLE_p2pServer/STM32_WPAN/App/app_ble.c:945:13:Ble_Tl_Init	16	static
/home/emilio/Documenti/universita/tesi/STMCubeIDE/STM32Cube_FW_WB_V1.24.0/Projects/STM32WB5MM-DK/Applications/BLE/BLE_p2pServer/STM32_WPAN/App/app_ble.c:956:13:Ble_Hci_Gap_Gatt_Init	64	static
/home/emilio/Documenti/universita/tesi/STMCubeIDE/STM32Cube_FW_WB_V1.24.0/Projects/STM32WB5MM-DK/Applications/BLE/BLE_p2pServer/STM32_WPAN/App/app_ble.c:1228:13:Adv_Request	56	static
/home/emilio/Documenti/universita/tesi/STMCubeIDE/STM32Cube_FW_WB_V1.24.0/Projects/STM32WB5MM-DK/Applications/BLE/BLE_p2pServer/STM32_WPAN/App/app_ble.c:1318:16:BleGetBdAddress	32	static
/home/emilio/Documenti/universita/tesi/STMCubeIDE/STM32Cube_FW_WB_V1.24.0/Projects/STM32WB5MM-DK/Applications/BLE/BLE_p2pServer/STM32_WPAN/App/app_ble.c:1375:13:Adv_Cancel	16	static
/home/emilio/Documenti/universita/tesi/STMCubeIDE/STM32Cube_FW_WB_V1.24.0/Projects/STM32WB5MM-DK/Applications/BLE/BLE_p2pServer/STM32_WPAN/App/app_ble.c:1406:13:Adv_Cancel_Req	8	static
/home/emilio/Documenti/universita/tesi/STMCubeIDE/STM32Cube_FW_WB_V1.24.0/Projects/STM32WB5MM-DK/Applications/BLE/BLE_p2pServer/STM32_WPAN/App/app_ble.c:1421:13:Switch_OFF_GPIO	4	static
/home/emilio/Documenti/universita/tesi/STMCubeIDE/STM32Cube_FW_WB_V1.24.0/Projects/STM32WB5MM-DK/Applications/BLE/BLE_p2pServer/STM32_WPAN/App/app_ble.c:1429:6:BLE_SVC_L2CAP_Conn_Update	48	static
/home/emilio/Documenti/universita/tesi/STMCubeIDE/STM32Cube_FW_WB_V1.24.0/Projects/STM32WB5MM-DK/Applications/BLE/BLE_p2pServer/STM32_WPAN/App/app_ble.c:1473:13:Connection_Interval_Update_Req	8	static
/home/emilio/Documenti/universita/tesi/STMCubeIDE/STM32Cube_FW_WB_V1.24.0/Projects/STM32WB5MM-DK/Applications/BLE/BLE_p2pServer/STM32_WPAN/App/app_ble.c:1492:6:hci_notify_asynch_evt	16	static
/home/emilio/Documenti/universita/tesi/STMCubeIDE/STM32Cube_FW_WB_V1.24.0/Projects/STM32WB5MM-DK/Applications/BLE/BLE_p2pServer/STM32_WPAN/App/app_ble.c:1499:6:hci_cmd_resp_release	16	static
/home/emilio/Documenti/universita/tesi/STMCubeIDE/STM32Cube_FW_WB_V1.24.0/Projects/STM32WB5MM-DK/Applications/BLE/BLE_p2pServer/STM32_WPAN/App/app_ble.c:1506:6:hci_cmd_resp_wait	16	static
/home/emilio/Documenti/universita/tesi/STMCubeIDE/STM32Cube_FW_WB_V1.24.0/Projects/STM32WB5MM-DK/Applications/BLE/BLE_p2pServer/STM32_WPAN/App/app_ble.c:1513:13:BLE_UserEvtRx	24	static
/home/emilio/Documenti/universita/tesi/STMCubeIDE/STM32Cube_FW_WB_V1.24.0/Projects/STM32WB5MM-DK/Applications/BLE/BLE_p2pServer/STM32_WPAN/App/app_ble.c:1533:13:BLE_StatusNot	24	static
/home/emilio/Documenti/universita/tesi/STMCubeIDE/STM32Cube_FW_WB_V1.24.0/Projects/STM32WB5MM-DK/Applications/BLE/BLE_p2pServer/STM32_WPAN/App/app_ble.c:1572:6:SVCCTL_ResumeUserEventFlow	8	static
