../STM32_WPAN/App/app_ble.c:1190:13:BLE_UserEvtRx	8	static
../STM32_WPAN/App/app_ble.c:1080:13:Adv_Cancel	8	static
../STM32_WPAN/App/app_ble.c:1210:13:BLE_StatusNot	0	static
../STM32_WPAN/App/app_ble.c:979:13:Adv_Request.constprop	40	static
../STM32_WPAN/App/app_ble.c:249:6:APP_BLE_Init	128	static
../STM32_WPAN/App/app_ble.c:396:28:SVCCTL_App_Notification	8	static
../STM32_WPAN/App/app_ble.c:700:22:APP_BLE_Get_Server_Connection_Status	0	static
../STM32_WPAN/App/app_ble.c:1162:6:APP_BLE_Key_Button1_Action	0	static
../STM32_WPAN/App/app_ble.c:1169:6:hci_notify_asynch_evt	0	static
../STM32_WPAN/App/app_ble.c:1176:6:hci_cmd_resp_release	0	static
../STM32_WPAN/App/app_ble.c:1183:6:hci_cmd_resp_wait	0	static
../STM32_WPAN/App/app_ble.c:1249:6:SVCCTL_ResumeUserEventFlow	0	static
