Archive member included to satisfy reference by file (symbol)

/opt/st/stm32cubeide_2.0.0/plugins/com.st.stm32cube.ide.mcu.externaltools.gnu-tools-for-stm32.13.3.rel1.linux64_1.0.100.202509120712/tools/bin/../lib/gcc/arm-none-eabi/13.3.1/../../../../arm-none-eabi/lib/thumb/v7e-m+fp/hard/libc_nano.a(libc_a-exit.o)
                              /opt/st/stm32cubeide_2.0.0/plugins/com.st.stm32cube.ide.mcu.externaltools.gnu-tools-for-stm32.13.3.rel1.linux64_1.0.100.202509120712/tools/bin/../lib/gcc/arm-none-eabi/13.3.1/../../../../arm-none-eabi/lib/thumb/v7e-m+fp/hard/crt0.o (exit)
/opt/st/stm32cubeide_2.0.0/plugins/com.st.stm32cube.ide.mcu.externaltools.gnu-tools-for-stm32.13.3.rel1.linux64_1.0.100.202509120712/tools/bin/../lib/gcc/arm-none-eabi/13.3.1/../../../../arm-none-eabi/lib/thumb/v7e-m+fp/hard/libc_nano.a(libc_a-findfp.o)
                              /opt/st/stm32cubeide_2.0.0/plugins/com.st.stm32cube.ide.mcu.externaltools.gnu-tools-for-stm32.13.3.rel1.linux64_1.0.100.202509120712/tools/bin/../lib/gcc/arm-none-eabi/13.3.1/../../../../arm-none-eabi/lib/thumb/v7e-m+fp/hard/libc_nano.a(libc_a-exit.o) (__stdio_exit_handler)
/opt/st/stm32cubeide_2.0.0/plugins/com.st.stm32cube.ide.mcu.externaltools.gnu-tools-for-stm32.13.3.rel1.linux64_1.0.100.202509120712/tools/bin/../lib/gcc/arm-none-eabi/13.3.1/../../../../arm-none-eabi/lib/thumb/v7e-m+fp/hard/libc_nano.a(libc_a-fwalk.o)
                              /opt/st/stm32cubeide_2.0.0/plugins/com.st.stm32cube.ide.mcu.externaltools.gnu-tools-for-stm32.13.3.rel1.linux64_1.0.100.202509120712/tools/bin/../lib/gcc/arm-none-eabi/13.3.1/../../../../arm-none-eabi/lib/thumb/v7e-m+fp/hard/libc_nano.a(libc_a-findfp.o) (_fwalk_sglue)
/opt/st/stm32cubeide_2.0.0/plugins/com.st.stm32cube.ide.mcu.externaltools.gnu-tools-for-stm32.13.3.rel1.linux64_1.0.100.202509120712/tools/bin/../lib/gcc/arm-none-eabi/13.3.1/../../../../arm-none-eabi/lib/thumb/v7e-m+fp/hard/libc_nano.a(libc_a-printf.o)
                              ./Middlewares/ST/STM32_WPAN/utilities/dbg_trace.o (printf)
/opt/st/stm32cubeide_2.0.0/plugins/com.st.stm32cube.ide.mcu.externaltools.gnu-tools-for-stm32.13.3.rel1.linux64_1.0.100.202509120712/tools/bin/../lib/gcc/arm-none-eabi/13.3.1/../../../../arm-none-eabi/lib/thumb/v7e-m+fp/hard/libc_nano.a(libc_a-stdio.o)
                              /opt/st/stm32cubeide_2.0.0/plugins/com.st.stm32cube.ide.mcu.externaltools.gnu-tools-for-stm32.13.3.rel1.linux64_1.0.100.202509120712/tools/bin/../lib/gcc/arm-none-eabi/13.3.1/../../../../arm-none-eabi/lib/thumb/v7e-m+fp/hard/libc_nano.a(libc_a-findfp.o) (__sread)
/opt/st/stm32cubeide_2.0.0/plugins/com.st.stm32cube.ide.mcu.externaltools.gnu-tools-for-stm32.13.3.rel1.linux64_1.0.100.202509120712/tools/bin/../lib/gcc/arm-none-eabi/13.3.1/../../../../arm-none-eabi/lib/thumb/v7e-m+fp/hard/libc_nano.a(libc_a-vprintf.o)
                              ./Middlewares/ST/STM32_WPAN/utilities/dbg_trace.o (vprintf)
/opt/st/stm32cubeide_2.0.0/plugins/com.st.stm32cube.ide.mcu.externaltools.gnu-tools-for-stm32.13.3.rel1.linux64_1.0.100.202509120712/tools/bin/../lib/gcc/arm-none-eabi/13.3.1/../../../../arm-none-eabi/lib/thumb/v7e-m+fp/hard/libc_nano.a(libc_a-memcmp.o)
                              ./Middlewares/ST/STM32_WPAN/ble/core/template/osal.o (memcmp)
/opt/st/stm32cubeide_2.0.0/plugins/com.st.stm32cube.ide.mcu.externaltools.gnu-tools-for-stm32.13.3.rel1.linux64_1.0.100.202509120712/tools/bin/../lib/gcc/arm-none-eabi/13.3.1/../../../../arm-none-eabi/lib/thumb/v7e-m+fp/hard/libc_nano.a(libc_a-memset.o)
                              /opt/st/stm32cubeide_2.0.0/plugins/com.st.stm32cube.ide.mcu.externaltools.gnu-tools-for-stm32.13.3.rel1.linux64_1.0.100.202509120712/tools/bin/../lib/gcc/arm-none-eabi/13.3.1/../../../../arm-none-eabi/lib/thumb/v7e-m+fp/hard/crt0.o (memset)
/opt/st/stm32cubeide_2.0.0/plugins/com.st.stm32cube.ide.mcu.externaltools.gnu-tools-for-stm32.13.3.rel1.linux64_1.0.100.202509120712/tools/bin/../lib/gcc/arm-none-eabi/13.3.1/../../../../arm-none-eabi/lib/thumb/v7e-m+fp/hard/libc_nano.a(libc_a-strrchr.o)
                              ./Middlewares/ST/STM32_WPAN/utilities/dbg_trace.o (strrchr)
/opt/st/stm32cubeide_2.0.0/plugins/com.st.stm32cube.ide.mcu.externaltools.gnu-tools-for-stm32.13.3.rel1.linux64_1.0.100.202509120712/tools/bin/../lib/gcc/arm-none-eabi/13.3.1/../../../../arm-none-eabi/lib/thumb/v7e-m+fp/hard/libc_nano.a(libc_a-closer.o)
                              /opt/st/stm32cubeide_2.0.0/plugins/com.st.stm32cube.ide.mcu.externaltools.gnu-tools-for-stm32.13.3.rel1.linux64_1.0.100.202509120712/tools/bin/../lib/gcc/arm-none-eabi/13.3.1/../../../../arm-none-eabi/lib/thumb/v7e-m+fp/hard/libc_nano.a(libc_a-stdio.o) (_close_r)
/opt/st/stm32cubeide_2.0.0/plugins/com.st.stm32cube.ide.mcu.externaltools.gnu-tools-for-stm32.13.3.rel1.linux64_1.0.100.202509120712/tools/bin/../lib/gcc/arm-none-eabi/13.3.1/../../../../arm-none-eabi/lib/thumb/v7e-m+fp/hard/libc_nano.a(libc_a-reent.o)
[...]
Memory Configuration

Name             Origin             Length             Attributes
FLASH            0x08000000         0x00080000         xr
RAM              0x20000008         0x0002fff8         xrw
RAM_SHARED       0x20030000         0x00002800         xrw
*default*        0x00000000         0xffffffff

Linker script and memory map

LOAD /opt/st/stm32cubeide_2.0.0/plugins/com.st.stm32cube.ide.mcu.externaltools.gnu-tools-for-stm32.13.3.rel1.linux64_1.0.100.202509120712/tools/bin/../lib/gcc/arm-none-eabi/13.3.1/thumb/v7e-m+fp/hard/crti.o
LOAD /opt/st/stm32cubeide_2.0.0/plugins/com.st.stm32cube.ide.mcu.externaltools.gnu-tools-for-stm32.13.3.rel1.linux64_1.0.100.202509120712/tools/bin/../lib/gcc/arm-none-eabi/13.3.1/thumb/v7e-m+fp/hard/crtbegin.o
LOAD /opt/st/stm32cubeide_2.0.0/plugins/com.st.stm32cube.ide.mcu.externaltools.gnu-tools-for-stm32.13.3.rel1.linux64_1.0.100.202509120712/tools/bin/../lib/gcc/arm-none-eabi/13.3.1/../../../../arm-none-eabi/lib/thumb/v7e-m+fp/hard/crt0.o
LOAD ./Core/Src/app_debug.o
LOAD ./Core/Src/app_entry.o
LOAD ./Core/Src/hw_timerserver.o
LOAD ./Core/Src/main.o
LOAD ./Core/Src/stm32_lpm_if.o
LOAD ./Core/Src/stm32wbxx_hal_msp.o
LOAD ./Core/Src/stm32wbxx_it.o
LOAD ./Core/Src/syscalls.o
LOAD ./Core/Src/sysmem.o
LOAD ./Core/Src/system_stm32wbxx.o
LOAD ./Core/Startup/startup_stm32wb5mmghx.o
LOAD ./Drivers/STM32WBxx_HAL_Driver/Src/stm32wbxx_hal.o
LOAD ./Drivers/STM32WBxx_HAL_Driver/Src/stm32wbxx_hal_cortex.o
LOAD ./Drivers/STM32WBxx_HAL_Driver/Src/stm32wbxx_hal_dma.o
LOAD ./Drivers/STM32WBxx_HAL_Driver/Src/stm32wbxx_hal_dma_ex.o
LOAD ./Drivers/STM32WBxx_HAL_Driver/Src/stm32wbxx_hal_exti.o
LOAD ./Drivers/STM32WBxx_HAL_Driver/Src/stm32wbxx_hal_flash.o
LOAD ./Drivers/STM32WBxx_HAL_Driver/Src/stm32wbxx_hal_flash_ex.o
LOAD ./Drivers/STM32WBxx_HAL_Driver/Src/stm32wbxx_hal_gpio.o
LOAD ./Drivers/STM32WBxx_HAL_Driver/Src/stm32wbxx_hal_hsem.o
LOAD ./Drivers/STM32WBxx_HAL_Driver/Src/stm32wbxx_hal_ipcc.o
LOAD ./Drivers/STM32WBxx_HAL_Driver/Src/stm32wbxx_hal_pwr.o
LOAD ./Drivers/STM32WBxx_HAL_Driver/Src/stm32wbxx_hal_pwr_ex.o
LOAD ./Drivers/STM32WBxx_HAL_Driver/Src/stm32wbxx_hal_rcc.o
LOAD ./Drivers/STM32WBxx_HAL_Driver/Src/stm32wbxx_hal_rcc_ex.o
LOAD ./Drivers/STM32WBxx_HAL_Driver/Src/stm32wbxx_hal_rtc.o
LOAD ./Drivers/STM32WBxx_HAL_Driver/Src/stm32wbxx_hal_rtc_ex.o
LOAD ./Drivers/STM32WBxx_HAL_Driver/Src/stm32wbxx_ll_rcc.o
LOAD ./Middlewares/ST/STM32_WPAN/ble/core/auto/ble_events.o
LOAD ./Middlewares/ST/STM32_WPAN/ble/core/auto/ble_gap_aci.o
LOAD ./Middlewares/ST/STM32_WPAN/ble/core/auto/ble_gatt_aci.o
LOAD ./Middlewares/ST/STM32_WPAN/ble/core/auto/ble_gen_aci.o
LOAD ./Middlewares/ST/STM32_WPAN/ble/core/auto/ble_hal_aci.o
LOAD ./Middlewares/ST/STM32_WPAN/ble/core/auto/ble_hci_le.o
LOAD ./Middlewares/ST/STM32_WPAN/ble/core/auto/ble_l2cap_aci.o
LOAD ./Middlewares/ST/STM32_WPAN/ble/core/template/osal.o
LOAD ./Middlewares/ST/STM32_WPAN/ble/svc/Src/svc_ctl.o
LOAD ./Middlewares/ST/STM32_WPAN/interface/patterns/ble_thread/shci/shci.o
LOAD ./Middlewares/ST/STM32_WPAN/interface/patterns/ble_thread/tl/hci_tl.o
LOAD ./Middlewares/ST/STM32_WPAN/interface/patterns/ble_thread/tl/hci_tl_if.o
LOAD ./Middlewares/ST/STM32_WPAN/interface/patterns/ble_thread/tl/shci_tl.o
LOAD ./Middlewares/ST/STM32_WPAN/interface/patterns/ble_thread/tl/shci_tl_if.o
LOAD ./Middlewares/ST/STM32_WPAN/interface/patterns/ble_thread/tl/tl_mbox.o
LOAD ./Middlewares/ST/STM32_WPAN/utilities/dbg_trace.o
LOAD ./Middlewares/ST/STM32_WPAN/utilities/otp.o
LOAD ./Middlewares/ST/STM32_WPAN/utilities/stm_list.o
LOAD ./Middlewares/ST/STM32_WPAN/utilities/stm_queue.o
LOAD ./STM32_WPAN/App/app_ble.o
LOAD ./STM32_WPAN/App/custom_app.o
LOAD ./STM32_WPAN/App/custom_stm.o
LOAD ./STM32_WPAN/Target/hw_ipcc.o
LOAD ./Utilities/lpm/tiny_lpm/stm32_lpm.o
LOAD ./Utilities/sequencer/stm32_seq.o
START GROUP
LOAD /opt/st/stm32cubeide_2.0.0/plugins/com.st.stm32cube.ide.mcu.externaltools.gnu-tools-for-stm32.13.3.rel1.linux64_1.0.100.202509120712/tools/bin/../lib/gcc/arm-none-eabi/13.3.1/../../../../arm-none-eabi/lib/thumb/v7e-m+fp/hard/libc_nano.a
LOAD /opt/st/stm32cubeide_2.0.0/plugins/com.st.stm32cube.ide.mcu.externaltools.gnu-tools-for-stm32.13.3.rel1.linux64_1.0.100.202509120712/tools/bin/../lib/gcc/arm-none-eabi/13.3.1/../../../../arm-none-eabi/lib/thumb/v7e-m+fp/hard/libm.a
END GROUP
START GROUP
LOAD /opt/st/stm32cubeide_2.0.0/plugins/com.st.stm32cube.ide.mcu.externaltools.gnu-tools-for-stm32.13.3.rel1.linux64_1.0.100.202509120712/tools/bin/../lib/gcc/arm-none-eabi/13.3.1/thumb/v7e-m+fp/hard/libgcc.a
LOAD /opt/st/stm32cubeide_2.0.0/plugins/com.st.stm32cube.ide.mcu.externaltools.gnu-tools-for-stm32.13.3.rel1.linux64_1.0.100.202509120712/tools/bin/../lib/gcc/arm-none-eabi/13.3.1/../../../../arm-none-eabi/lib/thumb/v7e-m+fp/hard/libc_nano.a
END GROUP
START GROUP
LOAD /opt/st/stm32cubeide_2.0.0/plugins/com.st.stm32cube.ide.mcu.externaltools.gnu-tools-for-stm32.13.3.rel1.linux64_1.0.100.202509120712/tools/bin/../lib/gcc/arm-none-eabi/13.3.1/thumb/v7e-m+fp/hard/libgcc.a
LOAD /opt/st/stm32cubeide_2.0.0/plugins/com.st.stm32cube.ide.mcu.externaltools.gnu-tools-for-stm32.13.3.rel1.linux64_1.0.100.202509120712/tools/bin/../lib/gcc/arm-none-eabi/13.3.1/../../../../arm-none-eabi/lib/thumb/v7e-m+fp/hard/libc_nano.a
LOAD /opt/st/stm32cubeide_2.0.0/plugins/com.st.stm32cube.ide.mcu.externaltools.gnu-tools-for-stm32.13.3.rel1.linux64_1.0.100.202509120712/tools/bin/../lib/gcc/arm-none-eabi/13.3.1/../../../../arm-none-eabi/lib/thumb/v7e-m+fp/hard/libnosys.a
END GROUP
START GROUP
LOAD /opt/st/stm32cubeide_2.0.0/plugins/com.st.stm32cube.ide.mcu.externaltools.gnu-tools-for-stm32.13.3.rel1.linux64_1.0.100.202509120712/tools/bin/../lib/gcc/arm-none-eabi/13.3.1/thumb/v7e-m+fp/hard/libgcc.a
LOAD /opt/st/stm32cubeide_2.0.0/plugins/com.st.stm32cube.ide.mcu.externaltools.gnu-tools-for-stm32.13.3.rel1.linux64_1.0.100.202509120712/tools/bin/../lib/gcc/arm-none-eabi/13.3.1/../../../../arm-none-eabi/lib/thumb/v7e-m+fp/hard/libc_nano.a
LOAD /opt/st/stm32cubeide_2.0.0/plugins/com.st.stm32cube.ide.mcu.externaltools.gnu-tools-for-stm32.13.3.rel1.linux64_1.0.100.202509120712/tools/bin/../lib/gcc/arm-none-eabi/13.3.1/../../../../arm-none-eabi/lib/thumb/v7e-m+fp/hard/libnosys.a
END GROUP
LOAD /opt/st/stm32cubeide_2.0.0/plugins/com.st.stm32cube.ide.mcu.externaltools.gnu-tools-for-stm32.13.3.rel1.linux64_1.0.100.202509120712/tools/bin/../lib/gcc/arm-none-eabi/13.3.1/thumb/v7e-m+fp/hard/crtend.o
LOAD /opt/st/stm32cubeide_2.0.0/plugins/com.st.stm32cube.ide.mcu.externaltools.gnu-tools-for-stm32.13.3.rel1.linux64_1.0.100.202509120712/tools/bin/../lib/gcc/arm-none-eabi/13.3.1/thumb/v7e-m+fp/hard/crtn.o
                0x20030000                        _estack = (ORIGIN (RAM) + LENGTH (RAM))
                0x00000200                        _Min_Heap_Size = 0x200
                0x00000400                        _Min_Stack_Size = 0x400

.isr_vector     0x08000000      0x13c
                0x08000000                        . = ALIGN (0x4)
 *(.isr_vector)
 .isr_vector    0x08000000      0x13c ./Core/Startup/startup_stm32wb5mmghx.o
                0x08000000                g_pfnVectors
                0x0800013c                        . = ALIGN (0x4)

.text           0x0800013c     0x7b90
                0x0800013c                        . = ALIGN (0x4)
 *(.text)
 .text          0x0800013c       0x40 /opt/st/stm32cubeide_2.0.0/plugins/com.st.stm32cube.ide.mcu.externaltools.gnu-tools-for-stm32.13.3.rel1.linux64_1.0.100.202509120712/tools/bin/../lib/gcc/arm-none-eabi/13.3.1/thumb/v7e-m+fp/hard/crtbegin.o
 .text          0x0800017c       0x10 /opt/st/stm32cubeide_2.0.0/plugins/com.st.stm32cube.ide.mcu.externaltools.gnu-tools-for-stm32.13.3.rel1.linux64_1.0.100.202509120712/tools/bin/../lib/gcc/arm-none-eabi/13.3.1/../../../../arm-none-eabi/lib/thumb/v7e-m+fp/hard/libc_nano.a(libc_a-strlen.o)
                0x0800017c                strlen
 *(.text*)
 .text.APPD_EnableCPU2
                0x0800018c       0x38 ./Core/Src/app_debug.o
                0x0800018c                APPD_EnableCPU2
 .text.LL_C2_PWR_SetPowerMode
                0x080001c4       0x2c ./Core/Src/app_entry.o
 .text.LL_EXTI_EnableIT_32_63
                0x080001f0       0x28 ./Core/Src/app_entry.o
 .text.LL_RCC_HSE_SetCapacitorTuning
                0x08000218       0x3c ./Core/Src/app_entry.o
 .text.LL_RCC_SetClkAfterWakeFromStop
                0x08000254       0x28 ./Core/Src/app_entry.o
 .text.LL_DBGMCU_GetDeviceID
                0x0800027c       0x1c ./Core/Src/app_entry.o
 .text.LL_DBGMCU_GetRevisionID
                0x08000298       0x1c ./Core/Src/app_entry.o
 .text.LL_RTC_EnableWriteProtection
                0x080002b4       0x1a ./Core/Src/app_entry.o
 .text.LL_RTC_DisableWriteProtection
                0x080002ce       0x20 ./Core/Src/app_entry.o
 .text.LL_RTC_WAKEUP_SetClock
                0x080002ee       0x26 ./Core/Src/app_entry.o
 .text.MX_APPE_Config
                0x08000314       0x1c ./Core/Src/app_entry.o
                0x08000314                MX_APPE_Config
 .text.MX_APPE_Init
                0x08000330       0x20 ./Core/Src/app_entry.o
                0x08000330                MX_APPE_Init
 .text.Init_Smps
                0x08000350        0xe ./Core/Src/app_entry.o
                0x08000350                Init_Smps
 .text.Init_Exti
                0x0800035e        0xe ./Core/Src/app_entry.o
                0x0800035e                Init_Exti
 .text.Reset_Device
                0x0800036c        0xe ./Core/Src/app_entry.o
 .text.Config_HSE
                0x0800037a       0x28 ./Core/Src/app_entry.o
 .text.System_Init
                0x080003a2       0x14 ./Core/Src/app_entry.o
 *fill*         0x080003b6        0x2 
 .text.Init_Rtc
                0x080003b8       0x20 ./Core/Src/app_entry.o
 .text.SystemPower_Config
                0x080003d8       0x1a ./Core/Src/app_entry.o
 *fill*         0x080003f2        0x2 
 .text.appe_Tl_Init
                0x080003f4       0x6c ./Core/Src/app_entry.o
 .text.APPE_SysStatusNot
                0x08000460       0x16 ./Core/Src/app_entry.o
 *fill*         0x08000476        0x2 
 .text.APPE_SysUserEvtRx
                0x08000478       0x68 ./Core/Src/app_entry.o
 .text.APPE_SysEvtError
                0x080004e0       0x22 ./Core/Src/app_entry.o
 .text.APPE_SysEvtReadyProcessing
                0x08000502       0x88 ./Core/Src/app_entry.o
 .text.MX_APPE_Process
                0x0800058a       0x10 ./Core/Src/app_entry.o
                0x0800058a                MX_APPE_Process
 .text.UTIL_SEQ_Idle
                0x0800059a        0xe ./Core/Src/app_entry.o
                0x0800059a                UTIL_SEQ_Idle
 .text.shci_notify_asynch_evt
                0x080005a8       0x18 ./Core/Src/app_entry.o
                0x080005a8                shci_notify_asynch_evt
 .text.shci_cmd_resp_release
                0x080005c0       0x16 ./Core/Src/app_entry.o
                0x080005c0                shci_cmd_resp_release
 .text.shci_cmd_resp_wait
                0x080005d6       0x16 ./Core/Src/app_entry.o
                0x080005d6                shci_cmd_resp_wait
 .text.LL_EXTI_EnableIT_0_31
                0x080005ec       0x28 ./Core/Src/hw_timerserver.o
 .text.LL_EXTI_EnableRisingTrig_0_31
                0x08000614       0x24 ./Core/Src/hw_timerserver.o
 .text.ReadRtcSsrValue
                0x08000638       0x40 ./Core/Src/hw_timerserver.o
 .text.LinkTimerAfter
                0x08000678       0x8c ./Core/Src/hw_timerserver.o
 .text.LinkTimerBefore
                0x08000704       0xc0 ./Core/Src/hw_timerserver.o
 .text.linkTimer
                0x080007c4      0x154 ./Core/Src/hw_timerserver.o
 .text.UnlinkTimer
                0x08000918      0x108 ./Core/Src/hw_timerserver.o
 .text.ReturnTimeElapsed
                0x08000a20       0x80 ./Core/Src/hw_timerserver.o
 .text.RestartWakeupCounter
                0x08000aa0       0xb0 ./Core/Src/hw_timerserver.o
 .text.RescheduleTimerList
                0x08000b50      0x134 ./Core/Src/hw_timerserver.o
 .text.HW_TS_RTC_Wakeup_Handler
                0x08000c84      0x190 ./Core/Src/hw_timerserver.o
                0x08000c84                HW_TS_RTC_Wakeup_Handler
 .text.HW_TS_Init
                0x08000e14      0x1b4 ./Core/Src/hw_timerserver.o
                0x08000e14                HW_TS_Init
 .text.HW_TS_Stop
                0x08000fc8      0x108 ./Core/Src/hw_timerserver.o
                0x08000fc8                HW_TS_Stop
 .text.HW_TS_Start
                0x080010d0      0x10c ./Core/Src/hw_timerserver.o
                0x080010d0                HW_TS_Start
 .text.HW_TS_RTC_Int_AppNot
                0x080011dc       0x1a ./Core/Src/hw_timerserver.o
                0x080011dc                HW_TS_RTC_Int_AppNot
 .text.LL_RCC_LSE_SetDriveCapability
                0x080011f6       0x2c ./Core/Src/main.o
 .text.LL_AHB2_GRP1_EnableClock
                0x08001222       0x32 ./Core/Src/main.o
 .text.main     0x08001254       0x2e ./Core/Src/main.o
                0x08001254                main
 *fill*         0x08001282        0x2 
 .text.SystemClock_Config
                0x08001284       0xc4 ./Core/Src/main.o
                0x08001284                SystemClock_Config
 .text.PeriphCommonClock_Config
                0x08001348       0x40 ./Core/Src/main.o
                0x08001348                PeriphCommonClock_Config
 .text.MX_IPCC_Init
                0x08001388       0x28 ./Core/Src/main.o
 .text.MX_RF_Init
                0x080013b0        0xe ./Core/Src/main.o
 *fill*         0x080013be        0x2 
 .text.MX_RTC_Init
                0x080013c0       0x68 ./Core/Src/main.o
 .text.MX_GPIO_Init
                0x08001428      0x4a8 ./Core/Src/main.o
 .text.Error_Handler
                0x080018d0        0xc ./Core/Src/main.o
                0x080018d0                Error_Handler
 .text.LL_RCC_EnableRTC
                0x080018dc       0x22 ./Core/Src/stm32wbxx_hal_msp.o
 .text.LL_AHB3_GRP1_EnableClock
                0x080018fe       0x32 ./Core/Src/stm32wbxx_hal_msp.o
 .text.LL_APB1_GRP1_EnableClock
                0x08001930       0x32 ./Core/Src/stm32wbxx_hal_msp.o
 .text.HAL_MspInit
                0x08001962       0x20 ./Core/Src/stm32wbxx_hal_msp.o
                0x08001962                HAL_MspInit
 *fill*         0x08001982        0x2 
 .text.HAL_IPCC_MspInit
                0x08001984       0x48 ./Core/Src/stm32wbxx_hal_msp.o
                0x08001984                HAL_IPCC_MspInit
 .text.HAL_RTC_MspInit
                0x080019cc       0x68 ./Core/Src/stm32wbxx_hal_msp.o
                0x080019cc                HAL_RTC_MspInit
 .text.NMI_Handler
                0x08001a34        0x8 ./Core/Src/stm32wbxx_it.o
                0x08001a34                NMI_Handler
 .text.HardFault_Handler
                0x08001a3c        0x8 ./Core/Src/stm32wbxx_it.o
                0x08001a3c                HardFault_Handler
 .text.MemManage_Handler
                0x08001a44        0x8 ./Core/Src/stm32wbxx_it.o
                0x08001a44                MemManage_Handler
 .text.BusFault_Handler
                0x08001a4c        0x8 ./Core/Src/stm32wbxx_it.o
                0x08001a4c                BusFault_Handler
 .text.UsageFault_Handler
                0x08001a54        0x8 ./Core/Src/stm32wbxx_it.o
                0x08001a54                UsageFault_Handler
 .text.SVC_Handler
                0x08001a5c        0xe ./Core/Src/stm32wbxx_it.o
                0x08001a5c                SVC_Handler
 .text.DebugMon_Handler
                0x08001a6a        0xe ./Core/Src/stm32wbxx_it.o
                0x08001a6a                DebugMon_Handler
 .text.PendSV_Handler
                0x08001a78        0xe ./Core/Src/stm32wbxx_it.o
                0x08001a78                PendSV_Handler
 .text.SysTick_Handler
                0x08001a86        0xc ./Core/Src/stm32wbxx_it.o
                0x08001a86                SysTick_Handler
 .text.RTC_WKUP_IRQHandler
                0x08001a92        0xc ./Core/Src/stm32wbxx_it.o
                0x08001a92                RTC_WKUP_IRQHandler
 .text.EXTI15_10_IRQHandler
                0x08001a9e       0x10 ./Core/Src/stm32wbxx_it.o
                0x08001a9e                EXTI15_10_IRQHandler
 .text.IPCC_C1_RX_IRQHandler
                0x08001aae        0xc ./Core/Src/stm32wbxx_it.o
                0x08001aae                IPCC_C1_RX_IRQHandler
 .text.IPCC_C1_TX_IRQHandler
                0x08001aba        0xc ./Core/Src/stm32wbxx_it.o
                0x08001aba                IPCC_C1_TX_IRQHandler
 .text.HSEM_IRQHandler
                0x08001ac6        0xc ./Core/Src/stm32wbxx_it.o
                0x08001ac6                HSEM_IRQHandler
 *fill*         0x08001ad2        0x2 
 .text.SystemInit
                0x08001ad4       0xa4 ./Core/Src/system_stm32wbxx.o
                0x08001ad4                SystemInit
 .text.data_initializers
                0x08001b78       0x18 ./Core/Startup/startup_stm32wb5mmghx.o
 .text.Reset_Handler
                0x08001b90       0x58 ./Core/Startup/startup_stm32wb5mmghx.o
                0x08001b90                Reset_Handler
 .text.Default_Handler
                0x08001be8        0x2 ./Core/Startup/startup_stm32wb5mmghx.o
                0x08001be8                RTC_Alarm_IRQHandler
                0x08001be8                EXTI2_IRQHandler
                0x08001be8                TIM1_CC_IRQHandler
                0x08001be8                TSC_IRQHandler
                0x08001be8                USB_HP_IRQHandler
                0x08001be8                EXTI3_IRQHandler
                0x08001be8                LPTIM2_IRQHandler
                0x08001be8                I2C3_ER_IRQHandler
                0x08001be8                EXTI0_IRQHandler
                0x08001be8                FPU_IRQHandler
                0x08001be8                TIM1_UP_TIM16_IRQHandler
                0x08001be8                AES1_IRQHandler
                0x08001be8                SPI1_IRQHandler
                0x08001be8                PWR_SOTF_BLEACT_802ACT_RFPHASE_IRQHandler
                0x08001be8                DMA2_Channel2_IRQHandler
                0x08001be8                DMA1_Channel4_IRQHandler
                0x08001be8                ADC1_IRQHandler
                0x08001be8                PKA_IRQHandler
                0x08001be8                DMA1_Channel7_IRQHandler
                0x08001be8                LCD_IRQHandler
                0x08001be8                DMA2_Channel1_IRQHandler
                0x08001be8                QUADSPI_IRQHandler
                0x08001be8                I2C1_EV_IRQHandler
                0x08001be8                DMAMUX1_OVR_IRQHandler
                0x08001be8                DMA1_Channel6_IRQHandler
                0x08001be8                DMA2_Channel4_IRQHandler
                0x08001be8                RCC_IRQHandler
                0x08001be8                DMA1_Channel1_IRQHandler
                0x08001be8                Default_Handler
                0x08001be8                DMA2_Channel7_IRQHandler
                0x08001be8                C2SEV_PWR_C2H_IRQHandler
                0x08001be8                AES2_IRQHandler
                0x08001be8                I2C3_EV_IRQHandler
                0x08001be8                EXTI9_5_IRQHandler
                0x08001be8                PVD_PVM_IRQHandler
                0x08001be8                SPI2_IRQHandler
                0x08001be8                DMA2_Channel5_IRQHandler
                0x08001be8                CRS_IRQHandler
                0x08001be8                DMA1_Channel5_IRQHandler
                0x08001be8                USB_LP_IRQHandler
                0x08001be8                EXTI4_IRQHandler
                0x08001be8                RNG_IRQHandler
                0x08001be8                TIM1_TRG_COM_TIM17_IRQHandler
                0x08001be8                TAMP_STAMP_LSECSS_IRQHandler
                0x08001be8                DMA1_Channel3_IRQHandler
                0x08001be8                COMP_IRQHandler
                0x08001be8                WWDG_IRQHandler
                0x08001be8                LPUART1_IRQHandler
                0x08001be8                DMA2_Channel6_IRQHandler
                0x08001be8                TIM2_IRQHandler
                0x08001be8                TIM1_BRK_IRQHandler
                0x08001be8                EXTI1_IRQHandler
                0x08001be8                DMA1_Channel2_IRQHandler
                0x08001be8                FLASH_IRQHandler
                0x08001be8                USART1_IRQHandler
                0x08001be8                I2C1_ER_IRQHandler
                0x08001be8                LPTIM1_IRQHandler
                0x08001be8                SAI1_IRQHandler
                0x08001be8                DMA2_Channel3_IRQHandler
 *fill*         0x08001bea        0x2 
 .text.HAL_Init
                0x08001bec       0x40 ./Drivers/STM32WBxx_HAL_Driver/Src/stm32wbxx_hal.o
                0x08001bec                HAL_Init
 .text.HAL_InitTick
                0x08001c2c       0x74 ./Drivers/STM32WBxx_HAL_Driver/Src/stm32wbxx_hal.o
                0x08001c2c                HAL_InitTick
 .text.HAL_IncTick
                0x08001ca0       0x28 ./Drivers/STM32WBxx_HAL_Driver/Src/stm32wbxx_hal.o
                0x08001ca0                HAL_IncTick
 .text.HAL_GetTick
                0x08001cc8       0x18 ./Drivers/STM32WBxx_HAL_Driver/Src/stm32wbxx_hal.o
                0x08001cc8                HAL_GetTick
 .text.HAL_GetTickPrio
                0x08001ce0       0x18 ./Drivers/STM32WBxx_HAL_Driver/Src/stm32wbxx_hal.o
                0x08001ce0                HAL_GetTickPrio
 .text.__NVIC_SetPriorityGrouping
                0x08001cf8       0x48 ./Drivers/STM32WBxx_HAL_Driver/Src/stm32wbxx_hal_cortex.o
 .text.__NVIC_GetPriorityGrouping
                0x08001d40       0x1c ./Drivers/STM32WBxx_HAL_Driver/Src/stm32wbxx_hal_cortex.o
 .text.__NVIC_EnableIRQ
                0x08001d5c       0x3c ./Drivers/STM32WBxx_HAL_Driver/Src/stm32wbxx_hal_cortex.o
 .text.__NVIC_DisableIRQ
                0x08001d98       0x48 ./Drivers/STM32WBxx_HAL_Driver/Src/stm32wbxx_hal_cortex.o
 .text.__NVIC_SetPendingIRQ
                0x08001de0       0x3c ./Drivers/STM32WBxx_HAL_Driver/Src/stm32wbxx_hal_cortex.o
 .text.__NVIC_ClearPendingIRQ
                0x08001e1c       0x3c ./Drivers/STM32WBxx_HAL_Driver/Src/stm32wbxx_hal_cortex.o
 .text.__NVIC_SetPriority
                0x08001e58       0x54 ./Drivers/STM32WBxx_HAL_Driver/Src/stm32wbxx_hal_cortex.o
 .text.NVIC_EncodePriority
                0x08001eac       0x66 ./Drivers/STM32WBxx_HAL_Driver/Src/stm32wbxx_hal_cortex.o
 *fill*         0x08001f12        0x2 
 .text.SysTick_Config
                0x08001f14       0x44 ./Drivers/STM32WBxx_HAL_Driver/Src/stm32wbxx_hal_cortex.o
 .text.HAL_NVIC_SetPriorityGrouping
                0x08001f58       0x16 ./Drivers/STM32WBxx_HAL_Driver/Src/stm32wbxx_hal_cortex.o
                0x08001f58                HAL_NVIC_SetPriorityGrouping
 .text.HAL_NVIC_SetPriority
                0x08001f6e       0x34 ./Drivers/STM32WBxx_HAL_Driver/Src/stm32wbxx_hal_cortex.o
                0x08001f6e                HAL_NVIC_SetPriority
 .text.HAL_NVIC_EnableIRQ
                0x08001fa2       0x1c ./Drivers/STM32WBxx_HAL_Driver/Src/stm32wbxx_hal_cortex.o
                0x08001fa2                HAL_NVIC_EnableIRQ
 .text.HAL_NVIC_DisableIRQ
                0x08001fbe       0x1c ./Drivers/STM32WBxx_HAL_Driver/Src/stm32wbxx_hal_cortex.o
                0x08001fbe                HAL_NVIC_DisableIRQ
 .text.HAL_SYSTICK_Config
                0x08001fda       0x18 ./Drivers/STM32WBxx_HAL_Driver/Src/stm32wbxx_hal_cortex.o
                0x08001fda                HAL_SYSTICK_Config
 .text.HAL_NVIC_SetPendingIRQ
                0x08001ff2       0x1c ./Drivers/STM32WBxx_HAL_Driver/Src/stm32wbxx_hal_cortex.o
                0x08001ff2                HAL_NVIC_SetPendingIRQ
 .text.HAL_NVIC_ClearPendingIRQ
                0x0800200e       0x1c ./Drivers/STM32WBxx_HAL_Driver/Src/stm32wbxx_hal_cortex.o
                0x0800200e                HAL_NVIC_ClearPendingIRQ
 *fill*         0x0800202a        0x2 
 .text.HAL_GPIO_Init
                0x0800202c      0x2e0 ./Drivers/STM32WBxx_HAL_Driver/Src/stm32wbxx_hal_gpio.o
                0x0800202c                HAL_GPIO_Init
 .text.HAL_GPIO_ReadPin
                0x0800230c       0x30 ./Drivers/STM32WBxx_HAL_Driver/Src/stm32wbxx_hal_gpio.o
                0x0800230c                HAL_GPIO_ReadPin
 .text.HAL_GPIO_WritePin
                0x0800233c       0x30 ./Drivers/STM32WBxx_HAL_Driver/Src/stm32wbxx_hal_gpio.o
                0x0800233c                HAL_GPIO_WritePin
 .text.HAL_GPIO_TogglePin
                0x0800236c       0x34 ./Drivers/STM32WBxx_HAL_Driver/Src/stm32wbxx_hal_gpio.o
                0x0800236c                HAL_GPIO_TogglePin
 .text.HAL_GPIO_EXTI_IRQHandler
                0x080023a0       0x30 ./Drivers/STM32WBxx_HAL_Driver/Src/stm32wbxx_hal_gpio.o
                0x080023a0                HAL_GPIO_EXTI_IRQHandler
 .text.HAL_GPIO_EXTI_Callback
                0x080023d0       0x16 ./Drivers/STM32WBxx_HAL_Driver/Src/stm32wbxx_hal_gpio.o
                0x080023d0                HAL_GPIO_EXTI_Callback
 *fill*         0x080023e6        0x2 
 .text.HAL_HSEM_IRQHandler
                0x080023e8       0x34 ./Drivers/STM32WBxx_HAL_Driver/Src/stm32wbxx_hal_hsem.o
                0x080023e8                HAL_HSEM_IRQHandler
 .text.HAL_HSEM_FreeCallback
                0x0800241c       0x14 ./Drivers/STM32WBxx_HAL_Driver/Src/stm32wbxx_hal_hsem.o
                0x0800241c                HAL_HSEM_FreeCallback
 .text.HAL_IPCC_Init
                0x08002430       0x64 ./Drivers/STM32WBxx_HAL_Driver/Src/stm32wbxx_hal_ipcc.o
                0x08002430                HAL_IPCC_Init
 .text.HAL_IPCC_RxCallback
                0x08002494       0x1a ./Drivers/STM32WBxx_HAL_Driver/Src/stm32wbxx_hal_ipcc.o
                0x08002494                HAL_IPCC_RxCallback
 .text.HAL_IPCC_TxCallback
                0x080024ae       0x1a ./Drivers/STM32WBxx_HAL_Driver/Src/stm32wbxx_hal_ipcc.o
                0x080024ae                HAL_IPCC_TxCallback
 .text.IPCC_SetDefaultCallbacks
                0x080024c8       0x4c ./Drivers/STM32WBxx_HAL_Driver/Src/stm32wbxx_hal_ipcc.o
                0x080024c8                IPCC_SetDefaultCallbacks
 .text.IPCC_Reset_Register
                0x08002514       0x28 ./Drivers/STM32WBxx_HAL_Driver/Src/stm32wbxx_hal_ipcc.o
                0x08002514                IPCC_Reset_Register
 .text.HAL_PWR_EnableBkUpAccess
                0x0800253c       0x20 ./Drivers/STM32WBxx_HAL_Driver/Src/stm32wbxx_hal_pwr.o
                0x0800253c                HAL_PWR_EnableBkUpAccess
 .text.HAL_PWREx_GetVoltageRange
                0x0800255c       0x1c ./Drivers/STM32WBxx_HAL_Driver/Src/stm32wbxx_hal_pwr_ex.o
                0x0800255c                HAL_PWREx_GetVoltageRange
 .text.LL_RCC_HSE_IsEnabledDiv2
                0x08002578       0x24 ./Drivers/STM32WBxx_HAL_Driver/Src/stm32wbxx_hal_rcc.o
 .text.LL_RCC_HSE_Enable
                0x0800259c       0x1e ./Drivers/STM32WBxx_HAL_Driver/Src/stm32wbxx_hal_rcc.o
 .text.LL_RCC_HSE_Disable
                0x080025ba       0x1e ./Drivers/STM32WBxx_HAL_Driver/Src/stm32wbxx_hal_rcc.o
 .text.LL_RCC_HSE_IsReady
                0x080025d8       0x24 ./Drivers/STM32WBxx_HAL_Driver/Src/stm32wbxx_hal_rcc.o
 .text.LL_RCC_HSI_Enable
                0x080025fc       0x1e ./Drivers/STM32WBxx_HAL_Driver/Src/stm32wbxx_hal_rcc.o
 .text.LL_RCC_HSI_Disable
                0x0800261a       0x1e ./Drivers/STM32WBxx_HAL_Driver/Src/stm32wbxx_hal_rcc.o
 .text.LL_RCC_HSI_IsReady
                0x08002638       0x24 ./Drivers/STM32WBxx_HAL_Driver/Src/stm32wbxx_hal_rcc.o
 .text.LL_RCC_HSI_SetCalibTrimming
                0x0800265c       0x2a ./Drivers/STM32WBxx_HAL_Driver/Src/stm32wbxx_hal_rcc.o
 .text.LL_RCC_HSI48_Enable
                0x08002686       0x22 ./Drivers/STM32WBxx_HAL_Driver/Src/stm32wbxx_hal_rcc.o
 .text.LL_RCC_HSI48_Disable
                0x080026a8       0x22 ./Drivers/STM32WBxx_HAL_Driver/Src/stm32wbxx_hal_rcc.o
 .text.LL_RCC_HSI48_IsReady
                0x080026ca       0x24 ./Drivers/STM32WBxx_HAL_Driver/Src/stm32wbxx_hal_rcc.o
 .text.LL_RCC_LSE_Enable
                0x080026ee       0x22 ./Drivers/STM32WBxx_HAL_Driver/Src/stm32wbxx_hal_rcc.o
 .text.LL_RCC_LSE_Disable
                0x08002710       0x22 ./Drivers/STM32WBxx_HAL_Driver/Src/stm32wbxx_hal_rcc.o
 .text.LL_RCC_LSE_EnableBypass
                0x08002732       0x22 ./Drivers/STM32WBxx_HAL_Driver/Src/stm32wbxx_hal_rcc.o
 .text.LL_RCC_LSE_DisableBypass
                0x08002754       0x22 ./Drivers/STM32WBxx_HAL_Driver/Src/stm32wbxx_hal_rcc.o
 .text.LL_RCC_LSE_IsReady
                0x08002776       0x24 ./Drivers/STM32WBxx_HAL_Driver/Src/stm32wbxx_hal_rcc.o
 .text.LL_RCC_LSI1_Enable
                0x0800279a       0x22 ./Drivers/STM32WBxx_HAL_Driver/Src/stm32wbxx_hal_rcc.o
 .text.LL_RCC_LSI1_Disable
                0x080027bc       0x22 ./Drivers/STM32WBxx_HAL_Driver/Src/stm32wbxx_hal_rcc.o
 .text.LL_RCC_LSI1_IsReady
                0x080027de       0x24 ./Drivers/STM32WBxx_HAL_Driver/Src/stm32wbxx_hal_rcc.o
 .text.LL_RCC_LSI2_Enable
                0x08002802       0x22 ./Drivers/STM32WBxx_HAL_Driver/Src/stm32wbxx_hal_rcc.o
 .text.LL_RCC_LSI2_Disable
                0x08002824       0x22 ./Drivers/STM32WBxx_HAL_Driver/Src/stm32wbxx_hal_rcc.o
 .text.LL_RCC_LSI2_IsReady
                0x08002846       0x24 ./Drivers/STM32WBxx_HAL_Driver/Src/stm32wbxx_hal_rcc.o
 .text.LL_RCC_LSI2_SetTrimming
                0x0800286a       0x2e ./Drivers/STM32WBxx_HAL_Driver/Src/stm32wbxx_hal_rcc.o
 .text.LL_RCC_MSI_Enable
                0x08002898       0x1e ./Drivers/STM32WBxx_HAL_Driver/Src/stm32wbxx_hal_rcc.o
 .text.LL_RCC_MSI_Disable
                0x080028b6       0x1e ./Drivers/STM32WBxx_HAL_Driver/Src/stm32wbxx_hal_rcc.o
 .text.LL_RCC_MSI_IsReady
                0x080028d4       0x22 ./Drivers/STM32WBxx_HAL_Driver/Src/stm32wbxx_hal_rcc.o
 .text.LL_RCC_MSI_SetRange
                0x080028f6       0x28 ./Drivers/STM32WBxx_HAL_Driver/Src/stm32wbxx_hal_rcc.o
 .text.LL_RCC_MSI_GetRange
                0x0800291e       0x2a ./Drivers/STM32WBxx_HAL_Driver/Src/stm32wbxx_hal_rcc.o
 .text.LL_RCC_MSI_SetCalibTrimming
                0x08002948       0x2a ./Drivers/STM32WBxx_HAL_Driver/Src/stm32wbxx_hal_rcc.o
 .text.LL_RCC_SetSysClkSource
                0x08002972       0x28 ./Drivers/STM32WBxx_HAL_Driver/Src/stm32wbxx_hal_rcc.o
 .text.LL_RCC_GetSysClkSource
                0x0800299a       0x18 ./Drivers/STM32WBxx_HAL_Driver/Src/stm32wbxx_hal_rcc.o
 .text.LL_RCC_SetAHBPrescaler
                0x080029b2       0x28 ./Drivers/STM32WBxx_HAL_Driver/Src/stm32wbxx_hal_rcc.o
 .text.LL_C2_RCC_SetAHBPrescaler
                0x080029da       0x2c ./Drivers/STM32WBxx_HAL_Driver/Src/stm32wbxx_hal_rcc.o
 .text.LL_RCC_SetAHB4Prescaler
                0x08002a06       0x2e ./Drivers/STM32WBxx_HAL_Driver/Src/stm32wbxx_hal_rcc.o
 .text.LL_RCC_SetAPB1Prescaler
                0x08002a34       0x28 ./Drivers/STM32WBxx_HAL_Driver/Src/stm32wbxx_hal_rcc.o
 .text.LL_RCC_SetAPB2Prescaler
                0x08002a5c       0x28 ./Drivers/STM32WBxx_HAL_Driver/Src/stm32wbxx_hal_rcc.o
 .text.LL_RCC_GetAHBPrescaler
                0x08002a84       0x18 ./Drivers/STM32WBxx_HAL_Driver/Src/stm32wbxx_hal_rcc.o
 .text.LL_RCC_GetAHB4Prescaler
                0x08002a9c       0x1c ./Drivers/STM32WBxx_HAL_Driver/Src/stm32wbxx_hal_rcc.o
 .text.LL_RCC_PLL_Enable
                0x08002ab8       0x1e ./Drivers/STM32WBxx_HAL_Driver/Src/stm32wbxx_hal_rcc.o
 .text.LL_RCC_PLL_Disable
                0x08002ad6       0x1e ./Drivers/STM32WBxx_HAL_Driver/Src/stm32wbxx_hal_rcc.o
 .text.LL_RCC_PLL_IsReady
                0x08002af4       0x24 ./Drivers/STM32WBxx_HAL_Driver/Src/stm32wbxx_hal_rcc.o
 .text.LL_RCC_PLL_GetN
                0x08002b18       0x1a ./Drivers/STM32WBxx_HAL_Driver/Src/stm32wbxx_hal_rcc.o
 .text.LL_RCC_PLL_GetR
                0x08002b32       0x18 ./Drivers/STM32WBxx_HAL_Driver/Src/stm32wbxx_hal_rcc.o
 .text.LL_RCC_PLL_GetDivider
                0x08002b4a       0x18 ./Drivers/STM32WBxx_HAL_Driver/Src/stm32wbxx_hal_rcc.o
 .text.LL_RCC_PLL_GetMainSource
                0x08002b62       0x18 ./Drivers/STM32WBxx_HAL_Driver/Src/stm32wbxx_hal_rcc.o
 .text.LL_RCC_IsActiveFlag_HPRE
                0x08002b7a       0x24 ./Drivers/STM32WBxx_HAL_Driver/Src/stm32wbxx_hal_rcc.o
 .text.LL_RCC_IsActiveFlag_C2HPRE
                0x08002b9e       0x26 ./Drivers/STM32WBxx_HAL_Driver/Src/stm32wbxx_hal_rcc.o
 .text.LL_RCC_IsActiveFlag_SHDHPRE
                0x08002bc4       0x26 ./Drivers/STM32WBxx_HAL_Driver/Src/stm32wbxx_hal_rcc.o
 .text.LL_RCC_IsActiveFlag_PPRE1
                0x08002bea       0x24 ./Drivers/STM32WBxx_HAL_Driver/Src/stm32wbxx_hal_rcc.o
 .text.LL_RCC_IsActiveFlag_PPRE2
                0x08002c0e       0x24 ./Drivers/STM32WBxx_HAL_Driver/Src/stm32wbxx_hal_rcc.o
 *fill*         0x08002c32        0x2 
 .text.HAL_RCC_OscConfig
                0x08002c34      0x6e8 ./Drivers/STM32WBxx_HAL_Driver/Src/stm32wbxx_hal_rcc.o
                0x08002c34                HAL_RCC_OscConfig
 .text.HAL_RCC_ClockConfig
                0x0800331c      0x280 ./Drivers/STM32WBxx_HAL_Driver/Src/stm32wbxx_hal_rcc.o
                0x0800331c                HAL_RCC_ClockConfig
 .text.HAL_RCC_GetSysClockFreq
                0x0800359c       0xd8 ./Drivers/STM32WBxx_HAL_Driver/Src/stm32wbxx_hal_rcc.o
                0x0800359c                HAL_RCC_GetSysClockFreq
 .text.HAL_RCC_GetHCLKFreq
                0x08003674       0x28 ./Drivers/STM32WBxx_HAL_Driver/Src/stm32wbxx_hal_rcc.o
                0x08003674                HAL_RCC_GetHCLKFreq
 .text.RCC_SetFlashLatencyFromMSIRange
                0x0800369c       0x70 ./Drivers/STM32WBxx_HAL_Driver/Src/stm32wbxx_hal_rcc.o
 .text.RCC_SetFlashLatency
                0x0800370c       0xf8 ./Drivers/STM32WBxx_HAL_Driver/Src/stm32wbxx_hal_rcc.o
 .text.LL_RCC_LSE_IsEnabled
                0x08003804       0x24 ./Drivers/STM32WBxx_HAL_Driver/Src/stm32wbxx_hal_rcc_ex.o
 .text.LL_RCC_LSE_IsReady
                0x08003828       0x24 ./Drivers/STM32WBxx_HAL_Driver/Src/stm32wbxx_hal_rcc_ex.o
 .text.LL_RCC_SetRFWKPClockSource
                0x0800384c       0x2c ./Drivers/STM32WBxx_HAL_Driver/Src/stm32wbxx_hal_rcc_ex.o
 .text.LL_RCC_SetSMPSClockSource
                0x08003878       0x28 ./Drivers/STM32WBxx_HAL_Driver/Src/stm32wbxx_hal_rcc_ex.o
 .text.LL_RCC_SetSMPSPrescaler
                0x080038a0       0x28 ./Drivers/STM32WBxx_HAL_Driver/Src/stm32wbxx_hal_rcc_ex.o
 .text.LL_RCC_SetUSARTClockSource
                0x080038c8       0x2c ./Drivers/STM32WBxx_HAL_Driver/Src/stm32wbxx_hal_rcc_ex.o
 .text.LL_RCC_SetLPUARTClockSource
                0x080038f4       0x2c ./Drivers/STM32WBxx_HAL_Driver/Src/stm32wbxx_hal_rcc_ex.o
 .text.LL_RCC_SetI2CClockSource
                0x08003920       0x3a ./Drivers/STM32WBxx_HAL_Driver/Src/stm32wbxx_hal_rcc_ex.o
 .text.LL_RCC_SetLPTIMClockSource
                0x0800395a       0x34 ./Drivers/STM32WBxx_HAL_Driver/Src/stm32wbxx_hal_rcc_ex.o
 .text.LL_RCC_SetSAIClockSource
                0x0800398e       0x2c ./Drivers/STM32WBxx_HAL_Driver/Src/stm32wbxx_hal_rcc_ex.o
 .text.LL_RCC_SetRNGClockSource
                0x080039ba       0x2c ./Drivers/STM32WBxx_HAL_Driver/Src/stm32wbxx_hal_rcc_ex.o
 .text.LL_RCC_SetCLK48ClockSource
                0x080039e6       0x2c ./Drivers/STM32WBxx_HAL_Driver/Src/stm32wbxx_hal_rcc_ex.o
 .text.LL_RCC_SetUSBClockSource
                0x08003a12       0x16 ./Drivers/STM32WBxx_HAL_Driver/Src/stm32wbxx_hal_rcc_ex.o
 .text.LL_RCC_SetADCClockSource
                0x08003a28       0x2c ./Drivers/STM32WBxx_HAL_Driver/Src/stm32wbxx_hal_rcc_ex.o
 .text.LL_RCC_SetRTCClockSource
                0x08003a54       0x2c ./Drivers/STM32WBxx_HAL_Driver/Src/stm32wbxx_hal_rcc_ex.o
 .text.LL_RCC_GetRTCClockSource
                0x08003a80       0x1a ./Drivers/STM32WBxx_HAL_Driver/Src/stm32wbxx_hal_rcc_ex.o
 .text.LL_RCC_ForceBackupDomainReset
                0x08003a9a       0x22 ./Drivers/STM32WBxx_HAL_Driver/Src/stm32wbxx_hal_rcc_ex.o
 .text.LL_RCC_ReleaseBackupDomainReset
                0x08003abc       0x22 ./Drivers/STM32WBxx_HAL_Driver/Src/stm32wbxx_hal_rcc_ex.o
 .text.LL_RCC_PLLSAI1_Enable
                0x08003ade       0x1e ./Drivers/STM32WBxx_HAL_Driver/Src/stm32wbxx_hal_rcc_ex.o
 .text.LL_RCC_PLLSAI1_Disable
                0x08003afc       0x1e ./Drivers/STM32WBxx_HAL_Driver/Src/stm32wbxx_hal_rcc_ex.o
 .text.LL_RCC_PLLSAI1_IsReady
                0x08003b1a       0x24 ./Drivers/STM32WBxx_HAL_Driver/Src/stm32wbxx_hal_rcc_ex.o
 .text.HAL_RCCEx_PeriphCLKConfig
                0x08003b3e      0x2ec ./Drivers/STM32WBxx_HAL_Driver/Src/stm32wbxx_hal_rcc_ex.o
                0x08003b3e                HAL_RCCEx_PeriphCLKConfig
 .text.RCCEx_PLLSAI1_ConfigNP
                0x08003e2a       0xb6 ./Drivers/STM32WBxx_HAL_Driver/Src/stm32wbxx_hal_rcc_ex.o
 .text.RCCEx_PLLSAI1_ConfigNQ
                0x08003ee0       0xb6 ./Drivers/STM32WBxx_HAL_Driver/Src/stm32wbxx_hal_rcc_ex.o
 .text.RCCEx_PLLSAI1_ConfigNR
                0x08003f96       0xb6 ./Drivers/STM32WBxx_HAL_Driver/Src/stm32wbxx_hal_rcc_ex.o
 .text.HAL_RTC_Init
                0x0800404c      0x110 ./Drivers/STM32WBxx_HAL_Driver/Src/stm32wbxx_hal_rtc.o
                0x0800404c                HAL_RTC_Init
 .text.HAL_RTC_WaitForSynchro
                0x0800415c       0x4c ./Drivers/STM32WBxx_HAL_Driver/Src/stm32wbxx_hal_rtc.o
                0x0800415c                HAL_RTC_WaitForSynchro
 .text.RTC_EnterInitMode
                0x080041a8       0x70 ./Drivers/STM32WBxx_HAL_Driver/Src/stm32wbxx_hal_rtc.o
                0x080041a8                RTC_EnterInitMode
 .text.RTC_ExitInitMode
                0x08004218       0x4c ./Drivers/STM32WBxx_HAL_Driver/Src/stm32wbxx_hal_rtc.o
                0x08004218                RTC_ExitInitMode
 .text.HAL_RTCEx_SetWakeUpTimer_IT
                0x08004264      0x198 ./Drivers/STM32WBxx_HAL_Driver/Src/stm32wbxx_hal_rtc_ex.o
                0x08004264                HAL_RTCEx_SetWakeUpTimer_IT
 .text.aci_gap_set_non_discoverable
                0x080043fc       0x48 ./Middlewares/ST/STM32_WPAN/ble/core/auto/ble_gap_aci.o
                0x080043fc                aci_gap_set_non_discoverable
 .text.aci_gap_set_discoverable
                0x08004444      0x1f4 ./Middlewares/ST/STM32_WPAN/ble/core/auto/ble_gap_aci.o
                0x08004444                aci_gap_set_discoverable
 .text.aci_gap_set_io_capability
                0x08004638       0xa8 ./Middlewares/ST/STM32_WPAN/ble/core/auto/ble_gap_aci.o
                0x08004638                aci_gap_set_io_capability
 .text.aci_gap_set_authentication_requirement
                0x080046e0      0x188 ./Middlewares/ST/STM32_WPAN/ble/core/auto/ble_gap_aci.o
                0x080046e0                aci_gap_set_authentication_requirement
 .text.aci_gap_pass_key_resp
                0x08004868       0xce ./Middlewares/ST/STM32_WPAN/ble/core/auto/ble_gap_aci.o
                0x08004868                aci_gap_pass_key_resp
 .text.aci_gap_init
                0x08004936      0x15a ./Middlewares/ST/STM32_WPAN/ble/core/auto/ble_gap_aci.o
                0x08004936                aci_gap_init
 .text.aci_gap_update_adv_data
                0x08004a90       0xe4 ./Middlewares/ST/STM32_WPAN/ble/core/auto/ble_gap_aci.o
                0x08004a90                aci_gap_update_adv_data
 .text.aci_gap_configure_filter_accept_list
                0x08004b74       0x48 ./Middlewares/ST/STM32_WPAN/ble/core/auto/ble_gap_aci.o
                0x08004b74                aci_gap_configure_filter_accept_list
 .text.aci_gap_numeric_comparison_value_confirm_yesno
                0x08004bbc       0xce ./Middlewares/ST/STM32_WPAN/ble/core/auto/ble_gap_aci.o
                0x08004bbc                aci_gap_numeric_comparison_value_confirm_yesno
 .text.aci_gatt_init
                0x08004c8a       0x4a ./Middlewares/ST/STM32_WPAN/ble/core/auto/ble_gatt_aci.o
                0x08004c8a                aci_gatt_init
 .text.aci_gatt_add_service
                0x08004cd4      0x1ac ./Middlewares/ST/STM32_WPAN/ble/core/auto/ble_gatt_aci.o
                0x08004cd4                aci_gatt_add_service
 .text.aci_gatt_add_char
                0x08004e80      0x210 ./Middlewares/ST/STM32_WPAN/ble/core/auto/ble_gatt_aci.o
                0x08004e80                aci_gatt_add_char
 .text.aci_gatt_update_char_value
                0x08005090      0x152 ./Middlewares/ST/STM32_WPAN/ble/core/auto/ble_gatt_aci.o
                0x08005090                aci_gatt_update_char_value
 .text.aci_gatt_confirm_indication
                0x080051e2       0xaa ./Middlewares/ST/STM32_WPAN/ble/core/auto/ble_gatt_aci.o
                0x080051e2                aci_gatt_confirm_indication
 .text.aci_hal_write_config_data
                0x0800528c      0x10a ./Middlewares/ST/STM32_WPAN/ble/core/auto/ble_hal_aci.o
                0x0800528c                aci_hal_write_config_data
 .text.aci_hal_set_tx_power_level
                0x08005396       0xce ./Middlewares/ST/STM32_WPAN/ble/core/auto/ble_hal_aci.o
                0x08005396                aci_hal_set_tx_power_level
 .text.aci_hal_set_radio_activity_mask
                0x08005464       0xa8 ./Middlewares/ST/STM32_WPAN/ble/core/auto/ble_hal_aci.o
                0x08005464                aci_hal_set_radio_activity_mask
 .text.hci_reset
                0x0800550c       0x48 ./Middlewares/ST/STM32_WPAN/ble/core/auto/ble_hci_le.o
                0x0800550c                hci_reset
 .text.hci_le_set_default_phy
                0x08005554       0xfa ./Middlewares/ST/STM32_WPAN/ble/core/auto/ble_hci_le.o
                0x08005554                hci_le_set_default_phy
 .text.Osal_MemCpy
                0x0800564e       0x20 ./Middlewares/ST/STM32_WPAN/ble/core/template/osal.o
                0x0800564e                Osal_MemCpy
 .text.Osal_MemSet
                0x0800566e       0x20 ./Middlewares/ST/STM32_WPAN/ble/core/template/osal.o
                0x0800566e                Osal_MemSet
 .text.BAS_Init
                0x0800568e        0xe ./Middlewares/ST/STM32_WPAN/ble/svc/Src/svc_ctl.o
                0x0800568e                BAS_Init
 .text.BLS_Init
                0x0800569c        0xe ./Middlewares/ST/STM32_WPAN/ble/svc/Src/svc_ctl.o
                0x0800569c                BLS_Init
 .text.CRS_STM_Init
                0x080056aa        0xe ./Middlewares/ST/STM32_WPAN/ble/svc/Src/svc_ctl.o
                0x080056aa                CRS_STM_Init
 .text.DIS_Init
                0x080056b8        0xe ./Middlewares/ST/STM32_WPAN/ble/svc/Src/svc_ctl.o
                0x080056b8                DIS_Init
 .text.EDS_STM_Init
                0x080056c6        0xe ./Middlewares/ST/STM32_WPAN/ble/svc/Src/svc_ctl.o
                0x080056c6                EDS_STM_Init
 .text.HIDS_Init
                0x080056d4        0xe ./Middlewares/ST/STM32_WPAN/ble/svc/Src/svc_ctl.o
                0x080056d4                HIDS_Init
 .text.HRS_Init
                0x080056e2        0xe ./Middlewares/ST/STM32_WPAN/ble/svc/Src/svc_ctl.o
                0x080056e2                HRS_Init
 .text.HTS_Init
                0x080056f0        0xe ./Middlewares/ST/STM32_WPAN/ble/svc/Src/svc_ctl.o
                0x080056f0                HTS_Init
 .text.IAS_Init
                0x080056fe        0xe ./Middlewares/ST/STM32_WPAN/ble/svc/Src/svc_ctl.o
                0x080056fe                IAS_Init
 .text.LLS_Init
                0x0800570c        0xe ./Middlewares/ST/STM32_WPAN/ble/svc/Src/svc_ctl.o
                0x0800570c                LLS_Init
 .text.TPS_Init
                0x0800571a        0xe ./Middlewares/ST/STM32_WPAN/ble/svc/Src/svc_ctl.o
                0x0800571a                TPS_Init
 .text.MOTENV_STM_Init
                0x08005728        0xe ./Middlewares/ST/STM32_WPAN/ble/svc/Src/svc_ctl.o
                0x08005728                MOTENV_STM_Init
 .text.P2PS_STM_Init
                0x08005736        0xe ./Middlewares/ST/STM32_WPAN/ble/svc/Src/svc_ctl.o
                0x08005736                P2PS_STM_Init
 .text.ZDD_STM_Init
                0x08005744        0xe ./Middlewares/ST/STM32_WPAN/ble/svc/Src/svc_ctl.o
                0x08005744                ZDD_STM_Init
 .text.OTAS_STM_Init
                0x08005752        0xe ./Middlewares/ST/STM32_WPAN/ble/svc/Src/svc_ctl.o
                0x08005752                OTAS_STM_Init
 .text.MESH_Init
                0x08005760        0xe ./Middlewares/ST/STM32_WPAN/ble/svc/Src/svc_ctl.o
                0x08005760                MESH_Init
 .text.BVOPUS_STM_Init
                0x0800576e        0xe ./Middlewares/ST/STM32_WPAN/ble/svc/Src/svc_ctl.o
                0x0800576e                BVOPUS_STM_Init
 .text.SVCCTL_Init
                0x0800577c       0x20 ./Middlewares/ST/STM32_WPAN/ble/svc/Src/svc_ctl.o
                0x0800577c                SVCCTL_Init
 .text.SVCCTL_SvcInit
                0x0800579c       0x50 ./Middlewares/ST/STM32_WPAN/ble/svc/Src/svc_ctl.o
                0x0800579c                SVCCTL_SvcInit
 .text.SVCCTL_RegisterSvcHandler
                0x080057ec       0x34 ./Middlewares/ST/STM32_WPAN/ble/svc/Src/svc_ctl.o
                0x080057ec                SVCCTL_RegisterSvcHandler
 .text.SVCCTL_UserEvtRx
                0x08005820       0xa8 ./Middlewares/ST/STM32_WPAN/ble/svc/Src/svc_ctl.o
                0x08005820                SVCCTL_UserEvtRx
 .text.SHCI_C2_BLE_Init
                0x080058c8       0x2e ./Middlewares/ST/STM32_WPAN/interface/patterns/ble_thread/shci/shci.o
                0x080058c8                SHCI_C2_BLE_Init
 .text.SHCI_C2_DEBUG_Init
                0x080058f6       0x2e ./Middlewares/ST/STM32_WPAN/interface/patterns/ble_thread/shci/shci.o
                0x080058f6                SHCI_C2_DEBUG_Init
 .text.SHCI_C2_Config
                0x08005924       0x2a ./Middlewares/ST/STM32_WPAN/interface/patterns/ble_thread/shci/shci.o
                0x08005924                SHCI_C2_Config
 *fill*         0x0800594e        0x2 
 .text.SHCI_GetWirelessFwInfo
                0x08005950      0x15c ./Middlewares/ST/STM32_WPAN/interface/patterns/ble_thread/shci/shci.o
                0x08005950                SHCI_GetWirelessFwInfo
 .text.hci_init
                0x08005aac       0x38 ./Middlewares/ST/STM32_WPAN/interface/patterns/ble_thread/tl/hci_tl.o
                0x08005aac                hci_init
 .text.hci_user_evt_proc
                0x08005ae4       0x9c ./Middlewares/ST/STM32_WPAN/interface/patterns/ble_thread/tl/hci_tl.o
                0x08005ae4                hci_user_evt_proc
 .text.hci_send_req
                0x08005b80      0x108 ./Middlewares/ST/STM32_WPAN/interface/patterns/ble_thread/tl/hci_tl.o
                0x08005b80                hci_send_req
 .text.TlInit   0x08005c88       0x60 ./Middlewares/ST/STM32_WPAN/interface/patterns/ble_thread/tl/hci_tl.o
 .text.SendCmd  0x08005ce8       0x4c ./Middlewares/ST/STM32_WPAN/interface/patterns/ble_thread/tl/hci_tl.o
 .text.NotifyCmdStatus
                0x08005d34       0x40 ./Middlewares/ST/STM32_WPAN/interface/patterns/ble_thread/tl/hci_tl.o
 .text.TlEvtReceived
                0x08005d74       0x48 ./Middlewares/ST/STM32_WPAN/interface/patterns/ble_thread/tl/hci_tl.o
 .text.hci_register_io_bus
                0x08005dbc       0x28 ./Middlewares/ST/STM32_WPAN/interface/patterns/ble_thread/tl/hci_tl_if.o
                0x08005dbc                hci_register_io_bus
 .text.shci_init
                0x08005de4       0x38 ./Middlewares/ST/STM32_WPAN/interface/patterns/ble_thread/tl/shci_tl.o
                0x08005de4                shci_init
 .text.shci_user_evt_proc
                0x08005e1c       0x9c ./Middlewares/ST/STM32_WPAN/interface/patterns/ble_thread/tl/shci_tl.o
                0x08005e1c                shci_user_evt_proc
 .text.shci_send
                0x08005eb8       0x84 ./Middlewares/ST/STM32_WPAN/interface/patterns/ble_thread/tl/shci_tl.o
                0x08005eb8                shci_send
 .text.TlInit   0x08005f3c       0x64 ./Middlewares/ST/STM32_WPAN/interface/patterns/ble_thread/tl/shci_tl.o
 .text.Cmd_SetStatus
                0x08005fa0       0x50 ./Middlewares/ST/STM32_WPAN/interface/patterns/ble_thread/tl/shci_tl.o
 .text.TlCmdEvtReceived
                0x08005ff0       0x16 ./Middlewares/ST/STM32_WPAN/interface/patterns/ble_thread/tl/shci_tl.o
 *fill*         0x08006006        0x2 
 .text.TlUserEvtReceived
                0x08006008       0x24 ./Middlewares/ST/STM32_WPAN/interface/patterns/ble_thread/tl/shci_tl.o
 .text.shci_register_io_bus
                0x0800602c       0x28 ./Middlewares/ST/STM32_WPAN/interface/patterns/ble_thread/tl/shci_tl_if.o
                0x0800602c                shci_register_io_bus
 .text.TL_Enable
                0x08006054        0xc ./Middlewares/ST/STM32_WPAN/interface/patterns/ble_thread/tl/tl_mbox.o
                0x08006054                TL_Enable
 .text.TL_Init  0x08006060       0x74 ./Middlewares/ST/STM32_WPAN/interface/patterns/ble_thread/tl/tl_mbox.o
                0x08006060                TL_Init
 .text.TL_BLE_Init
                0x080060d4       0x68 ./Middlewares/ST/STM32_WPAN/interface/patterns/ble_thread/tl/tl_mbox.o
                0x080060d4                TL_BLE_Init
 .text.TL_BLE_SendCmd
                0x0800613c       0x38 ./Middlewares/ST/STM32_WPAN/interface/patterns/ble_thread/tl/tl_mbox.o
                0x0800613c                TL_BLE_SendCmd
 .text.HW_IPCC_BLE_RxEvtNot
                0x08006174       0x60 ./Middlewares/ST/STM32_WPAN/interface/patterns/ble_thread/tl/tl_mbox.o
                0x08006174                HW_IPCC_BLE_RxEvtNot
 .text.HW_IPCC_BLE_AclDataAckNot
                0x080061d4       0x1c ./Middlewares/ST/STM32_WPAN/interface/patterns/ble_thread/tl/tl_mbox.o
                0x080061d4                HW_IPCC_BLE_AclDataAckNot
 .text.TL_SYS_Init
                0x080061f0       0x54 ./Middlewares/ST/STM32_WPAN/interface/patterns/ble_thread/tl/tl_mbox.o
                0x080061f0                TL_SYS_Init
 .text.TL_SYS_SendCmd
                0x08006244       0x38 ./Middlewares/ST/STM32_WPAN/interface/patterns/ble_thread/tl/tl_mbox.o
                0x08006244                TL_SYS_SendCmd
 .text.HW_IPCC_SYS_CmdEvtNot
                0x0800627c       0x2c ./Middlewares/ST/STM32_WPAN/interface/patterns/ble_thread/tl/tl_mbox.o
                0x0800627c                HW_IPCC_SYS_CmdEvtNot
 .text.HW_IPCC_SYS_EvtNot
                0x080062a8       0x44 ./Middlewares/ST/STM32_WPAN/interface/patterns/ble_thread/tl/tl_mbox.o
                0x080062a8                HW_IPCC_SYS_EvtNot
 .text.TL_MM_Init
                0x080062ec       0x78 ./Middlewares/ST/STM32_WPAN/interface/patterns/ble_thread/tl/tl_mbox.o
                0x080062ec                TL_MM_Init
 .text.TL_MM_EvtDone
                0x08006364       0x30 ./Middlewares/ST/STM32_WPAN/interface/patterns/ble_thread/tl/tl_mbox.o
                0x08006364                TL_MM_EvtDone
 .text.SendFreeBuf
                0x08006394       0x40 ./Middlewares/ST/STM32_WPAN/interface/patterns/ble_thread/tl/tl_mbox.o
 .text.TL_TRACES_Init
                0x080063d4       0x24 ./Middlewares/ST/STM32_WPAN/interface/patterns/ble_thread/tl/tl_mbox.o
                0x080063d4                TL_TRACES_Init
 .text.HW_IPCC_TRACES_EvtNot
                0x080063f8       0x34 ./Middlewares/ST/STM32_WPAN/interface/patterns/ble_thread/tl/tl_mbox.o
                0x080063f8                HW_IPCC_TRACES_EvtNot
 .text.TL_TRACES_EvtReceived
                0x0800642c       0x14 ./Middlewares/ST/STM32_WPAN/interface/patterns/ble_thread/tl/tl_mbox.o
                0x0800642c                TL_TRACES_EvtReceived
 .text.OutputDbgTrace
                0x08006440       0xbc ./Middlewares/ST/STM32_WPAN/interface/patterns/ble_thread/tl/tl_mbox.o
 .text.OTP_Read
                0x080064fc       0x50 ./Middlewares/ST/STM32_WPAN/utilities/otp.o
                0x080064fc                OTP_Read
 .text.LST_init_head
                0x0800654c       0x20 ./Middlewares/ST/STM32_WPAN/utilities/stm_list.o
                0x0800654c                LST_init_head
 .text.LST_is_empty
                0x0800656c       0x44 ./Middlewares/ST/STM32_WPAN/utilities/stm_list.o
                0x0800656c                LST_is_empty
 .text.LST_insert_head
                0x080065b0       0x4c ./Middlewares/ST/STM32_WPAN/utilities/stm_list.o
                0x080065b0                LST_insert_head
 .text.LST_insert_tail
                0x080065fc       0x4c ./Middlewares/ST/STM32_WPAN/utilities/stm_list.o
                0x080065fc                LST_insert_tail
 .text.LST_remove_node
                0x08006648       0x42 ./Middlewares/ST/STM32_WPAN/utilities/stm_list.o
                0x08006648                LST_remove_node
 .text.LST_remove_head
                0x0800668a       0x3e ./Middlewares/ST/STM32_WPAN/utilities/stm_list.o
                0x0800668a                LST_remove_head
 .text.LL_FLASH_GetUDN
                0x080066c8       0x18 ./STM32_WPAN/App/app_ble.o
 .text.LL_FLASH_GetDeviceID
                0x080066e0       0x18 ./STM32_WPAN/App/app_ble.o
 .text.LL_FLASH_GetSTCompanyID
                0x080066f8       0x18 ./STM32_WPAN/App/app_ble.o
 .text.APP_BLE_Init
                0x08006710      0x114 ./STM32_WPAN/App/app_ble.o
                0x08006710                APP_BLE_Init
 .text.SVCCTL_App_Notification
                0x08006824      0x1cc ./STM32_WPAN/App/app_ble.o
                0x08006824                SVCCTL_App_Notification
 .text.Ble_Tl_Init
                0x080069f0       0x2c ./STM32_WPAN/App/app_ble.o
 .text.Ble_Hci_Gap_Gatt_Init
                0x08006a1c      0x150 ./STM32_WPAN/App/app_ble.o
 .text.Adv_Request
                0x08006b6c       0x60 ./STM32_WPAN/App/app_ble.o
 .text.BleGetBdAddress
                0x08006bcc       0x88 ./STM32_WPAN/App/app_ble.o
 .text.Adv_Cancel
                0x08006c54       0x34 ./STM32_WPAN/App/app_ble.o
 .text.hci_notify_asynch_evt
                0x08006c88       0x18 ./STM32_WPAN/App/app_ble.o
                0x08006c88                hci_notify_asynch_evt
 .text.hci_cmd_resp_release
                0x08006ca0       0x16 ./STM32_WPAN/App/app_ble.o
                0x08006ca0                hci_cmd_resp_release
 .text.hci_cmd_resp_wait
                0x08006cb6       0x16 ./STM32_WPAN/App/app_ble.o
                0x08006cb6                hci_cmd_resp_wait
 .text.BLE_UserEvtRx
                0x08006ccc       0x38 ./STM32_WPAN/App/app_ble.o
 .text.BLE_StatusNot
                0x08006d04       0x36 ./STM32_WPAN/App/app_ble.o
 *fill*         0x08006d3a        0x2 
 .text.myTask   0x08006d3c       0x30 ./STM32_WPAN/App/custom_app.o
                0x08006d3c                myTask
 .text.Custom_STM_App_Notification
                0x08006d6c       0x3c ./STM32_WPAN/App/custom_app.o
                0x08006d6c                Custom_STM_App_Notification
 .text.Custom_APP_Notification
                0x08006da8       0x28 ./STM32_WPAN/App/custom_app.o
                0x08006da8                Custom_APP_Notification
 .text.Custom_APP_Init
                0x08006dd0        0xe ./STM32_WPAN/App/custom_app.o
                0x08006dd0                Custom_APP_Init
 *fill*         0x08006dde        0x2 
 .text.Custom_STM_Event_Handler
                0x08006de0      0x158 ./STM32_WPAN/App/custom_stm.o
 .text.SVCCTL_InitCustomSvc
                0x08006f38      0x160 ./STM32_WPAN/App/custom_stm.o
                0x08006f38                SVCCTL_InitCustomSvc
 .text.LL_PWR_EnableBootC2
                0x08007098       0x20 ./STM32_WPAN/Target/hw_ipcc.o
 .text.LL_C2_EXTI_EnableEvent_32_63
                0x080070b8       0x28 ./STM32_WPAN/Target/hw_ipcc.o
 .text.LL_EXTI_EnableRisingTrig_32_63
                0x080070e0       0x24 ./STM32_WPAN/Target/hw_ipcc.o
 .text.LL_AHB3_GRP1_EnableClock
                0x08007104       0x32 ./STM32_WPAN/Target/hw_ipcc.o
 .text.LL_C2_AHB3_GRP1_EnableClock
                0x08007136       0x38 ./STM32_WPAN/Target/hw_ipcc.o
 .text.LL_C1_IPCC_EnableIT_TXF
                0x0800716e       0x20 ./STM32_WPAN/Target/hw_ipcc.o
 .text.LL_C1_IPCC_EnableIT_RXO
                0x0800718e       0x20 ./STM32_WPAN/Target/hw_ipcc.o
 .text.LL_C1_IPCC_EnableTransmitChannel
                0x080071ae       0x26 ./STM32_WPAN/Target/hw_ipcc.o
 .text.LL_C1_IPCC_DisableTransmitChannel
                0x080071d4       0x24 ./STM32_WPAN/Target/hw_ipcc.o
 .text.LL_C1_IPCC_EnableReceiveChannel
                0x080071f8       0x24 ./STM32_WPAN/Target/hw_ipcc.o
 .text.LL_C1_IPCC_ClearFlag_CHx
                0x0800721c       0x1c ./STM32_WPAN/Target/hw_ipcc.o
 .text.LL_C1_IPCC_SetFlag_CHx
                0x08007238       0x1e ./STM32_WPAN/Target/hw_ipcc.o
 .text.LL_C1_IPCC_IsActiveFlag_CHx
                0x08007256       0x2a ./STM32_WPAN/Target/hw_ipcc.o
 .text.LL_C2_IPCC_IsActiveFlag_CHx
                0x08007280       0x2a ./STM32_WPAN/Target/hw_ipcc.o
 *fill*         0x080072aa        0x2 
 .text.HW_IPCC_Rx_Handler
                0x080072ac       0x6c ./STM32_WPAN/Target/hw_ipcc.o
                0x080072ac                HW_IPCC_Rx_Handler
 .text.HW_IPCC_Tx_Handler
                0x08007318       0x6c ./STM32_WPAN/Target/hw_ipcc.o
                0x08007318                HW_IPCC_Tx_Handler
 .text.HW_IPCC_Enable
                0x08007384       0x28 ./STM32_WPAN/Target/hw_ipcc.o
                0x08007384                HW_IPCC_Enable
 .text.HW_IPCC_Init
                0x080073ac       0x2c ./STM32_WPAN/Target/hw_ipcc.o
                0x080073ac                HW_IPCC_Init
 .text.HW_IPCC_BLE_Init
                0x080073d8       0x34 ./STM32_WPAN/Target/hw_ipcc.o
                0x080073d8                HW_IPCC_BLE_Init
 .text.HW_IPCC_BLE_SendCmd
                0x0800740c       0x14 ./STM32_WPAN/Target/hw_ipcc.o
                0x0800740c                HW_IPCC_BLE_SendCmd
 .text.HW_IPCC_BLE_EvtHandler
                0x08007420       0x18 ./STM32_WPAN/Target/hw_ipcc.o
 .text.HW_IPCC_BLE_AclDataEvtHandler
                0x08007438       0x38 ./STM32_WPAN/Target/hw_ipcc.o
 .text.HW_IPCC_SYS_Init
                0x08007470       0x34 ./STM32_WPAN/Target/hw_ipcc.o
                0x08007470                HW_IPCC_SYS_Init
 .text.HW_IPCC_SYS_SendCmd
                0x080074a4       0x3c ./STM32_WPAN/Target/hw_ipcc.o
                0x080074a4                HW_IPCC_SYS_SendCmd
 .text.HW_IPCC_SYS_CmdEvtHandler
                0x080074e0       0x38 ./STM32_WPAN/Target/hw_ipcc.o
 .text.HW_IPCC_SYS_EvtHandler
                0x08007518       0x18 ./STM32_WPAN/Target/hw_ipcc.o
 .text.HW_IPCC_MM_SendFreeBuf
                0x08007530       0x5c ./STM32_WPAN/Target/hw_ipcc.o
                0x08007530                HW_IPCC_MM_SendFreeBuf
 .text.HW_IPCC_MM_FreeBufHandler
                0x0800758c       0x48 ./STM32_WPAN/Target/hw_ipcc.o
 .text.HW_IPCC_TRACES_Init
                0x080075d4       0x34 ./STM32_WPAN/Target/hw_ipcc.o
                0x080075d4                HW_IPCC_TRACES_Init
 .text.HW_IPCC_TRACES_EvtHandler
                0x08007608       0x18 ./STM32_WPAN/Target/hw_ipcc.o
 .text.UTIL_LPM_Init
                0x08007620       0x24 ./Utilities/lpm/tiny_lpm/stm32_lpm.o
                0x08007620                UTIL_LPM_Init
 .text.UTIL_LPM_SetOffMode
                0x08007644       0x60 ./Utilities/lpm/tiny_lpm/stm32_lpm.o
                0x08007644                UTIL_LPM_SetOffMode
 .text.UTIL_SEQ_Run
                0x080076a4      0x304 ./Utilities/sequencer/stm32_seq.o
                0x080076a4                UTIL_SEQ_Run
 .text.UTIL_SEQ_RegTask
                0x080079a8       0x44 ./Utilities/sequencer/stm32_seq.o
                0x080079a8                UTIL_SEQ_RegTask
 .text.UTIL_SEQ_SetTask
                0x080079ec       0x58 ./Utilities/sequencer/stm32_seq.o
                0x080079ec                UTIL_SEQ_SetTask
 .text.UTIL_SEQ_PauseTask
                0x08007a44       0x40 ./Utilities/sequencer/stm32_seq.o
                0x08007a44                UTIL_SEQ_PauseTask
 .text.UTIL_SEQ_ResumeTask
                0x08007a84       0x40 ./Utilities/sequencer/stm32_seq.o
                0x08007a84                UTIL_SEQ_ResumeTask
 .text.UTIL_SEQ_SetEvt
                0x08007ac4       0x40 ./Utilities/sequencer/stm32_seq.o
                0x08007ac4                UTIL_SEQ_SetEvt
 .text.UTIL_SEQ_WaitEvt
                0x08007b04       0x94 ./Utilities/sequencer/stm32_seq.o
                0x08007b04                UTIL_SEQ_WaitEvt
 .text.UTIL_SEQ_EvtIdle
                0x08007b98       0x1c ./Utilities/sequencer/stm32_seq.o
                0x08007b98                UTIL_SEQ_EvtIdle
 .text.UTIL_SEQ_PreIdle
                0x08007bb4        0xe ./Utilities/sequencer/stm32_seq.o
                0x08007bb4                UTIL_SEQ_PreIdle
 .text.UTIL_SEQ_PostIdle
                0x08007bc2        0xe ./Utilities/sequencer/stm32_seq.o
                0x08007bc2                UTIL_SEQ_PostIdle
 .text.UTIL_SEQ_PreTask
                0x08007bd0       0x14 ./Utilities/sequencer/stm32_seq.o
                0x08007bd0                UTIL_SEQ_PreTask
 .text.UTIL_SEQ_PostTask
                0x08007be4       0x14 ./Utilities/sequencer/stm32_seq.o
                0x08007be4                UTIL_SEQ_PostTask
 .text.UTIL_SEQ_CatchWarning
                0x08007bf8       0x16 ./Utilities/sequencer/stm32_seq.o
                0x08007bf8                UTIL_SEQ_CatchWarning
 .text.SEQ_BitPosition
                0x08007c0e       0x30 ./Utilities/sequencer/stm32_seq.o
                0x08007c0e                SEQ_BitPosition
 .text.memset   0x08007c3e       0x10 /opt/st/stm32cubeide_2.0.0/plugins/com.st.stm32cube.ide.mcu.externaltools.gnu-tools-for-stm32.13.3.rel1.linux64_1.0.100.202509120712/tools/bin/../lib/gcc/arm-none-eabi/13.3.1/../../../../arm-none-eabi/lib/thumb/v7e-m+fp/hard/libc_nano.a(libc_a-memset.o)
                0x08007c3e                memset
 *fill*         0x08007c4e        0x2 
 .text.__libc_init_array
                0x08007c50       0x48 /opt/st/stm32cubeide_2.0.0/plugins/com.st.stm32cube.ide.mcu.externaltools.gnu-tools-for-stm32.13.3.rel1.linux64_1.0.100.202509120712/tools/bin/../lib/gcc/arm-none-eabi/13.3.1/../../../../arm-none-eabi/lib/thumb/v7e-m+fp/hard/libc_nano.a(libc_a-init.o)
                0x08007c50                __libc_init_array
 .text.memcpy   0x08007c98       0x1c /opt/st/stm32cubeide_2.0.0/plugins/com.st.stm32cube.ide.mcu.externaltools.gnu-tools-for-stm32.13.3.rel1.linux64_1.0.100.202509120712/tools/bin/../lib/gcc/arm-none-eabi/13.3.1/../../../../arm-none-eabi/lib/thumb/v7e-m+fp/hard/libc_nano.a(libc_a-memcpy-stub.o)
                0x08007c98                memcpy
 *(.glue_7)
 .glue_7        0x08007cb4        0x0 linker stubs
 *(.glue_7t)
 .glue_7t       0x08007cb4        0x0 linker stubs
 *(.eh_frame)
 .eh_frame      0x08007cb4        0x0 /opt/st/stm32cubeide_2.0.0/plugins/com.st.stm32cube.ide.mcu.externaltools.gnu-tools-for-stm32.13.3.rel1.linux64_1.0.100.202509120712/tools/bin/../lib/gcc/arm-none-eabi/13.3.1/thumb/v7e-m+fp/hard/crtbegin.o
 *(.init)
 .init          0x08007cb4        0x4 /opt/st/stm32cubeide_2.0.0/plugins/com.st.stm32cube.ide.mcu.externaltools.gnu-tools-for-stm32.13.3.rel1.linux64_1.0.100.202509120712/tools/bin/../lib/gcc/arm-none-eabi/13.3.1/thumb/v7e-m+fp/hard/crti.o
                0x08007cb4                _init
 .init          0x08007cb8        0x8 /opt/st/stm32cubeide_2.0.0/plugins/com.st.stm32cube.ide.mcu.externaltools.gnu-tools-for-stm32.13.3.rel1.linux64_1.0.100.202509120712/tools/bin/../lib/gcc/arm-none-eabi/13.3.1/thumb/v7e-m+fp/hard/crtn.o
 *(.fini)
 .fini          0x08007cc0        0x4 /opt/st/stm32cubeide_2.0.0/plugins/com.st.stm32cube.ide.mcu.externaltools.gnu-tools-for-stm32.13.3.rel1.linux64_1.0.100.202509120712/tools/bin/../lib/gcc/arm-none-eabi/13.3.1/thumb/v7e-m+fp/hard/crti.o
                0x08007cc0                _fini
 .fini          0x08007cc4        0x8 /opt/st/stm32cubeide_2.0.0/plugins/com.st.stm32cube.ide.mcu.externaltools.gnu-tools-for-stm32.13.3.rel1.linux64_1.0.100.202509120712/tools/bin/../lib/gcc/arm-none-eabi/13.3.1/thumb/v7e-m+fp/hard/crtn.o
                0x08007ccc                        . = ALIGN (0x4)
                0x08007ccc                        _etext = .

.vfp11_veneer   0x08007ccc        0x0
 .vfp11_veneer  0x08007ccc        0x0 linker stubs

.v4_bx          0x08007ccc        0x0
 .v4_bx         0x08007ccc        0x0 linker stubs

.iplt           0x08007ccc        0x0
 .iplt          0x08007ccc        0x0 /opt/st/stm32cubeide_2.0.0/plugins/com.st.stm32cube.ide.mcu.externaltools.gnu-tools-for-stm32.13.3.rel1.linux64_1.0.100.202509120712/tools/bin/../lib/gcc/arm-none-eabi/13.3.1/thumb/v7e-m+fp/hard/crtbegin.o

.rodata         0x08007ccc      0x22c
                0x08007ccc                        . = ALIGN (0x4)
 *(.rodata)
 .rodata        0x08007ccc       0x1b ./Core/Src/app_debug.o
 *fill*         0x08007ce7        0x1 
 .rodata        0x08007ce8       0x2c ./Drivers/STM32WBxx_HAL_Driver/Src/stm32wbxx_hal_rcc.o
 .rodata        0x08007d14        0x9 ./STM32_WPAN/App/app_ble.o
 *(.rodata*)
 *fill*         0x08007d1d        0x3 
 .rodata.aGpioConfigList
                0x08007d20      0x130 ./Core/Src/app_debug.o
 .rodata.AHBPrescTable
                0x08007e50       0x40 ./Core/Src/system_stm32wbxx.o
                0x08007e50                AHBPrescTable
 .rodata.MSIRangeTable
                0x08007e90       0x40 ./Core/Src/system_stm32wbxx.o
                0x08007e90                MSIRangeTable
 .rodata.a_MBdAddr
                0x08007ed0        0x6 ./STM32_WPAN/App/app_ble.o
 *fill*         0x08007ed6        0x2 
 .rodata.a_BLE_CfgIrValue
                0x08007ed8       0x10 ./STM32_WPAN/App/app_ble.o
 .rodata.a_BLE_CfgErValue
                0x08007ee8       0x10 ./STM32_WPAN/App/app_ble.o
                0x08007ef8                        . = ALIGN (0x4)

.ARM.extab
 *(.ARM.extab* .gnu.linkonce.armextab.*)

.ARM            0x08007ef8        0x8
                0x08007ef8                        __exidx_start = .
 *(.ARM.exidx*)
 .ARM.exidx     0x08007ef8        0x8 /opt/st/stm32cubeide_2.0.0/plugins/com.st.stm32cube.ide.mcu.externaltools.gnu-tools-for-stm32.13.3.rel1.linux64_1.0.100.202509120712/tools/bin/../lib/gcc/arm-none-eabi/13.3.1/../../../../arm-none-eabi/lib/thumb/v7e-m+fp/hard/libc_nano.a(libc_a-strlen.o)
                0x08007f00                        __exidx_end = .

.preinit_array  0x08007f00        0x0
                0x08007f00                        PROVIDE (__preinit_array_start = .)
 *(.preinit_array*)
                0x08007f00                        PROVIDE (__preinit_array_end = .)

.init_array     0x08007f00        0x4
                0x08007f00                        PROVIDE (__init_array_start = .)
 *(SORT_BY_NAME(.init_array.*))
 *(.init_array*)
 .init_array    0x08007f00        0x4 /opt/st/stm32cubeide_2.0.0/plugins/com.st.stm32cube.ide.mcu.externaltools.gnu-tools-for-stm32.13.3.rel1.linux64_1.0.100.202509120712/tools/bin/../lib/gcc/arm-none-eabi/13.3.1/thumb/v7e-m+fp/hard/crtbegin.o
                0x08007f04                        PROVIDE (__init_array_end = .)

.fini_array     0x08007f04        0x4
                [!provide]                        PROVIDE (__fini_array_start = .)
 *(SORT_BY_NAME(.fini_array.*))
 *(.fini_array*)
 .fini_array    0x08007f04        0x4 /opt/st/stm32cubeide_2.0.0/plugins/com.st.stm32cube.ide.mcu.externaltools.gnu-tools-for-stm32.13.3.rel1.linux64_1.0.100.202509120712/tools/bin/../lib/gcc/arm-none-eabi/13.3.1/thumb/v7e-m+fp/hard/crtbegin.o
                [!provide]                        PROVIDE (__fini_array_end = .)
                0x08007f08                        _sidata = LOADADDR (.data)

.rel.dyn        0x08007f08        0x0
 .rel.iplt      0x08007f08        0x0 /opt/st/stm32cubeide_2.0.0/plugins/com.st.stm32cube.ide.mcu.externaltools.gnu-tools-for-stm32.13.3.rel1.linux64_1.0.100.202509120712/tools/bin/../lib/gcc/arm-none-eabi/13.3.1/thumb/v7e-m+fp/hard/crtbegin.o

.data           0x20000008       0x24 load address 0x08007f08
                0x20000008                        . = ALIGN (0x4)
                0x20000008                        _sdata = .
 *(.data)
 *(.data*)
 .data.SystemCoreClock
                0x20000008        0x4 ./Core/Src/system_stm32wbxx.o
                0x20000008                SystemCoreClock
 .data.uwTickPrio
                0x2000000c        0x4 ./Drivers/STM32WBxx_HAL_Driver/Src/stm32wbxx_hal.o
                0x2000000c                uwTickPrio
 .data.uwTickFreq
                0x20000010        0x1 ./Drivers/STM32WBxx_HAL_Driver/Src/stm32wbxx_hal.o
                0x20000010                uwTickFreq
 *fill*         0x20000011        0x3 
 .data.a_AdvData
                0x20000014        0xa ./STM32_WPAN/App/app_ble.o
                0x20000014                a_AdvData
 .data.SizeLed_C
                0x2000001e        0x2 ./STM32_WPAN/App/custom_stm.o
                0x2000001e                SizeLed_C
 .data.SizeSwitch_C
                0x20000020        0x2 ./STM32_WPAN/App/custom_stm.o
                0x20000020                SizeSwitch_C
 *fill*         0x20000022        0x2 
 .data.TaskMask
                0x20000024        0x4 ./Utilities/sequencer/stm32_seq.o
 .data.SuperMask
                0x20000028        0x4 ./Utilities/sequencer/stm32_seq.o
 *(.RamFunc)
 *(.RamFunc*)
                0x2000002c                        . = ALIGN (0x4)
                0x2000002c                        _edata = .

.igot.plt       0x2000002c        0x0 load address 0x08007f2c
 .igot.plt      0x2000002c        0x0 /opt/st/stm32cubeide_2.0.0/plugins/com.st.stm32cube.ide.mcu.externaltools.gnu-tools-for-stm32.13.3.rel1.linux64_1.0.100.202509120712/tools/bin/../lib/gcc/arm-none-eabi/13.3.1/thumb/v7e-m+fp/hard/crtbegin.o

BLE_DRIVER_CONTEXT
                0x2000002c       0x35 load address 0x08007f2c
 BLE_DRIVER_CONTEXT
                0x2000002c       0x21 ./Middlewares/ST/STM32_WPAN/ble/svc/Src/svc_ctl.o
                0x2000002c                SVCCTL_EvtHandler
                0x2000004c                SVCCTL_CltHandler
 *fill*         0x2000004d        0x3 
 BLE_DRIVER_CONTEXT
                0x20000050       0x11 ./Middlewares/ST/STM32_WPAN/interface/patterns/ble_thread/tl/hci_tl.o
                0x20000060                UserEventFlow

SYSTEM_DRIVER_CONTEXT
                0x20000064       0x11 load address 0x08007f61
 SYSTEM_DRIVER_CONTEXT
                0x20000064       0x11 ./Middlewares/ST/STM32_WPAN/interface/patterns/ble_thread/tl/shci_tl.o
                0x20000074                SHCI_TL_UserEventFlow
                0x20000078                        . = ALIGN (0x4)

.bss            0x20000078      0x4c8 load address 0x08007f72
                0x20000078                        _sbss = .
                0x20000078                        __bss_start__ = _sbss
 *(.bss)
 .bss           0x20000078       0x1c /opt/st/stm32cubeide_2.0.0/plugins/com.st.stm32cube.ide.mcu.externaltools.gnu-tools-for-stm32.13.3.rel1.linux64_1.0.100.202509120712/tools/bin/../lib/gcc/arm-none-eabi/13.3.1/thumb/v7e-m+fp/hard/crtbegin.o
 *(.bss*)
 .bss.aTimerContext
                0x20000094       0x90 ./Core/Src/hw_timerserver.o
 .bss.CurrentRunningTimerID
                0x20000124        0x1 ./Core/Src/hw_timerserver.o
 .bss.PreviousRunningTimerID
                0x20000125        0x1 ./Core/Src/hw_timerserver.o
 *fill*         0x20000126        0x2 
 .bss.SSRValueOnLastSetup
                0x20000128        0x4 ./Core/Src/hw_timerserver.o
 .bss.WakeupTimerLimitation
                0x2000012c        0x1 ./Core/Src/hw_timerserver.o
 .bss.WakeupTimerDivider
                0x2000012d        0x1 ./Core/Src/hw_timerserver.o
 .bss.AsynchPrescalerUserConfig
                0x2000012e        0x1 ./Core/Src/hw_timerserver.o
 *fill*         0x2000012f        0x1 
 .bss.SynchPrescalerUserConfig
                0x20000130        0x2 ./Core/Src/hw_timerserver.o
 .bss.MaxWakeupTimerSetup
                0x20000132        0x2 ./Core/Src/hw_timerserver.o
 .bss.hipcc     0x20000134       0x3c ./Core/Src/main.o
                0x20000134                hipcc
 .bss.hrtc      0x20000170       0x24 ./Core/Src/main.o
                0x20000170                hrtc
 .bss.uwTick    0x20000194        0x4 ./Drivers/STM32WBxx_HAL_Driver/Src/stm32wbxx_hal.o
                0x20000194                uwTick
 .bss.hciContext
                0x20000198       0x20 ./Middlewares/ST/STM32_WPAN/interface/patterns/ble_thread/tl/hci_tl.o
 .bss.HciCmdEventQueue
                0x200001b8        0x8 ./Middlewares/ST/STM32_WPAN/interface/patterns/ble_thread/tl/hci_tl.o
 .bss.StatusNotCallBackFunction
                0x200001c0        0x4 ./Middlewares/ST/STM32_WPAN/interface/patterns/ble_thread/tl/hci_tl.o
 .bss.CmdRspStatusFlag
                0x200001c4        0x1 ./Middlewares/ST/STM32_WPAN/interface/patterns/ble_thread/tl/hci_tl.o
 *fill*         0x200001c5        0x3 
 .bss.shciContext
                0x200001c8       0x20 ./Middlewares/ST/STM32_WPAN/interface/patterns/ble_thread/tl/shci_tl.o
 .bss.StatusNotCallBackFunction
                0x200001e8        0x4 ./Middlewares/ST/STM32_WPAN/interface/patterns/ble_thread/tl/shci_tl.o
 .bss.CmdRspStatusFlag
                0x200001ec        0x1 ./Middlewares/ST/STM32_WPAN/interface/patterns/ble_thread/tl/shci_tl.o
 *fill*         0x200001ed        0x3 
 .bss.LocalFreeBufQueue
                0x200001f0        0x8 ./Middlewares/ST/STM32_WPAN/interface/patterns/ble_thread/tl/tl_mbox.o
 .bss.BLE_IoBusEvtCallBackFunction
                0x200001f8        0x4 ./Middlewares/ST/STM32_WPAN/interface/patterns/ble_thread/tl/tl_mbox.o
 .bss.BLE_IoBusAclDataTxAck
                0x200001fc        0x4 ./Middlewares/ST/STM32_WPAN/interface/patterns/ble_thread/tl/tl_mbox.o
 .bss.SYS_CMD_IoBusCallBackFunction
                0x20000200        0x4 ./Middlewares/ST/STM32_WPAN/interface/patterns/ble_thread/tl/tl_mbox.o
 .bss.SYS_EVT_IoBusCallBackFunction
                0x20000204        0x4 ./Middlewares/ST/STM32_WPAN/interface/patterns/ble_thread/tl/tl_mbox.o
 .bss.p_mem_manager_table.0
                0x20000208        0x4 ./Middlewares/ST/STM32_WPAN/interface/patterns/ble_thread/tl/tl_mbox.o
 .bss.a_BdAddrUdn
                0x2000020c        0x6 ./STM32_WPAN/App/app_ble.o
 *fill*         0x20000212        0x2 
 .bss.BleApplicationContext
                0x20000214       0x76 ./STM32_WPAN/App/app_ble.o
 *fill*         0x2000028a        0x2 
 .bss.HandleNotification
                0x2000028c        0x4 ./STM32_WPAN/App/app_ble.o
                0x2000028c                HandleNotification
 .bss.UpdateCharData
                0x20000290      0x200 ./STM32_WPAN/App/custom_app.o
                0x20000290                UpdateCharData
 .bss.CustomContext
                0x20000490        0x6 ./STM32_WPAN/App/custom_stm.o
 *fill*         0x20000496        0x2 
 .bss.FreeBufCb
                0x20000498        0x4 ./STM32_WPAN/Target/hw_ipcc.o
 .bss.StopModeDisable
                0x2000049c        0x4 ./Utilities/lpm/tiny_lpm/stm32_lpm.o
 .bss.OffModeDisable
                0x200004a0        0x4 ./Utilities/lpm/tiny_lpm/stm32_lpm.o
 .bss.TaskSet   0x200004a4        0x4 ./Utilities/sequencer/stm32_seq.o
 .bss.EvtSet    0x200004a8        0x4 ./Utilities/sequencer/stm32_seq.o
 .bss.EvtWaited
                0x200004ac        0x4 ./Utilities/sequencer/stm32_seq.o
 .bss.CurrentTaskIdx
                0x200004b0        0x4 ./Utilities/sequencer/stm32_seq.o
 .bss.TaskCb    0x200004b4       0x80 ./Utilities/sequencer/stm32_seq.o
 .bss.TaskPrio  0x20000534        0x8 ./Utilities/sequencer/stm32_seq.o
 .bss.TaskClearList
                0x2000053c        0x4 ./Utilities/sequencer/stm32_seq.o
 *(COMMON)
                0x20000540                        . = ALIGN (0x4)
                0x20000540                        _ebss = .
                0x20000540                        __bss_end__ = _ebss

._user_heap_stack
                0x20000540      0x600 load address 0x08007f72
                0x20000540                        . = ALIGN (0x8)
                [!provide]                        PROVIDE (end = .)
                0x20000540                        PROVIDE (_end = .)
                0x20000740                        . = (. + _Min_Heap_Size)
 *fill*         0x20000540      0x200 
                0x20000b40                        . = (. + _Min_Stack_Size)
 *fill*         0x20000740      0x400 
                0x20000b40                        . = ALIGN (0x8)

/DISCARD/
 libc.a(*)
 libm.a(*)
 libgcc.a(*)

.ARM.attributes
                0x00000000       0x30
 *(.ARM.attributes)
 .ARM.attributes
                0x00000000       0x22 /opt/st/stm32cubeide_2.0.0/plugins/com.st.stm32cube.ide.mcu.externaltools.gnu-tools-for-stm32.13.3.rel1.linux64_1.0.100.202509120712/tools/bin/../lib/gcc/arm-none-eabi/13.3.1/thumb/v7e-m+fp/hard/crti.o
 .ARM.attributes
                0x00000022       0x34 /opt/st/stm32cubeide_2.0.0/plugins/com.st.stm32cube.ide.mcu.externaltools.gnu-tools-for-stm32.13.3.rel1.linux64_1.0.100.202509120712/tools/bin/../lib/gcc/arm-none-eabi/13.3.1/thumb/v7e-m+fp/hard/crtbegin.o
 .ARM.attributes
                0x00000056       0x34 ./Core/Src/app_debug.o
 .ARM.attributes
                0x0000008a       0x34 ./Core/Src/app_entry.o
 .ARM.attributes
                0x000000be       0x34 ./Core/Src/hw_timerserver.o
 .ARM.attributes
                0x000000f2       0x34 ./Core/Src/main.o
 .ARM.attributes
                0x00000126       0x34 ./Core/Src/stm32wbxx_hal_msp.o
 .ARM.attributes
                0x0000015a       0x34 ./Core/Src/stm32wbxx_it.o
 .ARM.attributes
                0x0000018e       0x34 ./Core/Src/system_stm32wbxx.o
 .ARM.attributes
                0x000001c2       0x21 ./Core/Startup/startup_stm32wb5mmghx.o
 .ARM.attributes
                0x000001e3       0x34 ./Drivers/STM32WBxx_HAL_Driver/Src/stm32wbxx_hal.o
 .ARM.attributes
                0x00000217       0x34 ./Drivers/STM32WBxx_HAL_Driver/Src/stm32wbxx_hal_cortex.o
 .ARM.attributes
                0x0000024b       0x34 ./Drivers/STM32WBxx_HAL_Driver/Src/stm32wbxx_hal_gpio.o
 .ARM.attributes
                0x0000027f       0x34 ./Drivers/STM32WBxx_HAL_Driver/Src/stm32wbxx_hal_hsem.o
 .ARM.attributes
                0x000002b3       0x34 ./Drivers/STM32WBxx_HAL_Driver/Src/stm32wbxx_hal_ipcc.o
 .ARM.attributes
                0x000002e7       0x34 ./Drivers/STM32WBxx_HAL_Driver/Src/stm32wbxx_hal_pwr.o
 .ARM.attributes
                0x0000031b       0x34 ./Drivers/STM32WBxx_HAL_Driver/Src/stm32wbxx_hal_pwr_ex.o
 .ARM.attributes
                0x0000034f       0x34 ./Drivers/STM32WBxx_HAL_Driver/Src/stm32wbxx_hal_rcc.o
 .ARM.attributes
                0x00000383       0x34 ./Drivers/STM32WBxx_HAL_Driver/Src/stm32wbxx_hal_rcc_ex.o
 .ARM.attributes
                0x000003b7       0x34 ./Drivers/STM32WBxx_HAL_Driver/Src/stm32wbxx_hal_rtc.o
 .ARM.attributes
                0x000003eb       0x34 ./Drivers/STM32WBxx_HAL_Driver/Src/stm32wbxx_hal_rtc_ex.o
 .ARM.attributes
                0x0000041f       0x34 ./Middlewares/ST/STM32_WPAN/ble/core/auto/ble_gap_aci.o
 .ARM.attributes
                0x00000453       0x34 ./Middlewares/ST/STM32_WPAN/ble/core/auto/ble_gatt_aci.o
 .ARM.attributes
                0x00000487       0x34 ./Middlewares/ST/STM32_WPAN/ble/core/auto/ble_hal_aci.o
 .ARM.attributes
                0x000004bb       0x34 ./Middlewares/ST/STM32_WPAN/ble/core/auto/ble_hci_le.o
 .ARM.attributes
                0x000004ef       0x34 ./Middlewares/ST/STM32_WPAN/ble/core/template/osal.o
 .ARM.attributes
                0x00000523       0x34 ./Middlewares/ST/STM32_WPAN/ble/svc/Src/svc_ctl.o
 .ARM.attributes
                0x00000557       0x34 ./Middlewares/ST/STM32_WPAN/interface/patterns/ble_thread/shci/shci.o
 .ARM.attributes
                0x0000058b       0x34 ./Middlewares/ST/STM32_WPAN/interface/patterns/ble_thread/tl/hci_tl.o
 .ARM.attributes
                0x000005bf       0x34 ./Middlewares/ST/STM32_WPAN/interface/patterns/ble_thread/tl/hci_tl_if.o
 .ARM.attributes
                0x000005f3       0x34 ./Middlewares/ST/STM32_WPAN/interface/patterns/ble_thread/tl/shci_tl.o
 .ARM.attributes
                0x00000627       0x34 ./Middlewares/ST/STM32_WPAN/interface/patterns/ble_thread/tl/shci_tl_if.o
 .ARM.attributes
                0x0000065b       0x34 ./Middlewares/ST/STM32_WPAN/interface/patterns/ble_thread/tl/tl_mbox.o
 .ARM.attributes
                0x0000068f       0x34 ./Middlewares/ST/STM32_WPAN/utilities/otp.o
 .ARM.attributes
                0x000006c3       0x34 ./Middlewares/ST/STM32_WPAN/utilities/stm_list.o
 .ARM.attributes
                0x000006f7       0x34 ./STM32_WPAN/App/app_ble.o
 .ARM.attributes
                0x0000072b       0x34 ./STM32_WPAN/App/custom_app.o
 .ARM.attributes
                0x0000075f       0x34 ./STM32_WPAN/App/custom_stm.o
 .ARM.attributes
                0x00000793       0x34 ./STM32_WPAN/Target/hw_ipcc.o
 .ARM.attributes
                0x000007c7       0x34 ./Utilities/lpm/tiny_lpm/stm32_lpm.o
 .ARM.attributes
                0x000007fb       0x34 ./Utilities/sequencer/stm32_seq.o
 .ARM.attributes
                0x0000082f       0x34 /opt/st/stm32cubeide_2.0.0/plugins/com.st.stm32cube.ide.mcu.externaltools.gnu-tools-for-stm32.13.3.rel1.linux64_1.0.100.202509120712/tools/bin/../lib/gcc/arm-none-eabi/13.3.1/../../../../arm-none-eabi/lib/thumb/v7e-m+fp/hard/libc_nano.a(libc_a-memset.o)
 .ARM.attributes
                0x00000863       0x34 /opt/st/stm32cubeide_2.0.0/plugins/com.st.stm32cube.ide.mcu.externaltools.gnu-tools-for-stm32.13.3.rel1.linux64_1.0.100.202509120712/tools/bin/../lib/gcc/arm-none-eabi/13.3.1/../../../../arm-none-eabi/lib/thumb/v7e-m+fp/hard/libc_nano.a(libc_a-init.o)
 .ARM.attributes
                0x00000897       0x34 /opt/st/stm32cubeide_2.0.0/plugins/com.st.stm32cube.ide.mcu.externaltools.gnu-tools-for-stm32.13.3.rel1.linux64_1.0.100.202509120712/tools/bin/../lib/gcc/arm-none-eabi/13.3.1/../../../../arm-none-eabi/lib/thumb/v7e-m+fp/hard/libc_nano.a(libc_a-memcpy-stub.o)
 .ARM.attributes
                0x000008cb       0x17 /opt/st/stm32cubeide_2.0.0/plugins/com.st.stm32cube.ide.mcu.externaltools.gnu-tools-for-stm32.13.3.rel1.linux64_1.0.100.202509120712/tools/bin/../lib/gcc/arm-none-eabi/13.3.1/../../../../arm-none-eabi/lib/thumb/v7e-m+fp/hard/libc_nano.a(libc_a-strlen.o)
 .ARM.attributes
                0x000008e2       0x22 /opt/st/stm32cubeide_2.0.0/plugins/com.st.stm32cube.ide.mcu.externaltools.gnu-tools-for-stm32.13.3.rel1.linux64_1.0.100.202509120712/tools/bin/../lib/gcc/arm-none-eabi/13.3.1/thumb/v7e-m+fp/hard/crtn.o

MAPPING_TABLE   0x20030000       0x28
 *(MAPPING_TABLE)
 MAPPING_TABLE  0x20030000       0x28 ./Middlewares/ST/STM32_WPAN/interface/patterns/ble_thread/tl/tl_mbox.o

MB_MEM1         0x20030028      0x1bb
 *(MB_MEM1)
 MB_MEM1        0x20030028       0xb0 ./Middlewares/ST/STM32_WPAN/interface/patterns/ble_thread/tl/tl_mbox.o
 MB_MEM1        0x200300d8      0x10b ./STM32_WPAN/App/app_ble.o
                0x08007f72                        _siMB_MEM2 = LOADADDR (.MB_MEM2)

.MB_MEM2        0x200301e4      0x883 load address 0x08007f72
                0x200301e4                        _sMB_MEM2 = .
 *(MB_MEM2)
 MB_MEM2        0x200301e4       0x12 ./Core/Src/app_debug.o
 *fill*         0x200301f6        0x2 
 MB_MEM2        0x200301f8      0x85e ./Core/Src/app_entry.o
 *fill*         0x20030a56        0x2 
 MB_MEM2        0x20030a58        0xf ./Middlewares/ST/STM32_WPAN/interface/patterns/ble_thread/tl/tl_mbox.o
                0x20030a67                        _eMB_MEM2 = .
OUTPUT(BLE_YT_LAB_12.elf elf32-littlearm)
LOAD linker stubs
LOAD /opt/st/stm32cubeide_2.0.0/plugins/com.st.stm32cube.ide.mcu.externaltools.gnu-tools-for-stm32.13.3.rel1.linux64_1.0.100.202509120712/tools/bin/../lib/gcc/arm-none-eabi/13.3.1/../../../../arm-none-eabi/lib/thumb/v7e-m+fp/hard/libc.a
LOAD /opt/st/stm32cubeide_2.0.0/plugins/com.st.stm32cube.ide.mcu.externaltools.gnu-tools-for-stm32.13.3.rel1.linux64_1.0.100.202509120712/tools/bin/../lib/gcc/arm-none-eabi/13.3.1/../../../../arm-none-eabi/lib/thumb/v7e-m+fp/hard/libm.a
LOAD /opt/st/stm32cubeide_2.0.0/plugins/com.st.stm32cube.ide.mcu.externaltools.gnu-tools-for-stm32.13.3.rel1.linux64_1.0.100.202509120712/tools/bin/../lib/gcc/arm-none-eabi/13.3.1/thumb/v7e-m+fp/hard/libgcc.a

.debug_info     0x00000000    0x23b12
 .debug_info    0x00000000      0xb5b ./Core/Src/app_debug.o
 .debug_info    0x00000b5b     0x1bcd ./Core/Src/app_entry.o
 .debug_info    0x00002728     0x11a8 ./Core/Src/hw_timerserver.o
 .debug_info    0x000038d0     0x13b0 ./Core/Src/main.o
 .debug_info    0x00004c80      0xdea ./Core/Src/stm32wbxx_hal_msp.o
 .debug_info    0x00005a6a      0x1b6 ./Core/Src/stm32wbxx_it.o
 .debug_info    0x00005c20      0x703 ./Core/Src/system_stm32wbxx.o
 .debug_info    0x00006323       0x30 ./Core/Startup/startup_stm32wb5mmghx.o
 .debug_info    0x00006353     0x12ae ./Drivers/STM32WBxx_HAL_Driver/Src/stm32wbxx_hal.o
 .debug_info    0x00007601      0xccd ./Drivers/STM32WBxx_HAL_Driver/Src/stm32wbxx_hal_cortex.o
 .debug_info    0x000082ce      0x6b9 ./Drivers/STM32WBxx_HAL_Driver/Src/stm32wbxx_hal_gpio.o
 .debug_info    0x00008987      0x3bc ./Drivers/STM32WBxx_HAL_Driver/Src/stm32wbxx_hal_hsem.o
 .debug_info    0x00008d43      0x7a3 ./Drivers/STM32WBxx_HAL_Driver/Src/stm32wbxx_hal_ipcc.o
 .debug_info    0x000094e6      0x904 ./Drivers/STM32WBxx_HAL_Driver/Src/stm32wbxx_hal_pwr.o
 .debug_info    0x00009dea     0x105d ./Drivers/STM32WBxx_HAL_Driver/Src/stm32wbxx_hal_pwr_ex.o
 .debug_info    0x0000ae47     0x14d6 ./Drivers/STM32WBxx_HAL_Driver/Src/stm32wbxx_hal_rcc.o
 .debug_info    0x0000c31d     0x1c45 ./Drivers/STM32WBxx_HAL_Driver/Src/stm32wbxx_hal_rcc_ex.o
 .debug_info    0x0000df62      0xd37 ./Drivers/STM32WBxx_HAL_Driver/Src/stm32wbxx_hal_rtc.o
 .debug_info    0x0000ec99     0x1014 ./Drivers/STM32WBxx_HAL_Driver/Src/stm32wbxx_hal_rtc_ex.o
 .debug_info    0x0000fcad     0x36f0 ./Middlewares/ST/STM32_WPAN/ble/core/auto/ble_gap_aci.o
 .debug_info    0x0001339d     0x2eec ./Middlewares/ST/STM32_WPAN/ble/core/auto/ble_gatt_aci.o
 .debug_info    0x00016289      0xd87 ./Middlewares/ST/STM32_WPAN/ble/core/auto/ble_hal_aci.o
 .debug_info    0x00017010     0x3ef7 ./Middlewares/ST/STM32_WPAN/ble/core/auto/ble_hci_le.o
 .debug_info    0x0001af07      0x1b8 ./Middlewares/ST/STM32_WPAN/ble/core/template/osal.o
 .debug_info    0x0001b0bf      0x482 ./Middlewares/ST/STM32_WPAN/ble/svc/Src/svc_ctl.o
 .debug_info    0x0001b541     0x1a5e ./Middlewares/ST/STM32_WPAN/interface/patterns/ble_thread/shci/shci.o
 .debug_info    0x0001cf9f      0x972 ./Middlewares/ST/STM32_WPAN/interface/patterns/ble_thread/tl/hci_tl.o
 .debug_info    0x0001d911      0x1e0 ./Middlewares/ST/STM32_WPAN/interface/patterns/ble_thread/tl/hci_tl_if.o
 .debug_info    0x0001daf1      0x7d8 ./Middlewares/ST/STM32_WPAN/interface/patterns/ble_thread/tl/shci_tl.o
 .debug_info    0x0001e2c9      0x1e0 ./Middlewares/ST/STM32_WPAN/interface/patterns/ble_thread/tl/shci_tl_if.o
 .debug_info    0x0001e4a9      0xdc4 ./Middlewares/ST/STM32_WPAN/interface/patterns/ble_thread/tl/tl_mbox.o
 .debug_info    0x0001f26d       0xd5 ./Middlewares/ST/STM32_WPAN/utilities/otp.o
 .debug_info    0x0001f342      0x6d5 ./Middlewares/ST/STM32_WPAN/utilities/stm_list.o
 .debug_info    0x0001fa17     0x13cd ./STM32_WPAN/App/app_ble.o
 .debug_info    0x00020de4      0x4dc ./STM32_WPAN/App/custom_app.o
 .debug_info    0x000212c0      0x879 ./STM32_WPAN/App/custom_stm.o
 .debug_info    0x00021b39     0x10bc ./STM32_WPAN/Target/hw_ipcc.o
 .debug_info    0x00022bf5      0x3da ./Utilities/lpm/tiny_lpm/stm32_lpm.o
 .debug_info    0x00022fcf      0xb43 ./Utilities/sequencer/stm32_seq.o

.debug_abbrev   0x00000000     0x5392
 .debug_abbrev  0x00000000      0x255 ./Core/Src/app_debug.o
 .debug_abbrev  0x00000255      0x3ac ./Core/Src/app_entry.o
 .debug_abbrev  0x00000601      0x33a ./Core/Src/hw_timerserver.o
 .debug_abbrev  0x0000093b      0x300 ./Core/Src/main.o
 .debug_abbrev  0x00000c3b      0x221 ./Core/Src/stm32wbxx_hal_msp.o
 .debug_abbrev  0x00000e5c       0xcc ./Core/Src/stm32wbxx_it.o
 .debug_abbrev  0x00000f28      0x13b ./Core/Src/system_stm32wbxx.o
 .debug_abbrev  0x00001063       0x24 ./Core/Startup/startup_stm32wb5mmghx.o
 .debug_abbrev  0x00001087      0x367 ./Drivers/STM32WBxx_HAL_Driver/Src/stm32wbxx_hal.o
 .debug_abbrev  0x000013ee      0x319 ./Drivers/STM32WBxx_HAL_Driver/Src/stm32wbxx_hal_cortex.o
 .debug_abbrev  0x00001707      0x1ec ./Drivers/STM32WBxx_HAL_Driver/Src/stm32wbxx_hal_gpio.o
 .debug_abbrev  0x000018f3      0x1e4 ./Drivers/STM32WBxx_HAL_Driver/Src/stm32wbxx_hal_hsem.o
 .debug_abbrev  0x00001ad7      0x252 ./Drivers/STM32WBxx_HAL_Driver/Src/stm32wbxx_hal_ipcc.o
 .debug_abbrev  0x00001d29      0x205 ./Drivers/STM32WBxx_HAL_Driver/Src/stm32wbxx_hal_pwr.o
 .debug_abbrev  0x00001f2e      0x31c ./Drivers/STM32WBxx_HAL_Driver/Src/stm32wbxx_hal_pwr_ex.o
 .debug_abbrev  0x0000224a      0x31b ./Drivers/STM32WBxx_HAL_Driver/Src/stm32wbxx_hal_rcc.o
 .debug_abbrev  0x00002565      0x35a ./Drivers/STM32WBxx_HAL_Driver/Src/stm32wbxx_hal_rcc_ex.o
 .debug_abbrev  0x000028bf      0x1f0 ./Drivers/STM32WBxx_HAL_Driver/Src/stm32wbxx_hal_rtc.o
 .debug_abbrev  0x00002aaf      0x237 ./Drivers/STM32WBxx_HAL_Driver/Src/stm32wbxx_hal_rtc_ex.o
 .debug_abbrev  0x00002ce6      0x1c7 ./Middlewares/ST/STM32_WPAN/ble/core/auto/ble_gap_aci.o
 .debug_abbrev  0x00002ead      0x205 ./Middlewares/ST/STM32_WPAN/ble/core/auto/ble_gatt_aci.o
 .debug_abbrev  0x000030b2      0x1c3 ./Middlewares/ST/STM32_WPAN/ble/core/auto/ble_hal_aci.o
 .debug_abbrev  0x00003275      0x1d1 ./Middlewares/ST/STM32_WPAN/ble/core/auto/ble_hci_le.o
 .debug_abbrev  0x00003446       0xcc ./Middlewares/ST/STM32_WPAN/ble/core/template/osal.o
 .debug_abbrev  0x00003512      0x1c5 ./Middlewares/ST/STM32_WPAN/ble/svc/Src/svc_ctl.o
 .debug_abbrev  0x000036d7      0x1d7 ./Middlewares/ST/STM32_WPAN/interface/patterns/ble_thread/shci/shci.o
 .debug_abbrev  0x000038ae      0x262 ./Middlewares/ST/STM32_WPAN/interface/patterns/ble_thread/tl/hci_tl.o
 .debug_abbrev  0x00003b10       0xce ./Middlewares/ST/STM32_WPAN/interface/patterns/ble_thread/tl/hci_tl_if.o
 .debug_abbrev  0x00003bde      0x202 ./Middlewares/ST/STM32_WPAN/interface/patterns/ble_thread/tl/shci_tl.o
 .debug_abbrev  0x00003de0       0xce ./Middlewares/ST/STM32_WPAN/interface/patterns/ble_thread/tl/shci_tl_if.o
 .debug_abbrev  0x00003eae      0x27a ./Middlewares/ST/STM32_WPAN/interface/patterns/ble_thread/tl/tl_mbox.o
 .debug_abbrev  0x00004128       0x83 ./Middlewares/ST/STM32_WPAN/utilities/otp.o
 .debug_abbrev  0x000041ab      0x189 ./Middlewares/ST/STM32_WPAN/utilities/stm_list.o
 .debug_abbrev  0x00004334      0x37a ./STM32_WPAN/App/app_ble.o
 .debug_abbrev  0x000046ae      0x1f4 ./STM32_WPAN/App/custom_app.o
 .debug_abbrev  0x000048a2      0x2d6 ./STM32_WPAN/App/custom_stm.o
 .debug_abbrev  0x00004b78      0x385 ./STM32_WPAN/Target/hw_ipcc.o
 .debug_abbrev  0x00004efd      0x1f4 ./Utilities/lpm/tiny_lpm/stm32_lpm.o
 .debug_abbrev  0x000050f1      0x2a1 ./Utilities/sequencer/stm32_seq.o

.debug_aranges  0x00000000     0x22a8
 .debug_aranges
                0x00000000       0x50 ./Core/Src/app_debug.o
 .debug_aranges
                0x00000050      0x108 ./Core/Src/app_entry.o
 .debug_aranges
                0x00000158       0xa8 ./Core/Src/hw_timerserver.o
 .debug_aranges
                0x00000200       0x68 ./Core/Src/main.o
 .debug_aranges
                0x00000268       0x70 ./Core/Src/stm32wbxx_hal_msp.o
 .debug_aranges
                0x000002d8       0x88 ./Core/Src/stm32wbxx_it.o
 .debug_aranges
                0x00000360       0x28 ./Core/Src/system_stm32wbxx.o
 .debug_aranges
                0x00000388       0x30 ./Core/Startup/startup_stm32wb5mmghx.o
 .debug_aranges
                0x000003b8      0x280 ./Drivers/STM32WBxx_HAL_Driver/Src/stm32wbxx_hal.o
 .debug_aranges
                0x00000638      0x118 ./Drivers/STM32WBxx_HAL_Driver/Src/stm32wbxx_hal_cortex.o
 .debug_aranges
                0x00000750       0x60 ./Drivers/STM32WBxx_HAL_Driver/Src/stm32wbxx_hal_gpio.o
 .debug_aranges
                0x000007b0       0x70 ./Drivers/STM32WBxx_HAL_Driver/Src/stm32wbxx_hal_hsem.o
 .debug_aranges
                0x00000820       0xa0 ./Drivers/STM32WBxx_HAL_Driver/Src/stm32wbxx_hal_ipcc.o
 .debug_aranges
                0x000008c0       0xd0 ./Drivers/STM32WBxx_HAL_Driver/Src/stm32wbxx_hal_pwr.o
 .debug_aranges
                0x00000990      0x288 ./Drivers/STM32WBxx_HAL_Driver/Src/stm32wbxx_hal_pwr_ex.o
 .debug_aranges
                0x00000c18      0x270 ./Drivers/STM32WBxx_HAL_Driver/Src/stm32wbxx_hal_rcc.o
 .debug_aranges
                0x00000e88      0x390 ./Drivers/STM32WBxx_HAL_Driver/Src/stm32wbxx_hal_rcc_ex.o
 .debug_aranges
                0x00001218       0xe8 ./Drivers/STM32WBxx_HAL_Driver/Src/stm32wbxx_hal_rtc.o
 .debug_aranges
                0x00001300      0x140 ./Drivers/STM32WBxx_HAL_Driver/Src/stm32wbxx_hal_rtc_ex.o
 .debug_aranges
                0x00001440      0x1c0 ./Middlewares/ST/STM32_WPAN/ble/core/auto/ble_gap_aci.o
 .debug_aranges
                0x00001600      0x180 ./Middlewares/ST/STM32_WPAN/ble/core/auto/ble_gatt_aci.o
 .debug_aranges
                0x00001780       0xa8 ./Middlewares/ST/STM32_WPAN/ble/core/auto/ble_hal_aci.o
 .debug_aranges
                0x00001828      0x298 ./Middlewares/ST/STM32_WPAN/ble/core/auto/ble_hci_le.o
 .debug_aranges
                0x00001ac0       0x30 ./Middlewares/ST/STM32_WPAN/ble/core/template/osal.o
 .debug_aranges
                0x00001af0       0xd0 ./Middlewares/ST/STM32_WPAN/ble/svc/Src/svc_ctl.o
 .debug_aranges
                0x00001bc0      0x120 ./Middlewares/ST/STM32_WPAN/interface/patterns/ble_thread/shci/shci.o
 .debug_aranges
                0x00001ce0       0x68 ./Middlewares/ST/STM32_WPAN/interface/patterns/ble_thread/tl/hci_tl.o
 .debug_aranges
                0x00001d48       0x20 ./Middlewares/ST/STM32_WPAN/interface/patterns/ble_thread/tl/hci_tl_if.o
 .debug_aranges
                0x00001d68       0x68 ./Middlewares/ST/STM32_WPAN/interface/patterns/ble_thread/tl/shci_tl.o
 .debug_aranges
                0x00001dd0       0x20 ./Middlewares/ST/STM32_WPAN/interface/patterns/ble_thread/tl/shci_tl_if.o
 .debug_aranges