../../../../../../../Drivers/STM32WBxx_HAL_Driver/Inc/stm32wbxx_ll_bus.h:939:22:LL_APB1_GRP1_EnableClock	1
/home/emilio/Documenti/universita/tesi/STMCubeIDE/STM32Cube_FW_WB_V1.24.0/Projects/P-NUCLEO-WB55.Nucleo/Examples/HAL/HAL_TimeBase/Src/main.c:69:5:main	1
/home/emilio/Documenti/universita/tesi/STMCubeIDE/STM32Cube_FW_WB_V1.24.0/Projects/P-NUCLEO-WB55.Nucleo/Examples/HAL/HAL_TimeBase/Src/main.c:120:6:SystemClock_Config	3
/home/emilio/Documenti/universita/tesi/STMCubeIDE/STM32Cube_FW_WB_V1.24.0/Projects/P-NUCLEO-WB55.Nucleo/Examples/HAL/HAL_TimeBase/Src/main.c:177:19:HAL_InitTick	4
/home/emilio/Documenti/universita/tesi/STMCubeIDE/STM32Cube_FW_WB_V1.24.0/Projects/P-NUCLEO-WB55.Nucleo/Examples/HAL/HAL_TimeBase/Src/main.c:249:6:HAL_SuspendTick	1
/home/emilio/Documenti/universita/tesi/STMCubeIDE/STM32Cube_FW_WB_V1.24.0/Projects/P-NUCLEO-WB55.Nucleo/Examples/HAL/HAL_TimeBase/Src/main.c:261:6:HAL_ResumeTick	1
/home/emilio/Documenti/universita/tesi/STMCubeIDE/STM32Cube_FW_WB_V1.24.0/Projects/P-NUCLEO-WB55.Nucleo/Examples/HAL/HAL_TimeBase/Src/main.c:275:6:HAL_TIM_PeriodElapsedCallback	1
/home/emilio/Documenti/universita/tesi/STMCubeIDE/STM32Cube_FW_WB_V1.24.0/Projects/P-NUCLEO-WB55.Nucleo/Examples/HAL/HAL_TimeBase/Src/main.c:285:6:HAL_GPIO_EXTI_Callback	3
/home/emilio/Documenti/universita/tesi/STMCubeIDE/STM32Cube_FW_WB_V1.24.0/Projects/P-NUCLEO-WB55.Nucleo/Examples/HAL/HAL_TimeBase/Src/main.c:314:6:Error_Handler	1
